Archive member included to satisfy reference by file (symbol)

/opt/intelFPGA/21.1/nios2eds/bin/gnu/H-x86_64-pc-linux-gnu/bin/../lib/gcc/nios2-elf/10.3.1/mno-hw-mul/libgcc.a(lib2-divmod.o)
                              obj/default/main.o (__modsi3)
/opt/intelFPGA/21.1/nios2eds/bin/gnu/H-x86_64-pc-linux-gnu/bin/../lib/gcc/nios2-elf/10.3.1/mno-hw-mul/libgcc.a(lib2-mul.o)
                              obj/default/main.o (__mulsi3)
/opt/intelFPGA/21.1/nios2eds/bin/gnu/H-x86_64-pc-linux-gnu/bin/../lib/gcc/nios2-elf/10.3.1/../../../../../H-x86_64-pc-linux-gnu/nios2-elf/lib/mno-hw-mul/libsmallc.a(lib_a-memmove.o)
                              obj/default/snake.o (memmove)
/opt/intelFPGA/21.1/nios2eds/bin/gnu/H-x86_64-pc-linux-gnu/bin/../lib/gcc/nios2-elf/10.3.1/../../../../../H-x86_64-pc-linux-gnu/nios2-elf/lib/mno-hw-mul/libsmallc.a(lib_a-memset.o)
                              obj/default/snake.o (memset)
/opt/intelFPGA/21.1/nios2eds/bin/gnu/H-x86_64-pc-linux-gnu/bin/../lib/gcc/nios2-elf/10.3.1/../../../../../H-x86_64-pc-linux-gnu/nios2-elf/lib/mno-hw-mul/libsmallc.a(lib_a-printf.o)
                              obj/default/main.o (printf)
/opt/intelFPGA/21.1/nios2eds/bin/gnu/H-x86_64-pc-linux-gnu/bin/../lib/gcc/nios2-elf/10.3.1/../../../../../H-x86_64-pc-linux-gnu/nios2-elf/lib/mno-hw-mul/libsmallc.a(lib_a-puts.o)
                              obj/default/main.o (puts)
/opt/intelFPGA/21.1/nios2eds/bin/gnu/H-x86_64-pc-linux-gnu/bin/../lib/gcc/nios2-elf/10.3.1/../../../../../H-x86_64-pc-linux-gnu/nios2-elf/lib/mno-hw-mul/libsmallc.a(lib_a-rand.o)
                              obj/default/main.o (srand)
/opt/intelFPGA/21.1/nios2eds/bin/gnu/H-x86_64-pc-linux-gnu/bin/../lib/gcc/nios2-elf/10.3.1/../../../../../H-x86_64-pc-linux-gnu/nios2-elf/lib/mno-hw-mul/libsmallc.a(lib_a-strlen.o)
                              /opt/intelFPGA/21.1/nios2eds/bin/gnu/H-x86_64-pc-linux-gnu/bin/../lib/gcc/nios2-elf/10.3.1/../../../../../H-x86_64-pc-linux-gnu/nios2-elf/lib/mno-hw-mul/libsmallc.a(lib_a-puts.o) (strlen)
/opt/intelFPGA/21.1/nios2eds/bin/gnu/H-x86_64-pc-linux-gnu/bin/../lib/gcc/nios2-elf/10.3.1/../../../../../H-x86_64-pc-linux-gnu/nios2-elf/lib/mno-hw-mul/libsmallc.a(lib_a-vfprintf.o)
                              /opt/intelFPGA/21.1/nios2eds/bin/gnu/H-x86_64-pc-linux-gnu/bin/../lib/gcc/nios2-elf/10.3.1/../../../../../H-x86_64-pc-linux-gnu/nios2-elf/lib/mno-hw-mul/libsmallc.a(lib_a-printf.o) (___vfprintf_internal_r)
/opt/intelFPGA/21.1/nios2eds/bin/gnu/H-x86_64-pc-linux-gnu/bin/../lib/gcc/nios2-elf/10.3.1/../../../../../H-x86_64-pc-linux-gnu/nios2-elf/lib/mno-hw-mul/libsmallc.a(lib_a-fvwrite_small_dev.o)
                              /opt/intelFPGA/21.1/nios2eds/bin/gnu/H-x86_64-pc-linux-gnu/bin/../lib/gcc/nios2-elf/10.3.1/../../../../../H-x86_64-pc-linux-gnu/nios2-elf/lib/mno-hw-mul/libsmallc.a(lib_a-printf.o) (__sfvwrite_small_dev)
/opt/intelFPGA/21.1/nios2eds/bin/gnu/H-x86_64-pc-linux-gnu/bin/../lib/gcc/nios2-elf/10.3.1/../../../../../H-x86_64-pc-linux-gnu/nios2-elf/lib/mno-hw-mul/libsmallc.a(lib_a-impure.o)
                              /opt/intelFPGA/21.1/nios2eds/bin/gnu/H-x86_64-pc-linux-gnu/bin/../lib/gcc/nios2-elf/10.3.1/../../../../../H-x86_64-pc-linux-gnu/nios2-elf/lib/mno-hw-mul/libsmallc.a(lib_a-printf.o) (_impure_ptr)
/opt/intelFPGA/21.1/nios2eds/bin/gnu/H-x86_64-pc-linux-gnu/bin/../lib/gcc/nios2-elf/10.3.1/../../../../../H-x86_64-pc-linux-gnu/nios2-elf/lib/mno-hw-mul/libsmallc.a(lib_a-writer.o)
                              /opt/intelFPGA/21.1/nios2eds/bin/gnu/H-x86_64-pc-linux-gnu/bin/../lib/gcc/nios2-elf/10.3.1/../../../../../H-x86_64-pc-linux-gnu/nios2-elf/lib/mno-hw-mul/libsmallc.a(lib_a-fvwrite_small_dev.o) (_write_r)
/opt/intelFPGA/21.1/nios2eds/bin/gnu/H-x86_64-pc-linux-gnu/bin/../lib/gcc/nios2-elf/10.3.1/../../../../../H-x86_64-pc-linux-gnu/nios2-elf/lib/mno-hw-mul/libsmallc.a(lib_a-int_errno.o)
                              /opt/intelFPGA/21.1/nios2eds/bin/gnu/H-x86_64-pc-linux-gnu/bin/../lib/gcc/nios2-elf/10.3.1/../../../../../H-x86_64-pc-linux-gnu/nios2-elf/lib/mno-hw-mul/libsmallc.a(lib_a-writer.o) (errno)
/opt/intelFPGA/21.1/nios2eds/bin/gnu/H-x86_64-pc-linux-gnu/bin/../lib/gcc/nios2-elf/10.3.1/mno-hw-mul/libgcc.a(_muldi3.o)
                              /opt/intelFPGA/21.1/nios2eds/bin/gnu/H-x86_64-pc-linux-gnu/bin/../lib/gcc/nios2-elf/10.3.1/../../../../../H-x86_64-pc-linux-gnu/nios2-elf/lib/mno-hw-mul/libsmallc.a(lib_a-rand.o) (__muldi3)
../NiosDisplay_Bsp//libhal_bsp.a(alt_iic.o)
                              obj/default/main.o (alt_ic_isr_register)
../NiosDisplay_Bsp//libhal_bsp.a(alt_iic_isr_register.o)
                              ../NiosDisplay_Bsp//libhal_bsp.a(alt_iic.o) (alt_iic_isr_register)
../NiosDisplay_Bsp//libhal_bsp.a(alt_irq_entry.o)
                              ../NiosDisplay_Bsp//libhal_bsp.a(alt_iic_isr_register.o) (alt_irq_entry)
../NiosDisplay_Bsp//libhal_bsp.a(alt_irq_handler.o)
                              ../NiosDisplay_Bsp//libhal_bsp.a(alt_iic_isr_register.o) (alt_irq)
../NiosDisplay_Bsp//libhal_bsp.a(alt_irq_vars.o)
                              ../NiosDisplay_Bsp//libhal_bsp.a(alt_iic.o) (alt_irq_active)
../NiosDisplay_Bsp//libhal_bsp.a(alt_load.o)
                              ../NiosDisplay_Bsp//obj/HAL/src/crt0.o (alt_load)
../NiosDisplay_Bsp//libhal_bsp.a(alt_main.o)
                              ../NiosDisplay_Bsp//obj/HAL/src/crt0.o (alt_main)
../NiosDisplay_Bsp//libhal_bsp.a(alt_usleep.o)
                              obj/default/main.o (usleep)
../NiosDisplay_Bsp//libhal_bsp.a(alt_write.o)
                              /opt/intelFPGA/21.1/nios2eds/bin/gnu/H-x86_64-pc-linux-gnu/bin/../lib/gcc/nios2-elf/10.3.1/../../../../../H-x86_64-pc-linux-gnu/nios2-elf/lib/mno-hw-mul/libsmallc.a(lib_a-writer.o) (write)
../NiosDisplay_Bsp//libhal_bsp.a(alt_sys_init.o)
                              ../NiosDisplay_Bsp//libhal_bsp.a(alt_write.o) (jtag)
../NiosDisplay_Bsp//libhal_bsp.a(altera_avalon_jtag_uart_write.o)
                              ../NiosDisplay_Bsp//libhal_bsp.a(alt_write.o) (altera_avalon_jtag_uart_write)
../NiosDisplay_Bsp//libhal_bsp.a(altera_avalon_timer_sc.o)
                              ../NiosDisplay_Bsp//libhal_bsp.a(alt_sys_init.o) (alt_avalon_timer_sc_init)
../NiosDisplay_Bsp//libhal_bsp.a(alt_busy_sleep.o)
                              ../NiosDisplay_Bsp//libhal_bsp.a(alt_usleep.o) (alt_busy_sleep)
../NiosDisplay_Bsp//libhal_bsp.a(alt_dcache_flush_all.o)
                              ../NiosDisplay_Bsp//libhal_bsp.a(alt_load.o) (alt_dcache_flush_all)
../NiosDisplay_Bsp//libhal_bsp.a(alt_errno.o)
                              ../NiosDisplay_Bsp//libhal_bsp.a(alt_write.o) (alt_errno)
../NiosDisplay_Bsp//libhal_bsp.a(alt_exception_entry.o)
                              ../NiosDisplay_Bsp//libhal_bsp.a(alt_irq_entry.o) (alt_exception)
../NiosDisplay_Bsp//libhal_bsp.a(alt_icache_flush_all.o)
                              ../NiosDisplay_Bsp//libhal_bsp.a(alt_load.o) (alt_icache_flush_all)
../NiosDisplay_Bsp//libhal_bsp.a(alt_tick.o)
                              ../NiosDisplay_Bsp//libhal_bsp.a(altera_avalon_timer_sc.o) (_alt_tick_rate)
../NiosDisplay_Bsp//libhal_bsp.a(altera_nios2_gen2_irq.o)
                              ../NiosDisplay_Bsp//libhal_bsp.a(alt_sys_init.o) (altera_nios2_gen2_irq_init)

Memory Configuration

Name             Origin             Length             Attributes
frame_buffer     0x0000000000000000 0x0000000000044e20
reset            0x0000000000090000 0x0000000000000020
memory           0x0000000000090020 0x000000000000ffe0
*default*        0x0000000000000000 0xffffffffffffffff

Linker script and memory map

LOAD ../NiosDisplay_Bsp//obj/HAL/src/crt0.o
LOAD obj/default/main.o
LOAD obj/default/snake.o
LOAD obj/default/types.o
LOAD /opt/intelFPGA/21.1/nios2eds/bin/gnu/H-x86_64-pc-linux-gnu/bin/../lib/gcc/nios2-elf/10.3.1/../../../../../H-x86_64-pc-linux-gnu/nios2-elf/lib/mno-hw-mul/libstdc++.a
LOAD /opt/intelFPGA/21.1/nios2eds/bin/gnu/H-x86_64-pc-linux-gnu/bin/../lib/gcc/nios2-elf/10.3.1/../../../../../H-x86_64-pc-linux-gnu/nios2-elf/lib/mno-hw-mul/libm.a
LOAD /opt/intelFPGA/21.1/nios2eds/bin/gnu/H-x86_64-pc-linux-gnu/bin/../lib/gcc/nios2-elf/10.3.1/mno-hw-mul/libgcc.a
START GROUP
LOAD /opt/intelFPGA/21.1/nios2eds/bin/gnu/H-x86_64-pc-linux-gnu/bin/../lib/gcc/nios2-elf/10.3.1/../../../../../H-x86_64-pc-linux-gnu/nios2-elf/lib/mno-hw-mul/libsmallc.a
LOAD /opt/intelFPGA/21.1/nios2eds/bin/gnu/H-x86_64-pc-linux-gnu/bin/../lib/gcc/nios2-elf/10.3.1/mno-hw-mul/libgcc.a
LOAD ../NiosDisplay_Bsp//libhal_bsp.a
LOAD /opt/intelFPGA/21.1/nios2eds/bin/gnu/H-x86_64-pc-linux-gnu/bin/../lib/gcc/nios2-elf/10.3.1/../../../../../H-x86_64-pc-linux-gnu/nios2-elf/lib/mno-hw-mul/libm.a
END GROUP
LOAD /opt/intelFPGA/21.1/nios2eds/bin/gnu/H-x86_64-pc-linux-gnu/bin/../lib/gcc/nios2-elf/10.3.1/mno-hw-mul/libgcc.a
                0x0000000000000000                __alt_mem_frame_buffer = 0x0
                0x0000000000090000                __alt_mem_memory = 0x90000

.entry          0x0000000000090000        0x0
 *(.entry)
 .entry         0x0000000000090000        0x0 ../NiosDisplay_Bsp//obj/HAL/src/crt0.o
                0x0000000000090000                __reset
                0x0000000000090000                _exit

.exceptions     0x0000000000090020      0x194
                0x0000000000090020                PROVIDE (__ram_exceptions_start = ABSOLUTE (.))
                0x0000000000090020                . = ALIGN (0x20)
 *(.irq)
 *(.exceptions.entry.label)
 .exceptions.entry.label
                0x0000000000090020        0x0 ../NiosDisplay_Bsp//libhal_bsp.a(alt_irq_entry.o)
                0x0000000000090020                alt_irq_entry
 .exceptions.entry.label
                0x0000000000090020        0x0 ../NiosDisplay_Bsp//libhal_bsp.a(alt_exception_entry.o)
                0x0000000000090020                alt_exception
 *(.exceptions.entry.user)
 *(.exceptions.entry.ecc_fatal)
 *(.exceptions.entry)
 .exceptions.entry
                0x0000000000090020       0x54 ../NiosDisplay_Bsp//libhal_bsp.a(alt_exception_entry.o)
 *(.exceptions.irqtest.user)
 *(.exceptions.irqtest)
 .exceptions.irqtest
                0x0000000000090074       0x10 ../NiosDisplay_Bsp//libhal_bsp.a(alt_irq_entry.o)
 *(.exceptions.irqhandler.user)
 *(.exceptions.irqhandler)
 .exceptions.irqhandler
                0x0000000000090084        0x4 ../NiosDisplay_Bsp//libhal_bsp.a(alt_irq_entry.o)
 *(.exceptions.irqreturn.user)
 *(.exceptions.irqreturn)
 .exceptions.irqreturn
                0x0000000000090088        0x4 ../NiosDisplay_Bsp//libhal_bsp.a(alt_irq_entry.o)
 *(.exceptions.notirq.label)
 .exceptions.notirq.label
                0x000000000009008c        0x0 ../NiosDisplay_Bsp//libhal_bsp.a(alt_irq_entry.o)
 *(.exceptions.notirq.user)
 *(.exceptions.notirq)
 .exceptions.notirq
                0x000000000009008c        0x8 ../NiosDisplay_Bsp//libhal_bsp.a(alt_exception_entry.o)
 *(.exceptions.soft.user)
 *(.exceptions.soft)
 *(.exceptions.unknown.user)
 *(.exceptions.unknown)
 .exceptions.unknown
                0x0000000000090094        0x4 ../NiosDisplay_Bsp//libhal_bsp.a(alt_exception_entry.o)
 *(.exceptions.exit.label)
 .exceptions.exit.label
                0x0000000000090098        0x0 ../NiosDisplay_Bsp//libhal_bsp.a(alt_irq_entry.o)
 .exceptions.exit.label
                0x0000000000090098        0x0 ../NiosDisplay_Bsp//libhal_bsp.a(alt_exception_entry.o)
 *(.exceptions.exit.user)
 *(.exceptions.exit)
 .exceptions.exit
                0x0000000000090098       0x54 ../NiosDisplay_Bsp//libhal_bsp.a(alt_exception_entry.o)
 *(.exceptions)
 .exceptions    0x00000000000900ec       0xc8 ../NiosDisplay_Bsp//libhal_bsp.a(alt_irq_handler.o)
                0x00000000000900ec                alt_irq_handler
                0x00000000000901b4                PROVIDE (__ram_exceptions_end = ABSOLUTE (.))
                0x0000000000090020                PROVIDE (__flash_exceptions_start = LOADADDR (.exceptions))

.text           0x00000000000901b4     0x209c
                [!provide]                        PROVIDE (stext = ABSOLUTE (.))
 *(.interp)
 *(.hash)
 *(.dynsym)
 *(.dynstr)
 *(.gnu.version)
 *(.gnu.version_d)
 *(.gnu.version_r)
 *(.rel.init)
 *(.rela.init)
 *(.rel.text .rel.text.* .rel.gnu.linkonce.t.*)
 *(.rela.text .rela.text.* .rela.gnu.linkonce.t.*)
 *(.rel.fini)
 *(.rela.fini)
 *(.rel.rodata .rel.rodata.* .rel.gnu.linkonce.r.*)
 *(.rela.rodata .rela.rodata.* .rela.gnu.linkonce.r.*)
 *(.rel.data .rel.data.* .rel.gnu.linkonce.d.*)
 *(.rela.data .rela.data.* .rela.gnu.linkonce.d.*)
 *(.rel.tdata .rel.tdata.* .rel.gnu.linkonce.td.*)
 *(.rela.tdata .rela.tdata.* .rela.gnu.linkonce.td.*)
 *(.rel.tbss .rel.tbss.* .rel.gnu.linkonce.tb.*)
 *(.rela.tbss .rela.tbss.* .rela.gnu.linkonce.tb.*)
 *(.rel.ctors)
 *(.rela.ctors)
 *(.rel.dtors)
 *(.rela.dtors)
 *(.rel.got)
 *(.rela.got)
 *(.rel.sdata .rel.sdata.* .rel.gnu.linkonce.s.*)
 *(.rela.sdata .rela.sdata.* .rela.gnu.linkonce.s.*)
 *(.rel.sbss .rel.sbss.* .rel.gnu.linkonce.sb.*)
 *(.rela.sbss .rela.sbss.* .rela.gnu.linkonce.sb.*)
 *(.rel.sdata2 .rel.sdata2.* .rel.gnu.linkonce.s2.*)
 *(.rela.sdata2 .rela.sdata2.* .rela.gnu.linkonce.s2.*)
 *(.rel.sbss2 .rel.sbss2.* .rel.gnu.linkonce.sb2.*)
 *(.rela.sbss2 .rela.sbss2.* .rela.gnu.linkonce.sb2.*)
 *(.rel.bss .rel.bss.* .rel.gnu.linkonce.b.*)
 *(.rela.bss .rela.bss.* .rela.gnu.linkonce.b.*)
 *(.rel.plt)
 *(.rela.plt)
 *(.rel.dyn)
 *(.init)
 *(.plt)
 *(.text .stub .text.* .gnu.linkonce.t.*)
 .text          0x00000000000901b4       0x3c ../NiosDisplay_Bsp//obj/HAL/src/crt0.o
                0x00000000000901b4                _start
 .text          0x00000000000901f0      0x25c obj/default/main.o
                0x00000000000901f0                delay
                0x0000000000090230                display_flush
                0x0000000000090258                rnd
                0x000000000009028c                display_score
                0x00000000000902b4                read_direction
                0x0000000000090380                main
 .text          0x000000000009044c      0x72c obj/default/snake.o
                0x000000000009044c                fill_buffer
                0x00000000000904c8                draw_square
                0x00000000000905c4                detect_collision_snake
                0x0000000000090660                move_snake
                0x00000000000907c4                filter_direction
                0x0000000000090864                snake_play
 .text          0x0000000000090b78       0xcc obj/default/types.o
                0x0000000000090b78                point_t_equals
                0x0000000000090bd4                is_between
 .text          0x0000000000090c44      0x1b4 /opt/intelFPGA/21.1/nios2eds/bin/gnu/H-x86_64-pc-linux-gnu/bin/../lib/gcc/nios2-elf/10.3.1/mno-hw-mul/libgcc.a(lib2-divmod.o)
                0x0000000000090c44                __divsi3
                0x0000000000090cc4                __modsi3
                0x0000000000090d38                __udivsi3
                0x0000000000090d9c                __umodsi3
 .text          0x0000000000090df8       0x28 /opt/intelFPGA/21.1/nios2eds/bin/gnu/H-x86_64-pc-linux-gnu/bin/../lib/gcc/nios2-elf/10.3.1/mno-hw-mul/libgcc.a(lib2-mul.o)
                0x0000000000090df8                __mulsi3
 .text          0x0000000000090e20        0x0 /opt/intelFPGA/21.1/nios2eds/bin/gnu/H-x86_64-pc-linux-gnu/bin/../lib/gcc/nios2-elf/10.3.1/../../../../../H-x86_64-pc-linux-gnu/nios2-elf/lib/mno-hw-mul/libsmallc.a(lib_a-memmove.o)
 .text.memmove  0x0000000000090e20       0x60 /opt/intelFPGA/21.1/nios2eds/bin/gnu/H-x86_64-pc-linux-gnu/bin/../lib/gcc/nios2-elf/10.3.1/../../../../../H-x86_64-pc-linux-gnu/nios2-elf/lib/mno-hw-mul/libsmallc.a(lib_a-memmove.o)
                0x0000000000090e20                memmove
 .text          0x0000000000090e80        0x0 /opt/intelFPGA/21.1/nios2eds/bin/gnu/H-x86_64-pc-linux-gnu/bin/../lib/gcc/nios2-elf/10.3.1/../../../../../H-x86_64-pc-linux-gnu/nios2-elf/lib/mno-hw-mul/libsmallc.a(lib_a-memset.o)
 .text.memset   0x0000000000090e80       0x20 /opt/intelFPGA/21.1/nios2eds/bin/gnu/H-x86_64-pc-linux-gnu/bin/../lib/gcc/nios2-elf/10.3.1/../../../../../H-x86_64-pc-linux-gnu/nios2-elf/lib/mno-hw-mul/libsmallc.a(lib_a-memset.o)
                0x0000000000090e80                memset
 .text          0x0000000000090ea0        0x0 /opt/intelFPGA/21.1/nios2eds/bin/gnu/H-x86_64-pc-linux-gnu/bin/../lib/gcc/nios2-elf/10.3.1/../../../../../H-x86_64-pc-linux-gnu/nios2-elf/lib/mno-hw-mul/libsmallc.a(lib_a-printf.o)
 .text._printf_r
                0x0000000000090ea0       0x3c /opt/intelFPGA/21.1/nios2eds/bin/gnu/H-x86_64-pc-linux-gnu/bin/../lib/gcc/nios2-elf/10.3.1/../../../../../H-x86_64-pc-linux-gnu/nios2-elf/lib/mno-hw-mul/libsmallc.a(lib_a-printf.o)
                0x0000000000090ea0                _printf_r
 .text.printf   0x0000000000090edc       0x48 /opt/intelFPGA/21.1/nios2eds/bin/gnu/H-x86_64-pc-linux-gnu/bin/../lib/gcc/nios2-elf/10.3.1/../../../../../H-x86_64-pc-linux-gnu/nios2-elf/lib/mno-hw-mul/libsmallc.a(lib_a-printf.o)
                0x0000000000090edc                printf
 .text          0x0000000000090f24        0x0 /opt/intelFPGA/21.1/nios2eds/bin/gnu/H-x86_64-pc-linux-gnu/bin/../lib/gcc/nios2-elf/10.3.1/../../../../../H-x86_64-pc-linux-gnu/nios2-elf/lib/mno-hw-mul/libsmallc.a(lib_a-puts.o)
 .text._puts_r  0x0000000000090f24       0x80 /opt/intelFPGA/21.1/nios2eds/bin/gnu/H-x86_64-pc-linux-gnu/bin/../lib/gcc/nios2-elf/10.3.1/../../../../../H-x86_64-pc-linux-gnu/nios2-elf/lib/mno-hw-mul/libsmallc.a(lib_a-puts.o)
                0x0000000000090f24                _puts_r
 .text.puts     0x0000000000090fa4       0x10 /opt/intelFPGA/21.1/nios2eds/bin/gnu/H-x86_64-pc-linux-gnu/bin/../lib/gcc/nios2-elf/10.3.1/../../../../../H-x86_64-pc-linux-gnu/nios2-elf/lib/mno-hw-mul/libsmallc.a(lib_a-puts.o)
                0x0000000000090fa4                puts
 .text          0x0000000000090fb4        0x0 /opt/intelFPGA/21.1/nios2eds/bin/gnu/H-x86_64-pc-linux-gnu/bin/../lib/gcc/nios2-elf/10.3.1/../../../../../H-x86_64-pc-linux-gnu/nios2-elf/lib/mno-hw-mul/libsmallc.a(lib_a-rand.o)
 .text.srand    0x0000000000090fb4       0x14 /opt/intelFPGA/21.1/nios2eds/bin/gnu/H-x86_64-pc-linux-gnu/bin/../lib/gcc/nios2-elf/10.3.1/../../../../../H-x86_64-pc-linux-gnu/nios2-elf/lib/mno-hw-mul/libsmallc.a(lib_a-rand.o)
                0x0000000000090fb4                srand
 .text.rand     0x0000000000090fc8       0x60 /opt/intelFPGA/21.1/nios2eds/bin/gnu/H-x86_64-pc-linux-gnu/bin/../lib/gcc/nios2-elf/10.3.1/../../../../../H-x86_64-pc-linux-gnu/nios2-elf/lib/mno-hw-mul/libsmallc.a(lib_a-rand.o)
                0x0000000000090fc8                rand
 .text          0x0000000000091028        0x0 /opt/intelFPGA/21.1/nios2eds/bin/gnu/H-x86_64-pc-linux-gnu/bin/../lib/gcc/nios2-elf/10.3.1/../../../../../H-x86_64-pc-linux-gnu/nios2-elf/lib/mno-hw-mul/libsmallc.a(lib_a-strlen.o)
 .text.strlen   0x0000000000091028       0x1c /opt/intelFPGA/21.1/nios2eds/bin/gnu/H-x86_64-pc-linux-gnu/bin/../lib/gcc/nios2-elf/10.3.1/../../../../../H-x86_64-pc-linux-gnu/nios2-elf/lib/mno-hw-mul/libsmallc.a(lib_a-strlen.o)
                0x0000000000091028                strlen
 .text          0x0000000000091044        0x0 /opt/intelFPGA/21.1/nios2eds/bin/gnu/H-x86_64-pc-linux-gnu/bin/../lib/gcc/nios2-elf/10.3.1/../../../../../H-x86_64-pc-linux-gnu/nios2-elf/lib/mno-hw-mul/libsmallc.a(lib_a-vfprintf.o)
 .text.print_repeat
                0x0000000000091044       0x6c /opt/intelFPGA/21.1/nios2eds/bin/gnu/H-x86_64-pc-linux-gnu/bin/../lib/gcc/nios2-elf/10.3.1/../../../../../H-x86_64-pc-linux-gnu/nios2-elf/lib/mno-hw-mul/libsmallc.a(lib_a-vfprintf.o)
 .text.___vfprintf_internal_r
                0x00000000000910b0      0x50c /opt/intelFPGA/21.1/nios2eds/bin/gnu/H-x86_64-pc-linux-gnu/bin/../lib/gcc/nios2-elf/10.3.1/../../../../../H-x86_64-pc-linux-gnu/nios2-elf/lib/mno-hw-mul/libsmallc.a(lib_a-vfprintf.o)
                0x00000000000910b0                ___vfprintf_internal_r
 .text.__vfprintf_internal
                0x00000000000915bc       0x18 /opt/intelFPGA/21.1/nios2eds/bin/gnu/H-x86_64-pc-linux-gnu/bin/../lib/gcc/nios2-elf/10.3.1/../../../../../H-x86_64-pc-linux-gnu/nios2-elf/lib/mno-hw-mul/libsmallc.a(lib_a-vfprintf.o)
                0x00000000000915bc                __vfprintf_internal
 .text          0x00000000000915d4        0x0 /opt/intelFPGA/21.1/nios2eds/bin/gnu/H-x86_64-pc-linux-gnu/bin/../lib/gcc/nios2-elf/10.3.1/../../../../../H-x86_64-pc-linux-gnu/nios2-elf/lib/mno-hw-mul/libsmallc.a(lib_a-fvwrite_small_dev.o)
 .text.__sfvwrite_small_dev
                0x00000000000915d4       0xa8 /opt/intelFPGA/21.1/nios2eds/bin/gnu/H-x86_64-pc-linux-gnu/bin/../lib/gcc/nios2-elf/10.3.1/../../../../../H-x86_64-pc-linux-gnu/nios2-elf/lib/mno-hw-mul/libsmallc.a(lib_a-fvwrite_small_dev.o)
                0x00000000000915d4                __sfvwrite_small_dev
 .text          0x000000000009167c        0x0 /opt/intelFPGA/21.1/nios2eds/bin/gnu/H-x86_64-pc-linux-gnu/bin/../lib/gcc/nios2-elf/10.3.1/../../../../../H-x86_64-pc-linux-gnu/nios2-elf/lib/mno-hw-mul/libsmallc.a(lib_a-impure.o)
 .text          0x000000000009167c        0x0 /opt/intelFPGA/21.1/nios2eds/bin/gnu/H-x86_64-pc-linux-gnu/bin/../lib/gcc/nios2-elf/10.3.1/../../../../../H-x86_64-pc-linux-gnu/nios2-elf/lib/mno-hw-mul/libsmallc.a(lib_a-writer.o)
 .text._write_r
                0x000000000009167c       0x50 /opt/intelFPGA/21.1/nios2eds/bin/gnu/H-x86_64-pc-linux-gnu/bin/../lib/gcc/nios2-elf/10.3.1/../../../../../H-x86_64-pc-linux-gnu/nios2-elf/lib/mno-hw-mul/libsmallc.a(lib_a-writer.o)
                0x000000000009167c                _write_r
 .text          0x00000000000916cc        0x0 /opt/intelFPGA/21.1/nios2eds/bin/gnu/H-x86_64-pc-linux-gnu/bin/../lib/gcc/nios2-elf/10.3.1/../../../../../H-x86_64-pc-linux-gnu/nios2-elf/lib/mno-hw-mul/libsmallc.a(lib_a-int_errno.o)
 .text          0x00000000000916cc      0x104 /opt/intelFPGA/21.1/nios2eds/bin/gnu/H-x86_64-pc-linux-gnu/bin/../lib/gcc/nios2-elf/10.3.1/mno-hw-mul/libgcc.a(_muldi3.o)
                0x00000000000916cc                __muldi3
 .text          0x00000000000917d0      0x1b0 ../NiosDisplay_Bsp//libhal_bsp.a(alt_iic.o)
                0x00000000000917d0                alt_ic_isr_register
                0x0000000000091820                alt_ic_irq_enable
                0x00000000000918a8                alt_ic_irq_disable
                0x0000000000091934                alt_ic_irq_enabled
 .text          0x0000000000091980       0xe8 ../NiosDisplay_Bsp//libhal_bsp.a(alt_iic_isr_register.o)
                0x0000000000091980                alt_iic_isr_register
 .text          0x0000000000091a68        0x0 ../NiosDisplay_Bsp//libhal_bsp.a(alt_irq_entry.o)
 .text          0x0000000000091a68        0x0 ../NiosDisplay_Bsp//libhal_bsp.a(alt_irq_handler.o)
 .text          0x0000000000091a68        0x0 ../NiosDisplay_Bsp//libhal_bsp.a(alt_irq_vars.o)
 .text          0x0000000000091a68       0xec ../NiosDisplay_Bsp//libhal_bsp.a(alt_load.o)
                0x0000000000091ad0                alt_load
 .text          0x0000000000091b54       0x54 ../NiosDisplay_Bsp//libhal_bsp.a(alt_main.o)
                0x0000000000091b54                alt_main
 .text          0x0000000000091ba8       0x30 ../NiosDisplay_Bsp//libhal_bsp.a(alt_usleep.o)
                0x0000000000091ba8                usleep
 .text          0x0000000000091bd8       0xdc ../NiosDisplay_Bsp//libhal_bsp.a(alt_write.o)
                0x0000000000091c14                write
 .text          0x0000000000091cb4       0x7c ../NiosDisplay_Bsp//libhal_bsp.a(alt_sys_init.o)
                0x0000000000091cb4                alt_irq_init
                0x0000000000091cf0                alt_sys_init
 .text          0x0000000000091d30       0x94 ../NiosDisplay_Bsp//libhal_bsp.a(altera_avalon_jtag_uart_write.o)
                0x0000000000091d30                altera_avalon_jtag_uart_write
 .text          0x0000000000091dc4      0x100 ../NiosDisplay_Bsp//libhal_bsp.a(altera_avalon_timer_sc.o)
                0x0000000000091e40                alt_avalon_timer_sc_init
 .text          0x0000000000091ec4      0x158 ../NiosDisplay_Bsp//libhal_bsp.a(alt_busy_sleep.o)
                0x0000000000091ec4                alt_busy_sleep
 .text          0x000000000009201c       0x20 ../NiosDisplay_Bsp//libhal_bsp.a(alt_dcache_flush_all.o)
                0x000000000009201c                alt_dcache_flush_all
 .text          0x000000000009203c        0x0 ../NiosDisplay_Bsp//libhal_bsp.a(alt_errno.o)
 .text          0x000000000009203c        0x0 ../NiosDisplay_Bsp//libhal_bsp.a(alt_exception_entry.o)
 .text          0x000000000009203c       0x20 ../NiosDisplay_Bsp//libhal_bsp.a(alt_icache_flush_all.o)
                0x000000000009203c                alt_icache_flush_all
 .text          0x000000000009205c      0x1d0 ../NiosDisplay_Bsp//libhal_bsp.a(alt_tick.o)
                0x000000000009205c                alt_alarm_stop
                0x0000000000092100                alt_tick
 .text          0x000000000009222c       0x24 ../NiosDisplay_Bsp//libhal_bsp.a(altera_nios2_gen2_irq.o)
                0x000000000009222c                altera_nios2_gen2_irq_init
 *(.gnu.warning.*)
 *(.fini)
                [!provide]                        PROVIDE (__etext = ABSOLUTE (.))
                [!provide]                        PROVIDE (_etext = ABSOLUTE (.))
                [!provide]                        PROVIDE (etext = ABSOLUTE (.))
 *(.eh_frame_hdr)
                0x0000000000092250                . = ALIGN (0x4)
                [!provide]                        PROVIDE (__preinit_array_start = ABSOLUTE (.))
 *(.preinit_array)
                [!provide]                        PROVIDE (__preinit_array_end = ABSOLUTE (.))
                [!provide]                        PROVIDE (__init_array_start = ABSOLUTE (.))
 *(.init_array)
                [!provide]                        PROVIDE (__init_array_end = ABSOLUTE (.))
                [!provide]                        PROVIDE (__fini_array_start = ABSOLUTE (.))
 *(.fini_array)
                [!provide]                        PROVIDE (__fini_array_end = ABSOLUTE (.))
 *(.eh_frame)
 *(.gcc_except_table .gcc_except_table.*)
 *(.dynamic)
                [!provide]                        PROVIDE (__CTOR_LIST__ = ABSOLUTE (.))
 *(.ctors)
 *(SORT_BY_NAME(.ctors.*))
                [!provide]                        PROVIDE (__CTOR_END__ = ABSOLUTE (.))
                [!provide]                        PROVIDE (__DTOR_LIST__ = ABSOLUTE (.))
 *(.dtors)
 *(SORT_BY_NAME(.dtors.*))
                [!provide]                        PROVIDE (__DTOR_END__ = ABSOLUTE (.))
 *(.jcr)
                0x0000000000092250                . = ALIGN (0x4)

.rodata         0x0000000000092250       0x40
                0x0000000000092250                PROVIDE (__ram_rodata_start = ABSOLUTE (.))
                0x0000000000092250                . = ALIGN (0x4)
 *(.rodata .rodata.* .gnu.linkonce.r.*)
 .rodata        0x0000000000092250        0xc obj/default/main.o
 .rodata        0x000000000009225c       0x2d obj/default/snake.o
 *fill*         0x0000000000092289        0x3 
 .rodata._puts_r.str1.4
                0x000000000009228c        0x2 /opt/intelFPGA/21.1/nios2eds/bin/gnu/H-x86_64-pc-linux-gnu/bin/../lib/gcc/nios2-elf/10.3.1/../../../../../H-x86_64-pc-linux-gnu/nios2-elf/lib/mno-hw-mul/libsmallc.a(lib_a-puts.o)
 *(.rodata1)
                0x0000000000092290                . = ALIGN (0x4)
 *fill*         0x000000000009228e        0x2 
                0x0000000000092290                PROVIDE (__ram_rodata_end = ABSOLUTE (.))
                0x0000000000092250                PROVIDE (__flash_rodata_start = LOADADDR (.rodata))

.rwdata         0x0000000000092290      0x104
                0x0000000000092290                PROVIDE (__ram_rwdata_start = ABSOLUTE (.))
                0x0000000000092290                . = ALIGN (0x4)
 *(.got.plt)
 *(.got)
 *(.data1)
 *(.data .data.* .gnu.linkonce.d.*)
 .data          0x0000000000092290        0x0 ../NiosDisplay_Bsp//obj/HAL/src/crt0.o
 .data          0x0000000000092290        0x0 obj/default/main.o
 .data          0x0000000000092290        0x0 obj/default/snake.o
 .data          0x0000000000092290        0x0 obj/default/types.o
 .data          0x0000000000092290        0x0 /opt/intelFPGA/21.1/nios2eds/bin/gnu/H-x86_64-pc-linux-gnu/bin/../lib/gcc/nios2-elf/10.3.1/mno-hw-mul/libgcc.a(lib2-divmod.o)
 .data          0x0000000000092290        0x0 /opt/intelFPGA/21.1/nios2eds/bin/gnu/H-x86_64-pc-linux-gnu/bin/../lib/gcc/nios2-elf/10.3.1/mno-hw-mul/libgcc.a(lib2-mul.o)
 .data          0x0000000000092290        0x0 /opt/intelFPGA/21.1/nios2eds/bin/gnu/H-x86_64-pc-linux-gnu/bin/../lib/gcc/nios2-elf/10.3.1/../../../../../H-x86_64-pc-linux-gnu/nios2-elf/lib/mno-hw-mul/libsmallc.a(lib_a-memmove.o)
 .data          0x0000000000092290        0x0 /opt/intelFPGA/21.1/nios2eds/bin/gnu/H-x86_64-pc-linux-gnu/bin/../lib/gcc/nios2-elf/10.3.1/../../../../../H-x86_64-pc-linux-gnu/nios2-elf/lib/mno-hw-mul/libsmallc.a(lib_a-memset.o)
 .data          0x0000000000092290        0x0 /opt/intelFPGA/21.1/nios2eds/bin/gnu/H-x86_64-pc-linux-gnu/bin/../lib/gcc/nios2-elf/10.3.1/../../../../../H-x86_64-pc-linux-gnu/nios2-elf/lib/mno-hw-mul/libsmallc.a(lib_a-printf.o)
 .data          0x0000000000092290        0x0 /opt/intelFPGA/21.1/nios2eds/bin/gnu/H-x86_64-pc-linux-gnu/bin/../lib/gcc/nios2-elf/10.3.1/../../../../../H-x86_64-pc-linux-gnu/nios2-elf/lib/mno-hw-mul/libsmallc.a(lib_a-puts.o)
 .data          0x0000000000092290        0x0 /opt/intelFPGA/21.1/nios2eds/bin/gnu/H-x86_64-pc-linux-gnu/bin/../lib/gcc/nios2-elf/10.3.1/../../../../../H-x86_64-pc-linux-gnu/nios2-elf/lib/mno-hw-mul/libsmallc.a(lib_a-rand.o)
 .data          0x0000000000092290        0x0 /opt/intelFPGA/21.1/nios2eds/bin/gnu/H-x86_64-pc-linux-gnu/bin/../lib/gcc/nios2-elf/10.3.1/../../../../../H-x86_64-pc-linux-gnu/nios2-elf/lib/mno-hw-mul/libsmallc.a(lib_a-strlen.o)
 .data          0x0000000000092290        0x0 /opt/intelFPGA/21.1/nios2eds/bin/gnu/H-x86_64-pc-linux-gnu/bin/../lib/gcc/nios2-elf/10.3.1/../../../../../H-x86_64-pc-linux-gnu/nios2-elf/lib/mno-hw-mul/libsmallc.a(lib_a-vfprintf.o)
 .data          0x0000000000092290        0x0 /opt/intelFPGA/21.1/nios2eds/bin/gnu/H-x86_64-pc-linux-gnu/bin/../lib/gcc/nios2-elf/10.3.1/../../../../../H-x86_64-pc-linux-gnu/nios2-elf/lib/mno-hw-mul/libsmallc.a(lib_a-fvwrite_small_dev.o)
 .data          0x0000000000092290        0x0 /opt/intelFPGA/21.1/nios2eds/bin/gnu/H-x86_64-pc-linux-gnu/bin/../lib/gcc/nios2-elf/10.3.1/../../../../../H-x86_64-pc-linux-gnu/nios2-elf/lib/mno-hw-mul/libsmallc.a(lib_a-impure.o)
 .data.impure_data
                0x0000000000092290       0xe4 /opt/intelFPGA/21.1/nios2eds/bin/gnu/H-x86_64-pc-linux-gnu/bin/../lib/gcc/nios2-elf/10.3.1/../../../../../H-x86_64-pc-linux-gnu/nios2-elf/lib/mno-hw-mul/libsmallc.a(lib_a-impure.o)
 .data          0x0000000000092374        0x0 /opt/intelFPGA/21.1/nios2eds/bin/gnu/H-x86_64-pc-linux-gnu/bin/../lib/gcc/nios2-elf/10.3.1/../../../../../H-x86_64-pc-linux-gnu/nios2-elf/lib/mno-hw-mul/libsmallc.a(lib_a-writer.o)
 .data          0x0000000000092374        0x0 /opt/intelFPGA/21.1/nios2eds/bin/gnu/H-x86_64-pc-linux-gnu/bin/../lib/gcc/nios2-elf/10.3.1/../../../../../H-x86_64-pc-linux-gnu/nios2-elf/lib/mno-hw-mul/libsmallc.a(lib_a-int_errno.o)
 .data          0x0000000000092374        0x0 /opt/intelFPGA/21.1/nios2eds/bin/gnu/H-x86_64-pc-linux-gnu/bin/../lib/gcc/nios2-elf/10.3.1/mno-hw-mul/libgcc.a(_muldi3.o)
 .data          0x0000000000092374        0x0 ../NiosDisplay_Bsp//libhal_bsp.a(alt_iic.o)
 .data          0x0000000000092374        0x0 ../NiosDisplay_Bsp//libhal_bsp.a(alt_iic_isr_register.o)
 .data          0x0000000000092374        0x0 ../NiosDisplay_Bsp//libhal_bsp.a(alt_irq_entry.o)
 .data          0x0000000000092374        0x0 ../NiosDisplay_Bsp//libhal_bsp.a(alt_irq_handler.o)
 .data          0x0000000000092374        0x0 ../NiosDisplay_Bsp//libhal_bsp.a(alt_irq_vars.o)
 .data          0x0000000000092374        0x0 ../NiosDisplay_Bsp//libhal_bsp.a(alt_load.o)
 .data          0x0000000000092374        0x0 ../NiosDisplay_Bsp//libhal_bsp.a(alt_main.o)
 .data          0x0000000000092374        0x0 ../NiosDisplay_Bsp//libhal_bsp.a(alt_usleep.o)
 .data          0x0000000000092374        0x0 ../NiosDisplay_Bsp//libhal_bsp.a(alt_write.o)
 .data          0x0000000000092374        0x0 ../NiosDisplay_Bsp//libhal_bsp.a(alt_sys_init.o)
 .data          0x0000000000092374        0x0 ../NiosDisplay_Bsp//libhal_bsp.a(altera_avalon_jtag_uart_write.o)
 .data          0x0000000000092374        0x0 ../NiosDisplay_Bsp//libhal_bsp.a(altera_avalon_timer_sc.o)
 .data          0x0000000000092374        0x0 ../NiosDisplay_Bsp//libhal_bsp.a(alt_busy_sleep.o)
 .data          0x0000000000092374        0x0 ../NiosDisplay_Bsp//libhal_bsp.a(alt_dcache_flush_all.o)
 .data          0x0000000000092374        0x0 ../NiosDisplay_Bsp//libhal_bsp.a(alt_errno.o)
 .data          0x0000000000092374        0x0 ../NiosDisplay_Bsp//libhal_bsp.a(alt_exception_entry.o)
 .data          0x0000000000092374        0x0 ../NiosDisplay_Bsp//libhal_bsp.a(alt_icache_flush_all.o)
 .data          0x0000000000092374        0x0 ../NiosDisplay_Bsp//libhal_bsp.a(alt_tick.o)
 .data          0x0000000000092374        0x0 ../NiosDisplay_Bsp//libhal_bsp.a(altera_nios2_gen2_irq.o)
                0x000000000009a374                _gp = ABSOLUTE ((. + 0x8000))
                [!provide]                        PROVIDE (gp = _gp)
 *(.rwdata .rwdata.*)
 *(.sdata .sdata.* .gnu.linkonce.s.*)
 .sdata         0x0000000000092374        0x4 obj/default/main.o
 .sdata._global_impure_ptr
                0x0000000000092378        0x4 /opt/intelFPGA/21.1/nios2eds/bin/gnu/H-x86_64-pc-linux-gnu/bin/../lib/gcc/nios2-elf/10.3.1/../../../../../H-x86_64-pc-linux-gnu/nios2-elf/lib/mno-hw-mul/libsmallc.a(lib_a-impure.o)
                0x0000000000092378                _global_impure_ptr
 .sdata._impure_ptr
                0x000000000009237c        0x4 /opt/intelFPGA/21.1/nios2eds/bin/gnu/H-x86_64-pc-linux-gnu/bin/../lib/gcc/nios2-elf/10.3.1/../../../../../H-x86_64-pc-linux-gnu/nios2-elf/lib/mno-hw-mul/libsmallc.a(lib_a-impure.o)
                0x000000000009237c                _impure_ptr
 .sdata         0x0000000000092380        0x4 ../NiosDisplay_Bsp//libhal_bsp.a(alt_irq_vars.o)
                0x0000000000092380                alt_priority_mask
 .sdata         0x0000000000092384        0x4 ../NiosDisplay_Bsp//libhal_bsp.a(alt_sys_init.o)
                0x0000000000092384                jtag
 .sdata         0x0000000000092388        0x4 ../NiosDisplay_Bsp//libhal_bsp.a(alt_errno.o)
                0x0000000000092388                alt_errno
 .sdata         0x000000000009238c        0x8 ../NiosDisplay_Bsp//libhal_bsp.a(alt_tick.o)
                0x000000000009238c                alt_alarm_list
 *(.sdata2 .sdata2.* .gnu.linkonce.s2.*)
                0x0000000000092394                . = ALIGN (0x4)
                0x0000000000092394                _edata = ABSOLUTE (.)
                [!provide]                        PROVIDE (edata = ABSOLUTE (.))
                0x0000000000092394                PROVIDE (__ram_rwdata_end = ABSOLUTE (.))
                0x0000000000092290                PROVIDE (__flash_rwdata_start = LOADADDR (.rwdata))

.bss            0x0000000000092394      0x12c
                0x0000000000092394                __bss_start = ABSOLUTE (.)
                [!provide]                        PROVIDE (__sbss_start = ABSOLUTE (.))
                [!provide]                        PROVIDE (___sbss_start = ABSOLUTE (.))
 *(.dynsbss)
 *(.sbss .sbss.* .gnu.linkonce.sb.*)
 .sbss          0x0000000000092394        0x4 obj/default/main.o
                0x0000000000092394                edge_capture
 .sbss._randbits
                0x0000000000092398        0x8 /opt/intelFPGA/21.1/nios2eds/bin/gnu/H-x86_64-pc-linux-gnu/bin/../lib/gcc/nios2-elf/10.3.1/../../../../../H-x86_64-pc-linux-gnu/nios2-elf/lib/mno-hw-mul/libsmallc.a(lib_a-rand.o)
 .sbss.errno    0x00000000000923a0        0x4 /opt/intelFPGA/21.1/nios2eds/bin/gnu/H-x86_64-pc-linux-gnu/bin/../lib/gcc/nios2-elf/10.3.1/../../../../../H-x86_64-pc-linux-gnu/nios2-elf/lib/mno-hw-mul/libsmallc.a(lib_a-int_errno.o)
                0x00000000000923a0                errno
 .sbss          0x00000000000923a4        0x4 ../NiosDisplay_Bsp//libhal_bsp.a(alt_irq_vars.o)
                0x00000000000923a4                alt_irq_active
 .sbss          0x00000000000923a8        0xc ../NiosDisplay_Bsp//libhal_bsp.a(alt_main.o)
                0x00000000000923a8                alt_argc
                0x00000000000923ac                alt_argv
                0x00000000000923b0                alt_envp
 .sbss          0x00000000000923b4        0xc ../NiosDisplay_Bsp//libhal_bsp.a(alt_tick.o)
                0x00000000000923b4                _alt_tick_rate
                0x00000000000923b8                _alt_nticks
 *(.sbss2 .sbss2.* .gnu.linkonce.sb2.*)
 *(.scommon)
                [!provide]                        PROVIDE (__sbss_end = ABSOLUTE (.))
                [!provide]                        PROVIDE (___sbss_end = ABSOLUTE (.))
 *(.dynbss)
 *(.bss .bss.* .gnu.linkonce.b.*)
 .bss           0x00000000000923c0        0x0 ../NiosDisplay_Bsp//obj/HAL/src/crt0.o
 .bss           0x00000000000923c0        0x0 obj/default/main.o
 .bss           0x00000000000923c0        0x0 obj/default/snake.o
 .bss           0x00000000000923c0        0x0 obj/default/types.o
 .bss           0x00000000000923c0        0x0 /opt/intelFPGA/21.1/nios2eds/bin/gnu/H-x86_64-pc-linux-gnu/bin/../lib/gcc/nios2-elf/10.3.1/mno-hw-mul/libgcc.a(lib2-divmod.o)
 .bss           0x00000000000923c0        0x0 /opt/intelFPGA/21.1/nios2eds/bin/gnu/H-x86_64-pc-linux-gnu/bin/../lib/gcc/nios2-elf/10.3.1/mno-hw-mul/libgcc.a(lib2-mul.o)
 .bss           0x00000000000923c0        0x0 /opt/intelFPGA/21.1/nios2eds/bin/gnu/H-x86_64-pc-linux-gnu/bin/../lib/gcc/nios2-elf/10.3.1/../../../../../H-x86_64-pc-linux-gnu/nios2-elf/lib/mno-hw-mul/libsmallc.a(lib_a-memmove.o)
 .bss           0x00000000000923c0        0x0 /opt/intelFPGA/21.1/nios2eds/bin/gnu/H-x86_64-pc-linux-gnu/bin/../lib/gcc/nios2-elf/10.3.1/../../../../../H-x86_64-pc-linux-gnu/nios2-elf/lib/mno-hw-mul/libsmallc.a(lib_a-memset.o)
 .bss           0x00000000000923c0        0x0 /opt/intelFPGA/21.1/nios2eds/bin/gnu/H-x86_64-pc-linux-gnu/bin/../lib/gcc/nios2-elf/10.3.1/../../../../../H-x86_64-pc-linux-gnu/nios2-elf/lib/mno-hw-mul/libsmallc.a(lib_a-printf.o)
 .bss           0x00000000000923c0        0x0 /opt/intelFPGA/21.1/nios2eds/bin/gnu/H-x86_64-pc-linux-gnu/bin/../lib/gcc/nios2-elf/10.3.1/../../../../../H-x86_64-pc-linux-gnu/nios2-elf/lib/mno-hw-mul/libsmallc.a(lib_a-puts.o)
 .bss           0x00000000000923c0        0x0 /opt/intelFPGA/21.1/nios2eds/bin/gnu/H-x86_64-pc-linux-gnu/bin/../lib/gcc/nios2-elf/10.3.1/../../../../../H-x86_64-pc-linux-gnu/nios2-elf/lib/mno-hw-mul/libsmallc.a(lib_a-rand.o)
 .bss           0x00000000000923c0        0x0 /opt/intelFPGA/21.1/nios2eds/bin/gnu/H-x86_64-pc-linux-gnu/bin/../lib/gcc/nios2-elf/10.3.1/../../../../../H-x86_64-pc-linux-gnu/nios2-elf/lib/mno-hw-mul/libsmallc.a(lib_a-strlen.o)
 .bss           0x00000000000923c0        0x0 /opt/intelFPGA/21.1/nios2eds/bin/gnu/H-x86_64-pc-linux-gnu/bin/../lib/gcc/nios2-elf/10.3.1/../../../../../H-x86_64-pc-linux-gnu/nios2-elf/lib/mno-hw-mul/libsmallc.a(lib_a-vfprintf.o)
 .bss           0x00000000000923c0        0x0 /opt/intelFPGA/21.1/nios2eds/bin/gnu/H-x86_64-pc-linux-gnu/bin/../lib/gcc/nios2-elf/10.3.1/../../../../../H-x86_64-pc-linux-gnu/nios2-elf/lib/mno-hw-mul/libsmallc.a(lib_a-fvwrite_small_dev.o)
 .bss           0x00000000000923c0        0x0 /opt/intelFPGA/21.1/nios2eds/bin/gnu/H-x86_64-pc-linux-gnu/bin/../lib/gcc/nios2-elf/10.3.1/../../../../../H-x86_64-pc-linux-gnu/nios2-elf/lib/mno-hw-mul/libsmallc.a(lib_a-impure.o)
 .bss           0x00000000000923c0        0x0 /opt/intelFPGA/21.1/nios2eds/bin/gnu/H-x86_64-pc-linux-gnu/bin/../lib/gcc/nios2-elf/10.3.1/../../../../../H-x86_64-pc-linux-gnu/nios2-elf/lib/mno-hw-mul/libsmallc.a(lib_a-writer.o)
 .bss           0x00000000000923c0        0x0 /opt/intelFPGA/21.1/nios2eds/bin/gnu/H-x86_64-pc-linux-gnu/bin/../lib/gcc/nios2-elf/10.3.1/../../../../../H-x86_64-pc-linux-gnu/nios2-elf/lib/mno-hw-mul/libsmallc.a(lib_a-int_errno.o)
 .bss           0x00000000000923c0        0x0 /opt/intelFPGA/21.1/nios2eds/bin/gnu/H-x86_64-pc-linux-gnu/bin/../lib/gcc/nios2-elf/10.3.1/mno-hw-mul/libgcc.a(_muldi3.o)
 .bss           0x00000000000923c0        0x0 ../NiosDisplay_Bsp//libhal_bsp.a(alt_iic.o)
 .bss           0x00000000000923c0        0x0 ../NiosDisplay_Bsp//libhal_bsp.a(alt_iic_isr_register.o)
 .bss           0x00000000000923c0        0x0 ../NiosDisplay_Bsp//libhal_bsp.a(alt_irq_entry.o)
 .bss           0x00000000000923c0      0x100 ../NiosDisplay_Bsp//libhal_bsp.a(alt_irq_handler.o)
                0x00000000000923c0                alt_irq
 .bss           0x00000000000924c0        0x0 ../NiosDisplay_Bsp//libhal_bsp.a(alt_irq_vars.o)
 .bss           0x00000000000924c0        0x0 ../NiosDisplay_Bsp//libhal_bsp.a(alt_load.o)
 .bss           0x00000000000924c0        0x0 ../NiosDisplay_Bsp//libhal_bsp.a(alt_main.o)
 .bss           0x00000000000924c0        0x0 ../NiosDisplay_Bsp//libhal_bsp.a(alt_usleep.o)
 .bss           0x00000000000924c0        0x0 ../NiosDisplay_Bsp//libhal_bsp.a(alt_write.o)
 .bss           0x00000000000924c0        0x0 ../NiosDisplay_Bsp//libhal_bsp.a(alt_sys_init.o)
 .bss           0x00000000000924c0        0x0 ../NiosDisplay_Bsp//libhal_bsp.a(altera_avalon_jtag_uart_write.o)
 .bss           0x00000000000924c0        0x0 ../NiosDisplay_Bsp//libhal_bsp.a(altera_avalon_timer_sc.o)
 .bss           0x00000000000924c0        0x0 ../NiosDisplay_Bsp//libhal_bsp.a(alt_busy_sleep.o)
 .bss           0x00000000000924c0        0x0 ../NiosDisplay_Bsp//libhal_bsp.a(alt_dcache_flush_all.o)
 .bss           0x00000000000924c0        0x0 ../NiosDisplay_Bsp//libhal_bsp.a(alt_errno.o)
 .bss           0x00000000000924c0        0x0 ../NiosDisplay_Bsp//libhal_bsp.a(alt_exception_entry.o)
 .bss           0x00000000000924c0        0x0 ../NiosDisplay_Bsp//libhal_bsp.a(alt_icache_flush_all.o)
 .bss           0x00000000000924c0        0x0 ../NiosDisplay_Bsp//libhal_bsp.a(alt_tick.o)
 .bss           0x00000000000924c0        0x0 ../NiosDisplay_Bsp//libhal_bsp.a(altera_nios2_gen2_irq.o)
 *(COMMON)
                0x00000000000924c0                . = ALIGN (0x4)
                0x00000000000924c0                __bss_end = ABSOLUTE (.)

.frame_buffer   0x0000000000000000        0x0
                [!provide]                        PROVIDE (_alt_partition_frame_buffer_start = ABSOLUTE (.))
 *(.frame_buffer .frame_buffer. frame_buffer.*)
                0x0000000000000000                . = ALIGN (0x4)
                [!provide]                        PROVIDE (_alt_partition_frame_buffer_end = ABSOLUTE (.))
                [!provide]                        PROVIDE (_alt_partition_frame_buffer_load_addr = LOADADDR (.frame_buffer))

.memory         0x00000000000924c0        0x0
                [!provide]                        PROVIDE (_alt_partition_memory_start = ABSOLUTE (.))
 *(.memory .memory. memory.*)
                0x00000000000924c0                . = ALIGN (0x4)
                [!provide]                        PROVIDE (_alt_partition_memory_end = ABSOLUTE (.))
                0x00000000000924c0                _end = ABSOLUTE (.)
                0x00000000000924c0                end = ABSOLUTE (.)
                0x00000000000924c0                __alt_stack_base = ABSOLUTE (.)
                [!provide]                        PROVIDE (_alt_partition_memory_load_addr = LOADADDR (.memory))

.stab
 *(.stab)

.stabstr
 *(.stabstr)

.stab.excl
 *(.stab.excl)

.stab.exclstr
 *(.stab.exclstr)

.stab.index
 *(.stab.index)

.stab.indexstr
 *(.stab.indexstr)

.comment        0x0000000000000000       0x2d
 *(.comment)
 .comment       0x0000000000000000       0x2d obj/default/main.o
                                         0x2e (size before relaxing)
 .comment       0x000000000000002d       0x2e obj/default/snake.o
 .comment       0x000000000000002d       0x2e obj/default/types.o
 .comment       0x000000000000002d       0x2e /opt/intelFPGA/21.1/nios2eds/bin/gnu/H-x86_64-pc-linux-gnu/bin/../lib/gcc/nios2-elf/10.3.1/mno-hw-mul/libgcc.a(lib2-divmod.o)
 .comment       0x000000000000002d       0x2e /opt/intelFPGA/21.1/nios2eds/bin/gnu/H-x86_64-pc-linux-gnu/bin/../lib/gcc/nios2-elf/10.3.1/mno-hw-mul/libgcc.a(lib2-mul.o)
 .comment       0x000000000000002d       0x2e /opt/intelFPGA/21.1/nios2eds/bin/gnu/H-x86_64-pc-linux-gnu/bin/../lib/gcc/nios2-elf/10.3.1/../../../../../H-x86_64-pc-linux-gnu/nios2-elf/lib/mno-hw-mul/libsmallc.a(lib_a-memmove.o)
 .comment       0x000000000000002d       0x2e /opt/intelFPGA/21.1/nios2eds/bin/gnu/H-x86_64-pc-linux-gnu/bin/../lib/gcc/nios2-elf/10.3.1/../../../../../H-x86_64-pc-linux-gnu/nios2-elf/lib/mno-hw-mul/libsmallc.a(lib_a-memset.o)
 .comment       0x000000000000002d       0x2e /opt/intelFPGA/21.1/nios2eds/bin/gnu/H-x86_64-pc-linux-gnu/bin/../lib/gcc/nios2-elf/10.3.1/../../../../../H-x86_64-pc-linux-gnu/nios2-elf/lib/mno-hw-mul/libsmallc.a(lib_a-printf.o)
 .comment       0x000000000000002d       0x2e /opt/intelFPGA/21.1/nios2eds/bin/gnu/H-x86_64-pc-linux-gnu/bin/../lib/gcc/nios2-elf/10.3.1/../../../../../H-x86_64-pc-linux-gnu/nios2-elf/lib/mno-hw-mul/libsmallc.a(lib_a-puts.o)
 .comment       0x000000000000002d       0x2e /opt/intelFPGA/21.1/nios2eds/bin/gnu/H-x86_64-pc-linux-gnu/bin/../lib/gcc/nios2-elf/10.3.1/../../../../../H-x86_64-pc-linux-gnu/nios2-elf/lib/mno-hw-mul/libsmallc.a(lib_a-rand.o)
 .comment       0x000000000000002d       0x2e /opt/intelFPGA/21.1/nios2eds/bin/gnu/H-x86_64-pc-linux-gnu/bin/../lib/gcc/nios2-elf/10.3.1/../../../../../H-x86_64-pc-linux-gnu/nios2-elf/lib/mno-hw-mul/libsmallc.a(lib_a-strlen.o)
 .comment       0x000000000000002d       0x2e /opt/intelFPGA/21.1/nios2eds/bin/gnu/H-x86_64-pc-linux-gnu/bin/../lib/gcc/nios2-elf/10.3.1/../../../../../H-x86_64-pc-linux-gnu/nios2-elf/lib/mno-hw-mul/libsmallc.a(lib_a-vfprintf.o)
 .comment       0x000000000000002d       0x2e /opt/intelFPGA/21.1/nios2eds/bin/gnu/H-x86_64-pc-linux-gnu/bin/../lib/gcc/nios2-elf/10.3.1/../../../../../H-x86_64-pc-linux-gnu/nios2-elf/lib/mno-hw-mul/libsmallc.a(lib_a-fvwrite_small_dev.o)
 .comment       0x000000000000002d       0x2e /opt/intelFPGA/21.1/nios2eds/bin/gnu/H-x86_64-pc-linux-gnu/bin/../lib/gcc/nios2-elf/10.3.1/../../../../../H-x86_64-pc-linux-gnu/nios2-elf/lib/mno-hw-mul/libsmallc.a(lib_a-impure.o)
 .comment       0x000000000000002d       0x2e /opt/intelFPGA/21.1/nios2eds/bin/gnu/H-x86_64-pc-linux-gnu/bin/../lib/gcc/nios2-elf/10.3.1/../../../../../H-x86_64-pc-linux-gnu/nios2-elf/lib/mno-hw-mul/libsmallc.a(lib_a-writer.o)
 .comment       0x000000000000002d       0x2e /opt/intelFPGA/21.1/nios2eds/bin/gnu/H-x86_64-pc-linux-gnu/bin/../lib/gcc/nios2-elf/10.3.1/../../../../../H-x86_64-pc-linux-gnu/nios2-elf/lib/mno-hw-mul/libsmallc.a(lib_a-int_errno.o)
 .comment       0x000000000000002d       0x2e /opt/intelFPGA/21.1/nios2eds/bin/gnu/H-x86_64-pc-linux-gnu/bin/../lib/gcc/nios2-elf/10.3.1/mno-hw-mul/libgcc.a(_muldi3.o)
 .comment       0x000000000000002d       0x2e ../NiosDisplay_Bsp//libhal_bsp.a(alt_iic.o)
 .comment       0x000000000000002d       0x2e ../NiosDisplay_Bsp//libhal_bsp.a(alt_iic_isr_register.o)
 .comment       0x000000000000002d       0x2e ../NiosDisplay_Bsp//libhal_bsp.a(alt_irq_handler.o)
 .comment       0x000000000000002d       0x2e ../NiosDisplay_Bsp//libhal_bsp.a(alt_irq_vars.o)
 .comment       0x000000000000002d       0x2e ../NiosDisplay_Bsp//libhal_bsp.a(alt_load.o)
 .comment       0x000000000000002d       0x2e ../NiosDisplay_Bsp//libhal_bsp.a(alt_main.o)
 .comment       0x000000000000002d       0x2e ../NiosDisplay_Bsp//libhal_bsp.a(alt_usleep.o)
 .comment       0x000000000000002d       0x2e ../NiosDisplay_Bsp//libhal_bsp.a(alt_write.o)
 .comment       0x000000000000002d       0x2e ../NiosDisplay_Bsp//libhal_bsp.a(alt_sys_init.o)
 .comment       0x000000000000002d       0x2e ../NiosDisplay_Bsp//libhal_bsp.a(altera_avalon_jtag_uart_write.o)
 .comment       0x000000000000002d       0x2e ../NiosDisplay_Bsp//libhal_bsp.a(altera_avalon_timer_sc.o)
 .comment       0x000000000000002d       0x2e ../NiosDisplay_Bsp//libhal_bsp.a(alt_busy_sleep.o)
 .comment       0x000000000000002d       0x2e ../NiosDisplay_Bsp//libhal_bsp.a(alt_dcache_flush_all.o)
 .comment       0x000000000000002d       0x2e ../NiosDisplay_Bsp//libhal_bsp.a(alt_errno.o)
 .comment       0x000000000000002d       0x2e ../NiosDisplay_Bsp//libhal_bsp.a(alt_icache_flush_all.o)
 .comment       0x000000000000002d       0x2e ../NiosDisplay_Bsp//libhal_bsp.a(alt_tick.o)
 .comment       0x000000000000002d       0x2e ../NiosDisplay_Bsp//libhal_bsp.a(altera_nios2_gen2_irq.o)

.debug
 *(.debug)

.line
 *(.line)

.debug_srcinfo
 *(.debug_srcinfo)

.debug_sfnames
 *(.debug_sfnames)

.debug_aranges  0x0000000000000000      0x4d0
 *(.debug_aranges)
 .debug_aranges
                0x0000000000000000       0x20 ../NiosDisplay_Bsp//obj/HAL/src/crt0.o
 .debug_aranges
                0x0000000000000020       0x20 obj/default/main.o
 .debug_aranges
                0x0000000000000040       0x20 obj/default/snake.o
 .debug_aranges
                0x0000000000000060       0x20 obj/default/types.o
 .debug_aranges
                0x0000000000000080       0x20 /opt/intelFPGA/21.1/nios2eds/bin/gnu/H-x86_64-pc-linux-gnu/bin/../lib/gcc/nios2-elf/10.3.1/mno-hw-mul/libgcc.a(lib2-divmod.o)
 .debug_aranges
                0x00000000000000a0       0x20 /opt/intelFPGA/21.1/nios2eds/bin/gnu/H-x86_64-pc-linux-gnu/bin/../lib/gcc/nios2-elf/10.3.1/mno-hw-mul/libgcc.a(lib2-mul.o)
 .debug_aranges
                0x00000000000000c0       0x20 /opt/intelFPGA/21.1/nios2eds/bin/gnu/H-x86_64-pc-linux-gnu/bin/../lib/gcc/nios2-elf/10.3.1/../../../../../H-x86_64-pc-linux-gnu/nios2-elf/lib/mno-hw-mul/libsmallc.a(lib_a-memmove.o)
 .debug_aranges
                0x00000000000000e0       0x20 /opt/intelFPGA/21.1/nios2eds/bin/gnu/H-x86_64-pc-linux-gnu/bin/../lib/gcc/nios2-elf/10.3.1/../../../../../H-x86_64-pc-linux-gnu/nios2-elf/lib/mno-hw-mul/libsmallc.a(lib_a-memset.o)
 .debug_aranges
                0x0000000000000100       0x28 /opt/intelFPGA/21.1/nios2eds/bin/gnu/H-x86_64-pc-linux-gnu/bin/../lib/gcc/nios2-elf/10.3.1/../../../../../H-x86_64-pc-linux-gnu/nios2-elf/lib/mno-hw-mul/libsmallc.a(lib_a-printf.o)
 .debug_aranges
                0x0000000000000128       0x28 /opt/intelFPGA/21.1/nios2eds/bin/gnu/H-x86_64-pc-linux-gnu/bin/../lib/gcc/nios2-elf/10.3.1/../../../../../H-x86_64-pc-linux-gnu/nios2-elf/lib/mno-hw-mul/libsmallc.a(lib_a-puts.o)
 .debug_aranges
                0x0000000000000150       0x28 /opt/intelFPGA/21.1/nios2eds/bin/gnu/H-x86_64-pc-linux-gnu/bin/../lib/gcc/nios2-elf/10.3.1/../../../../../H-x86_64-pc-linux-gnu/nios2-elf/lib/mno-hw-mul/libsmallc.a(lib_a-rand.o)
 .debug_aranges
                0x0000000000000178       0x20 /opt/intelFPGA/21.1/nios2eds/bin/gnu/H-x86_64-pc-linux-gnu/bin/../lib/gcc/nios2-elf/10.3.1/../../../../../H-x86_64-pc-linux-gnu/nios2-elf/lib/mno-hw-mul/libsmallc.a(lib_a-strlen.o)
 .debug_aranges
                0x0000000000000198       0x30 /opt/intelFPGA/21.1/nios2eds/bin/gnu/H-x86_64-pc-linux-gnu/bin/../lib/gcc/nios2-elf/10.3.1/../../../../../H-x86_64-pc-linux-gnu/nios2-elf/lib/mno-hw-mul/libsmallc.a(lib_a-vfprintf.o)
 .debug_aranges
                0x00000000000001c8       0x20 /opt/intelFPGA/21.1/nios2eds/bin/gnu/H-x86_64-pc-linux-gnu/bin/../lib/gcc/nios2-elf/10.3.1/../../../../../H-x86_64-pc-linux-gnu/nios2-elf/lib/mno-hw-mul/libsmallc.a(lib_a-fvwrite_small_dev.o)
 .debug_aranges
                0x00000000000001e8       0x18 /opt/intelFPGA/21.1/nios2eds/bin/gnu/H-x86_64-pc-linux-gnu/bin/../lib/gcc/nios2-elf/10.3.1/../../../../../H-x86_64-pc-linux-gnu/nios2-elf/lib/mno-hw-mul/libsmallc.a(lib_a-impure.o)
 .debug_aranges
                0x0000000000000200       0x20 /opt/intelFPGA/21.1/nios2eds/bin/gnu/H-x86_64-pc-linux-gnu/bin/../lib/gcc/nios2-elf/10.3.1/../../../../../H-x86_64-pc-linux-gnu/nios2-elf/lib/mno-hw-mul/libsmallc.a(lib_a-writer.o)
 .debug_aranges
                0x0000000000000220       0x18 /opt/intelFPGA/21.1/nios2eds/bin/gnu/H-x86_64-pc-linux-gnu/bin/../lib/gcc/nios2-elf/10.3.1/../../../../../H-x86_64-pc-linux-gnu/nios2-elf/lib/mno-hw-mul/libsmallc.a(lib_a-int_errno.o)
 .debug_aranges
                0x0000000000000238       0x20 /opt/intelFPGA/21.1/nios2eds/bin/gnu/H-x86_64-pc-linux-gnu/bin/../lib/gcc/nios2-elf/10.3.1/mno-hw-mul/libgcc.a(_muldi3.o)
 .debug_aranges
                0x0000000000000258       0x20 ../NiosDisplay_Bsp//libhal_bsp.a(alt_iic.o)
 .debug_aranges
                0x0000000000000278       0x20 ../NiosDisplay_Bsp//libhal_bsp.a(alt_iic_isr_register.o)
 .debug_aranges
                0x0000000000000298       0x30 ../NiosDisplay_Bsp//libhal_bsp.a(alt_irq_entry.o)
 .debug_aranges
                0x00000000000002c8       0x20 ../NiosDisplay_Bsp//libhal_bsp.a(alt_irq_handler.o)
 .debug_aranges
                0x00000000000002e8       0x18 ../NiosDisplay_Bsp//libhal_bsp.a(alt_irq_vars.o)
 .debug_aranges
                0x0000000000000300       0x20 ../NiosDisplay_Bsp//libhal_bsp.a(alt_load.o)
 .debug_aranges
                0x0000000000000320       0x20 ../NiosDisplay_Bsp//libhal_bsp.a(alt_main.o)
 .debug_aranges
                0x0000000000000340       0x20 ../NiosDisplay_Bsp//libhal_bsp.a(alt_usleep.o)
 .debug_aranges
                0x0000000000000360       0x20 ../NiosDisplay_Bsp//libhal_bsp.a(alt_write.o)
 .debug_aranges
                0x0000000000000380       0x20 ../NiosDisplay_Bsp//libhal_bsp.a(alt_sys_init.o)
 .debug_aranges
                0x00000000000003a0       0x20 ../NiosDisplay_Bsp//libhal_bsp.a(altera_avalon_jtag_uart_write.o)
 .debug_aranges
                0x00000000000003c0       0x20 ../NiosDisplay_Bsp//libhal_bsp.a(altera_avalon_timer_sc.o)
 .debug_aranges
                0x00000000000003e0       0x20 ../NiosDisplay_Bsp//libhal_bsp.a(alt_busy_sleep.o)
 .debug_aranges
                0x0000000000000400       0x20 ../NiosDisplay_Bsp//libhal_bsp.a(alt_dcache_flush_all.o)
 .debug_aranges
                0x0000000000000420       0x18 ../NiosDisplay_Bsp//libhal_bsp.a(alt_errno.o)
 .debug_aranges
                0x0000000000000438       0x38 ../NiosDisplay_Bsp//libhal_bsp.a(alt_exception_entry.o)
 .debug_aranges
                0x0000000000000470       0x20 ../NiosDisplay_Bsp//libhal_bsp.a(alt_icache_flush_all.o)
 .debug_aranges
                0x0000000000000490       0x20 ../NiosDisplay_Bsp//libhal_bsp.a(alt_tick.o)
 .debug_aranges
                0x00000000000004b0       0x20 ../NiosDisplay_Bsp//libhal_bsp.a(altera_nios2_gen2_irq.o)

.debug_pubnames
 *(.debug_pubnames)

.debug_info     0x0000000000000000     0x6043
 *(.debug_info .gnu.linkonce.wi.*)
 .debug_info    0x0000000000000000       0x26 ../NiosDisplay_Bsp//obj/HAL/src/crt0.o
 .debug_info    0x0000000000000026      0x37e obj/default/main.o
 .debug_info    0x00000000000003a4      0x521 obj/default/snake.o
 .debug_info    0x00000000000008c5      0x15c obj/default/types.o
 .debug_info    0x0000000000000a21      0x368 /opt/intelFPGA/21.1/nios2eds/bin/gnu/H-x86_64-pc-linux-gnu/bin/../lib/gcc/nios2-elf/10.3.1/mno-hw-mul/libgcc.a(lib2-divmod.o)
 .debug_info    0x0000000000000d89       0xcb /opt/intelFPGA/21.1/nios2eds/bin/gnu/H-x86_64-pc-linux-gnu/bin/../lib/gcc/nios2-elf/10.3.1/mno-hw-mul/libgcc.a(lib2-mul.o)
 .debug_info    0x0000000000000e54      0x11b /opt/intelFPGA/21.1/nios2eds/bin/gnu/H-x86_64-pc-linux-gnu/bin/../lib/gcc/nios2-elf/10.3.1/../../../../../H-x86_64-pc-linux-gnu/nios2-elf/lib/mno-hw-mul/libsmallc.a(lib_a-memmove.o)
 .debug_info    0x0000000000000f6f       0xe7 /opt/intelFPGA/21.1/nios2eds/bin/gnu/H-x86_64-pc-linux-gnu/bin/../lib/gcc/nios2-elf/10.3.1/../../../../../H-x86_64-pc-linux-gnu/nios2-elf/lib/mno-hw-mul/libsmallc.a(lib_a-memset.o)
 .debug_info    0x0000000000001056      0x72b /opt/intelFPGA/21.1/nios2eds/bin/gnu/H-x86_64-pc-linux-gnu/bin/../lib/gcc/nios2-elf/10.3.1/../../../../../H-x86_64-pc-linux-gnu/nios2-elf/lib/mno-hw-mul/libsmallc.a(lib_a-printf.o)
 .debug_info    0x0000000000001781      0x6ea /opt/intelFPGA/21.1/nios2eds/bin/gnu/H-x86_64-pc-linux-gnu/bin/../lib/gcc/nios2-elf/10.3.1/../../../../../H-x86_64-pc-linux-gnu/nios2-elf/lib/mno-hw-mul/libsmallc.a(lib_a-puts.o)
 .debug_info    0x0000000000001e6b      0x668 /opt/intelFPGA/21.1/nios2eds/bin/gnu/H-x86_64-pc-linux-gnu/bin/../lib/gcc/nios2-elf/10.3.1/../../../../../H-x86_64-pc-linux-gnu/nios2-elf/lib/mno-hw-mul/libsmallc.a(lib_a-rand.o)
 .debug_info    0x00000000000024d3       0xd0 /opt/intelFPGA/21.1/nios2eds/bin/gnu/H-x86_64-pc-linux-gnu/bin/../lib/gcc/nios2-elf/10.3.1/../../../../../H-x86_64-pc-linux-gnu/nios2-elf/lib/mno-hw-mul/libsmallc.a(lib_a-strlen.o)
 .debug_info    0x00000000000025a3      0xeb5 /opt/intelFPGA/21.1/nios2eds/bin/gnu/H-x86_64-pc-linux-gnu/bin/../lib/gcc/nios2-elf/10.3.1/../../../../../H-x86_64-pc-linux-gnu/nios2-elf/lib/mno-hw-mul/libsmallc.a(lib_a-vfprintf.o)
 .debug_info    0x0000000000003458      0x6b3 /opt/intelFPGA/21.1/nios2eds/bin/gnu/H-x86_64-pc-linux-gnu/bin/../lib/gcc/nios2-elf/10.3.1/../../../../../H-x86_64-pc-linux-gnu/nios2-elf/lib/mno-hw-mul/libsmallc.a(lib_a-fvwrite_small_dev.o)
 .debug_info    0x0000000000003b0b      0x61e /opt/intelFPGA/21.1/nios2eds/bin/gnu/H-x86_64-pc-linux-gnu/bin/../lib/gcc/nios2-elf/10.3.1/../../../../../H-x86_64-pc-linux-gnu/nios2-elf/lib/mno-hw-mul/libsmallc.a(lib_a-impure.o)
 .debug_info    0x0000000000004129      0x6b3 /opt/intelFPGA/21.1/nios2eds/bin/gnu/H-x86_64-pc-linux-gnu/bin/../lib/gcc/nios2-elf/10.3.1/../../../../../H-x86_64-pc-linux-gnu/nios2-elf/lib/mno-hw-mul/libsmallc.a(lib_a-writer.o)
 .debug_info    0x00000000000047dc       0x84 /opt/intelFPGA/21.1/nios2eds/bin/gnu/H-x86_64-pc-linux-gnu/bin/../lib/gcc/nios2-elf/10.3.1/../../../../../H-x86_64-pc-linux-gnu/nios2-elf/lib/mno-hw-mul/libsmallc.a(lib_a-int_errno.o)
 .debug_info    0x0000000000004860      0x274 /opt/intelFPGA/21.1/nios2eds/bin/gnu/H-x86_64-pc-linux-gnu/bin/../lib/gcc/nios2-elf/10.3.1/mno-hw-mul/libgcc.a(_muldi3.o)
 .debug_info    0x0000000000004ad4      0x32c ../NiosDisplay_Bsp//libhal_bsp.a(alt_iic.o)
 .debug_info    0x0000000000004e00      0x1f0 ../NiosDisplay_Bsp//libhal_bsp.a(alt_iic_isr_register.o)
 .debug_info    0x0000000000004ff0       0x22 ../NiosDisplay_Bsp//libhal_bsp.a(alt_irq_entry.o)
 .debug_info    0x0000000000005012      0x175 ../NiosDisplay_Bsp//libhal_bsp.a(alt_irq_handler.o)
 .debug_info    0x0000000000005187       0x8b ../NiosDisplay_Bsp//libhal_bsp.a(alt_irq_vars.o)
 .debug_info    0x0000000000005212      0x14d ../NiosDisplay_Bsp//libhal_bsp.a(alt_load.o)
 .debug_info    0x000000000000535f       0xdb ../NiosDisplay_Bsp//libhal_bsp.a(alt_main.o)
 .debug_info    0x000000000000543a       0xb7 ../NiosDisplay_Bsp//libhal_bsp.a(alt_usleep.o)
 .debug_info    0x00000000000054f1      0x157 ../NiosDisplay_Bsp//libhal_bsp.a(alt_write.o)
 .debug_info    0x0000000000005648      0x10b ../NiosDisplay_Bsp//libhal_bsp.a(alt_sys_init.o)
 .debug_info    0x0000000000005753      0x132 ../NiosDisplay_Bsp//libhal_bsp.a(altera_avalon_jtag_uart_write.o)
 .debug_info    0x0000000000005885      0x1d5 ../NiosDisplay_Bsp//libhal_bsp.a(altera_avalon_timer_sc.o)
 .debug_info    0x0000000000005a5a       0xd6 ../NiosDisplay_Bsp//libhal_bsp.a(alt_busy_sleep.o)
 .debug_info    0x0000000000005b30       0x8c ../NiosDisplay_Bsp//libhal_bsp.a(alt_dcache_flush_all.o)
 .debug_info    0x0000000000005bbc       0x9d ../NiosDisplay_Bsp//libhal_bsp.a(alt_errno.o)
 .debug_info    0x0000000000005c59       0x22 ../NiosDisplay_Bsp//libhal_bsp.a(alt_exception_entry.o)
 .debug_info    0x0000000000005c7b       0x8c ../NiosDisplay_Bsp//libhal_bsp.a(alt_icache_flush_all.o)
 .debug_info    0x0000000000005d07      0x2b0 ../NiosDisplay_Bsp//libhal_bsp.a(alt_tick.o)
 .debug_info    0x0000000000005fb7       0x8c ../NiosDisplay_Bsp//libhal_bsp.a(altera_nios2_gen2_irq.o)

.debug_abbrev   0x0000000000000000     0x2466
 *(.debug_abbrev)
 .debug_abbrev  0x0000000000000000       0x14 ../NiosDisplay_Bsp//obj/HAL/src/crt0.o
 .debug_abbrev  0x0000000000000014      0x1d2 obj/default/main.o
 .debug_abbrev  0x00000000000001e6      0x1c1 obj/default/snake.o
 .debug_abbrev  0x00000000000003a7       0xba obj/default/types.o
 .debug_abbrev  0x0000000000000461      0x103 /opt/intelFPGA/21.1/nios2eds/bin/gnu/H-x86_64-pc-linux-gnu/bin/../lib/gcc/nios2-elf/10.3.1/mno-hw-mul/libgcc.a(lib2-divmod.o)
 .debug_abbrev  0x0000000000000564       0x7d /opt/intelFPGA/21.1/nios2eds/bin/gnu/H-x86_64-pc-linux-gnu/bin/../lib/gcc/nios2-elf/10.3.1/mno-hw-mul/libgcc.a(lib2-mul.o)
 .debug_abbrev  0x00000000000005e1       0x99 /opt/intelFPGA/21.1/nios2eds/bin/gnu/H-x86_64-pc-linux-gnu/bin/../lib/gcc/nios2-elf/10.3.1/../../../../../H-x86_64-pc-linux-gnu/nios2-elf/lib/mno-hw-mul/libsmallc.a(lib_a-memmove.o)
 .debug_abbrev  0x000000000000067a       0x9e /opt/intelFPGA/21.1/nios2eds/bin/gnu/H-x86_64-pc-linux-gnu/bin/../lib/gcc/nios2-elf/10.3.1/../../../../../H-x86_64-pc-linux-gnu/nios2-elf/lib/mno-hw-mul/libsmallc.a(lib_a-memset.o)
 .debug_abbrev  0x0000000000000718      0x216 /opt/intelFPGA/21.1/nios2eds/bin/gnu/H-x86_64-pc-linux-gnu/bin/../lib/gcc/nios2-elf/10.3.1/../../../../../H-x86_64-pc-linux-gnu/nios2-elf/lib/mno-hw-mul/libsmallc.a(lib_a-printf.o)
 .debug_abbrev  0x000000000000092e      0x20b /opt/intelFPGA/21.1/nios2eds/bin/gnu/H-x86_64-pc-linux-gnu/bin/../lib/gcc/nios2-elf/10.3.1/../../../../../H-x86_64-pc-linux-gnu/nios2-elf/lib/mno-hw-mul/libsmallc.a(lib_a-puts.o)
 .debug_abbrev  0x0000000000000b39      0x1e7 /opt/intelFPGA/21.1/nios2eds/bin/gnu/H-x86_64-pc-linux-gnu/bin/../lib/gcc/nios2-elf/10.3.1/../../../../../H-x86_64-pc-linux-gnu/nios2-elf/lib/mno-hw-mul/libsmallc.a(lib_a-rand.o)
 .debug_abbrev  0x0000000000000d20       0x8d /opt/intelFPGA/21.1/nios2eds/bin/gnu/H-x86_64-pc-linux-gnu/bin/../lib/gcc/nios2-elf/10.3.1/../../../../../H-x86_64-pc-linux-gnu/nios2-elf/lib/mno-hw-mul/libsmallc.a(lib_a-strlen.o)
 .debug_abbrev  0x0000000000000dad      0x2f7 /opt/intelFPGA/21.1/nios2eds/bin/gnu/H-x86_64-pc-linux-gnu/bin/../lib/gcc/nios2-elf/10.3.1/../../../../../H-x86_64-pc-linux-gnu/nios2-elf/lib/mno-hw-mul/libsmallc.a(lib_a-vfprintf.o)
 .debug_abbrev  0x00000000000010a4      0x1ed /opt/intelFPGA/21.1/nios2eds/bin/gnu/H-x86_64-pc-linux-gnu/bin/../lib/gcc/nios2-elf/10.3.1/../../../../../H-x86_64-pc-linux-gnu/nios2-elf/lib/mno-hw-mul/libsmallc.a(lib_a-fvwrite_small_dev.o)
 .debug_abbrev  0x0000000000001291      0x17a /opt/intelFPGA/21.1/nios2eds/bin/gnu/H-x86_64-pc-linux-gnu/bin/../lib/gcc/nios2-elf/10.3.1/../../../../../H-x86_64-pc-linux-gnu/nios2-elf/lib/mno-hw-mul/libsmallc.a(lib_a-impure.o)
 .debug_abbrev  0x000000000000140b      0x1d9 /opt/intelFPGA/21.1/nios2eds/bin/gnu/H-x86_64-pc-linux-gnu/bin/../lib/gcc/nios2-elf/10.3.1/../../../../../H-x86_64-pc-linux-gnu/nios2-elf/lib/mno-hw-mul/libsmallc.a(lib_a-writer.o)
 .debug_abbrev  0x00000000000015e4       0x39 /opt/intelFPGA/21.1/nios2eds/bin/gnu/H-x86_64-pc-linux-gnu/bin/../lib/gcc/nios2-elf/10.3.1/../../../../../H-x86_64-pc-linux-gnu/nios2-elf/lib/mno-hw-mul/libsmallc.a(lib_a-int_errno.o)
 .debug_abbrev  0x000000000000161d      0x11d /opt/intelFPGA/21.1/nios2eds/bin/gnu/H-x86_64-pc-linux-gnu/bin/../lib/gcc/nios2-elf/10.3.1/mno-hw-mul/libgcc.a(_muldi3.o)
 .debug_abbrev  0x000000000000173a      0x189 ../NiosDisplay_Bsp//libhal_bsp.a(alt_iic.o)
 .debug_abbrev  0x00000000000018c3      0x17c ../NiosDisplay_Bsp//libhal_bsp.a(alt_iic_isr_register.o)
 .debug_abbrev  0x0000000000001a3f       0x12 ../NiosDisplay_Bsp//libhal_bsp.a(alt_irq_entry.o)
 .debug_abbrev  0x0000000000001a51      0x12d ../NiosDisplay_Bsp//libhal_bsp.a(alt_irq_handler.o)
 .debug_abbrev  0x0000000000001b7e       0x44 ../NiosDisplay_Bsp//libhal_bsp.a(alt_irq_vars.o)
 .debug_abbrev  0x0000000000001bc2       0xab ../NiosDisplay_Bsp//libhal_bsp.a(alt_load.o)
 .debug_abbrev  0x0000000000001c6d       0x73 ../NiosDisplay_Bsp//libhal_bsp.a(alt_main.o)
 .debug_abbrev  0x0000000000001ce0       0x66 ../NiosDisplay_Bsp//libhal_bsp.a(alt_usleep.o)
 .debug_abbrev  0x0000000000001d46       0xe9 ../NiosDisplay_Bsp//libhal_bsp.a(alt_write.o)
 .debug_abbrev  0x0000000000001e2f       0xe5 ../NiosDisplay_Bsp//libhal_bsp.a(alt_sys_init.o)
 .debug_abbrev  0x0000000000001f14       0xcd ../NiosDisplay_Bsp//libhal_bsp.a(altera_avalon_jtag_uart_write.o)
 .debug_abbrev  0x0000000000001fe1      0x14b ../NiosDisplay_Bsp//libhal_bsp.a(altera_avalon_timer_sc.o)
 .debug_abbrev  0x000000000000212c       0x88 ../NiosDisplay_Bsp//libhal_bsp.a(alt_busy_sleep.o)
 .debug_abbrev  0x00000000000021b4       0x44 ../NiosDisplay_Bsp//libhal_bsp.a(alt_dcache_flush_all.o)
 .debug_abbrev  0x00000000000021f8       0x5a ../NiosDisplay_Bsp//libhal_bsp.a(alt_errno.o)
 .debug_abbrev  0x0000000000002252       0x12 ../NiosDisplay_Bsp//libhal_bsp.a(alt_exception_entry.o)
 .debug_abbrev  0x0000000000002264       0x44 ../NiosDisplay_Bsp//libhal_bsp.a(alt_icache_flush_all.o)
 .debug_abbrev  0x00000000000022a8      0x17a ../NiosDisplay_Bsp//libhal_bsp.a(alt_tick.o)
 .debug_abbrev  0x0000000000002422       0x44 ../NiosDisplay_Bsp//libhal_bsp.a(altera_nios2_gen2_irq.o)

.debug_line     0x0000000000000000     0x32a6
 *(.debug_line)
 .debug_line    0x0000000000000000       0x54 ../NiosDisplay_Bsp//obj/HAL/src/crt0.o
 .debug_line    0x0000000000000054      0x203 obj/default/main.o
 .debug_line    0x0000000000000257      0x3a9 obj/default/snake.o
 .debug_line    0x0000000000000600      0x16e obj/default/types.o
 .debug_line    0x000000000000076e      0x306 /opt/intelFPGA/21.1/nios2eds/bin/gnu/H-x86_64-pc-linux-gnu/bin/../lib/gcc/nios2-elf/10.3.1/mno-hw-mul/libgcc.a(lib2-divmod.o)
 .debug_line    0x0000000000000a74       0xb7 /opt/intelFPGA/21.1/nios2eds/bin/gnu/H-x86_64-pc-linux-gnu/bin/../lib/gcc/nios2-elf/10.3.1/mno-hw-mul/libgcc.a(lib2-mul.o)
 .debug_line    0x0000000000000b2b      0x1af /opt/intelFPGA/21.1/nios2eds/bin/gnu/H-x86_64-pc-linux-gnu/bin/../lib/gcc/nios2-elf/10.3.1/../../../../../H-x86_64-pc-linux-gnu/nios2-elf/lib/mno-hw-mul/libsmallc.a(lib_a-memmove.o)
 .debug_line    0x0000000000000cda      0x188 /opt/intelFPGA/21.1/nios2eds/bin/gnu/H-x86_64-pc-linux-gnu/bin/../lib/gcc/nios2-elf/10.3.1/../../../../../H-x86_64-pc-linux-gnu/nios2-elf/lib/mno-hw-mul/libsmallc.a(lib_a-memset.o)
 .debug_line    0x0000000000000e62      0x24c /opt/intelFPGA/21.1/nios2eds/bin/gnu/H-x86_64-pc-linux-gnu/bin/../lib/gcc/nios2-elf/10.3.1/../../../../../H-x86_64-pc-linux-gnu/nios2-elf/lib/mno-hw-mul/libsmallc.a(lib_a-printf.o)
 .debug_line    0x00000000000010ae      0x240 /opt/intelFPGA/21.1/nios2eds/bin/gnu/H-x86_64-pc-linux-gnu/bin/../lib/gcc/nios2-elf/10.3.1/../../../../../H-x86_64-pc-linux-gnu/nios2-elf/lib/mno-hw-mul/libsmallc.a(lib_a-puts.o)
 .debug_line    0x00000000000012ee      0x22e /opt/intelFPGA/21.1/nios2eds/bin/gnu/H-x86_64-pc-linux-gnu/bin/../lib/gcc/nios2-elf/10.3.1/../../../../../H-x86_64-pc-linux-gnu/nios2-elf/lib/mno-hw-mul/libsmallc.a(lib_a-rand.o)
 .debug_line    0x000000000000151c      0x17d /opt/intelFPGA/21.1/nios2eds/bin/gnu/H-x86_64-pc-linux-gnu/bin/../lib/gcc/nios2-elf/10.3.1/../../../../../H-x86_64-pc-linux-gnu/nios2-elf/lib/mno-hw-mul/libsmallc.a(lib_a-strlen.o)
 .debug_line    0x0000000000001699      0x73c /opt/intelFPGA/21.1/nios2eds/bin/gnu/H-x86_64-pc-linux-gnu/bin/../lib/gcc/nios2-elf/10.3.1/../../../../../H-x86_64-pc-linux-gnu/nios2-elf/lib/mno-hw-mul/libsmallc.a(lib_a-vfprintf.o)
 .debug_line    0x0000000000001dd5      0x253 /opt/intelFPGA/21.1/nios2eds/bin/gnu/H-x86_64-pc-linux-gnu/bin/../lib/gcc/nios2-elf/10.3.1/../../../../../H-x86_64-pc-linux-gnu/nios2-elf/lib/mno-hw-mul/libsmallc.a(lib_a-fvwrite_small_dev.o)
 .debug_line    0x0000000000002028      0x15d /opt/intelFPGA/21.1/nios2eds/bin/gnu/H-x86_64-pc-linux-gnu/bin/../lib/gcc/nios2-elf/10.3.1/../../../../../H-x86_64-pc-linux-gnu/nios2-elf/lib/mno-hw-mul/libsmallc.a(lib_a-impure.o)
 .debug_line    0x0000000000002185      0x226 /opt/intelFPGA/21.1/nios2eds/bin/gnu/H-x86_64-pc-linux-gnu/bin/../lib/gcc/nios2-elf/10.3.1/../../../../../H-x86_64-pc-linux-gnu/nios2-elf/lib/mno-hw-mul/libsmallc.a(lib_a-writer.o)
 .debug_line    0x00000000000023ab       0x61 /opt/intelFPGA/21.1/nios2eds/bin/gnu/H-x86_64-pc-linux-gnu/bin/../lib/gcc/nios2-elf/10.3.1/../../../../../H-x86_64-pc-linux-gnu/nios2-elf/lib/mno-hw-mul/libsmallc.a(lib_a-int_errno.o)
 .debug_line    0x000000000000240c      0x135 /opt/intelFPGA/21.1/nios2eds/bin/gnu/H-x86_64-pc-linux-gnu/bin/../lib/gcc/nios2-elf/10.3.1/mno-hw-mul/libgcc.a(_muldi3.o)
 .debug_line    0x0000000000002541      0x123 ../NiosDisplay_Bsp//libhal_bsp.a(alt_iic.o)
 .debug_line    0x0000000000002664       0xfc ../NiosDisplay_Bsp//libhal_bsp.a(alt_iic_isr_register.o)
 .debug_line    0x0000000000002760       0x6b ../NiosDisplay_Bsp//libhal_bsp.a(alt_irq_entry.o)
 .debug_line    0x00000000000027cb       0xd4 ../NiosDisplay_Bsp//libhal_bsp.a(alt_irq_handler.o)
 .debug_line    0x000000000000289f       0x50 ../NiosDisplay_Bsp//libhal_bsp.a(alt_irq_vars.o)
 .debug_line    0x00000000000028ef       0xa6 ../NiosDisplay_Bsp//libhal_bsp.a(alt_load.o)
 .debug_line    0x0000000000002995       0x74 ../NiosDisplay_Bsp//libhal_bsp.a(alt_main.o)
 .debug_line    0x0000000000002a09       0xc1 ../NiosDisplay_Bsp//libhal_bsp.a(alt_usleep.o)
 .debug_line    0x0000000000002aca      0x169 ../NiosDisplay_Bsp//libhal_bsp.a(alt_write.o)
 .debug_line    0x0000000000002c33       0xa3 ../NiosDisplay_Bsp//libhal_bsp.a(alt_sys_init.o)
 .debug_line    0x0000000000002cd6       0xc6 ../NiosDisplay_Bsp//libhal_bsp.a(altera_avalon_jtag_uart_write.o)
 .debug_line    0x0000000000002d9c       0xfd ../NiosDisplay_Bsp//libhal_bsp.a(altera_avalon_timer_sc.o)
 .debug_line    0x0000000000002e99       0xe1 ../NiosDisplay_Bsp//libhal_bsp.a(alt_busy_sleep.o)
 .debug_line    0x0000000000002f7a       0x53 ../NiosDisplay_Bsp//libhal_bsp.a(alt_dcache_flush_all.o)
 .debug_line    0x0000000000002fcd       0x51 ../NiosDisplay_Bsp//libhal_bsp.a(alt_errno.o)
 .debug_line    0x000000000000301e       0xad ../NiosDisplay_Bsp//libhal_bsp.a(alt_exception_entry.o)
 .debug_line    0x00000000000030cb       0x51 ../NiosDisplay_Bsp//libhal_bsp.a(alt_icache_flush_all.o)
 .debug_line    0x000000000000311c      0x133 ../NiosDisplay_Bsp//libhal_bsp.a(alt_tick.o)
 .debug_line    0x000000000000324f       0x57 ../NiosDisplay_Bsp//libhal_bsp.a(altera_nios2_gen2_irq.o)

.debug_frame    0x0000000000000000      0x9c0
 *(.debug_frame)
 .debug_frame   0x0000000000000000      0x10c obj/default/main.o
 .debug_frame   0x000000000000010c      0x108 obj/default/snake.o
 .debug_frame   0x0000000000000214       0x58 obj/default/types.o
 .debug_frame   0x000000000000026c       0x50 /opt/intelFPGA/21.1/nios2eds/bin/gnu/H-x86_64-pc-linux-gnu/bin/../lib/gcc/nios2-elf/10.3.1/mno-hw-mul/libgcc.a(lib2-divmod.o)
 .debug_frame   0x00000000000002bc       0x20 /opt/intelFPGA/21.1/nios2eds/bin/gnu/H-x86_64-pc-linux-gnu/bin/../lib/gcc/nios2-elf/10.3.1/mno-hw-mul/libgcc.a(lib2-mul.o)
 .debug_frame   0x00000000000002dc       0x20 /opt/intelFPGA/21.1/nios2eds/bin/gnu/H-x86_64-pc-linux-gnu/bin/../lib/gcc/nios2-elf/10.3.1/../../../../../H-x86_64-pc-linux-gnu/nios2-elf/lib/mno-hw-mul/libsmallc.a(lib_a-memmove.o)
 .debug_frame   0x00000000000002fc       0x20 /opt/intelFPGA/21.1/nios2eds/bin/gnu/H-x86_64-pc-linux-gnu/bin/../lib/gcc/nios2-elf/10.3.1/../../../../../H-x86_64-pc-linux-gnu/nios2-elf/lib/mno-hw-mul/libsmallc.a(lib_a-memset.o)
 .debug_frame   0x000000000000031c       0x48 /opt/intelFPGA/21.1/nios2eds/bin/gnu/H-x86_64-pc-linux-gnu/bin/../lib/gcc/nios2-elf/10.3.1/../../../../../H-x86_64-pc-linux-gnu/nios2-elf/lib/mno-hw-mul/libsmallc.a(lib_a-printf.o)
 .debug_frame   0x0000000000000364       0x48 /opt/intelFPGA/21.1/nios2eds/bin/gnu/H-x86_64-pc-linux-gnu/bin/../lib/gcc/nios2-elf/10.3.1/../../../../../H-x86_64-pc-linux-gnu/nios2-elf/lib/mno-hw-mul/libsmallc.a(lib_a-puts.o)
 .debug_frame   0x00000000000003ac       0x3c /opt/intelFPGA/21.1/nios2eds/bin/gnu/H-x86_64-pc-linux-gnu/bin/../lib/gcc/nios2-elf/10.3.1/../../../../../H-x86_64-pc-linux-gnu/nios2-elf/lib/mno-hw-mul/libsmallc.a(lib_a-rand.o)
 .debug_frame   0x00000000000003e8       0x20 /opt/intelFPGA/21.1/nios2eds/bin/gnu/H-x86_64-pc-linux-gnu/bin/../lib/gcc/nios2-elf/10.3.1/../../../../../H-x86_64-pc-linux-gnu/nios2-elf/lib/mno-hw-mul/libsmallc.a(lib_a-strlen.o)
 .debug_frame   0x0000000000000408       0x90 /opt/intelFPGA/21.1/nios2eds/bin/gnu/H-x86_64-pc-linux-gnu/bin/../lib/gcc/nios2-elf/10.3.1/../../../../../H-x86_64-pc-linux-gnu/nios2-elf/lib/mno-hw-mul/libsmallc.a(lib_a-vfprintf.o)
 .debug_frame   0x0000000000000498       0x3c /opt/intelFPGA/21.1/nios2eds/bin/gnu/H-x86_64-pc-linux-gnu/bin/../lib/gcc/nios2-elf/10.3.1/../../../../../H-x86_64-pc-linux-gnu/nios2-elf/lib/mno-hw-mul/libsmallc.a(lib_a-fvwrite_small_dev.o)
 .debug_frame   0x00000000000004d4       0x30 /opt/intelFPGA/21.1/nios2eds/bin/gnu/H-x86_64-pc-linux-gnu/bin/../lib/gcc/nios2-elf/10.3.1/../../../../../H-x86_64-pc-linux-gnu/nios2-elf/lib/mno-hw-mul/libsmallc.a(lib_a-writer.o)
 .debug_frame   0x0000000000000504       0x50 /opt/intelFPGA/21.1/nios2eds/bin/gnu/H-x86_64-pc-linux-gnu/bin/../lib/gcc/nios2-elf/10.3.1/mno-hw-mul/libgcc.a(_muldi3.o)
 .debug_frame   0x0000000000000554       0xa4 ../NiosDisplay_Bsp//libhal_bsp.a(alt_iic.o)
 .debug_frame   0x00000000000005f8       0x38 ../NiosDisplay_Bsp//libhal_bsp.a(alt_iic_isr_register.o)
 .debug_frame   0x0000000000000630       0x38 ../NiosDisplay_Bsp//libhal_bsp.a(alt_irq_handler.o)
 .debug_frame   0x0000000000000668       0x5c ../NiosDisplay_Bsp//libhal_bsp.a(alt_load.o)
 .debug_frame   0x00000000000006c4       0x38 ../NiosDisplay_Bsp//libhal_bsp.a(alt_main.o)
 .debug_frame   0x00000000000006fc       0x38 ../NiosDisplay_Bsp//libhal_bsp.a(alt_usleep.o)
 .debug_frame   0x0000000000000734       0x60 ../NiosDisplay_Bsp//libhal_bsp.a(alt_write.o)
 .debug_frame   0x0000000000000794       0x60 ../NiosDisplay_Bsp//libhal_bsp.a(alt_sys_init.o)
 .debug_frame   0x00000000000007f4       0x34 ../NiosDisplay_Bsp//libhal_bsp.a(altera_avalon_jtag_uart_write.o)
 .debug_frame   0x0000000000000828       0x60 ../NiosDisplay_Bsp//libhal_bsp.a(altera_avalon_timer_sc.o)
 .debug_frame   0x0000000000000888       0x38 ../NiosDisplay_Bsp//libhal_bsp.a(alt_busy_sleep.o)
 .debug_frame   0x00000000000008c0       0x34 ../NiosDisplay_Bsp//libhal_bsp.a(alt_dcache_flush_all.o)
 .debug_frame   0x00000000000008f4       0x34 ../NiosDisplay_Bsp//libhal_bsp.a(alt_icache_flush_all.o)
 .debug_frame   0x0000000000000928       0x64 ../NiosDisplay_Bsp//libhal_bsp.a(alt_tick.o)
 .debug_frame   0x000000000000098c       0x34 ../NiosDisplay_Bsp//libhal_bsp.a(altera_nios2_gen2_irq.o)

.debug_str      0x0000000000000000     0x18cf
 *(.debug_str)
 .debug_str     0x0000000000000000       0x75 ../NiosDisplay_Bsp//obj/HAL/src/crt0.o
 .debug_str     0x0000000000000075      0x291 obj/default/main.o
                                        0x2fc (size before relaxing)
 .debug_str     0x0000000000000306      0x120 obj/default/snake.o
                                        0x3c5 (size before relaxing)
 .debug_str     0x0000000000000426       0x22 obj/default/types.o
                                        0x184 (size before relaxing)
 .debug_str     0x0000000000000448      0x196 /opt/intelFPGA/21.1/nios2eds/bin/gnu/H-x86_64-pc-linux-gnu/bin/../lib/gcc/nios2-elf/10.3.1/mno-hw-mul/libgcc.a(lib2-divmod.o)
                                        0x1e1 (size before relaxing)
 .debug_str     0x00000000000005de       0x43 /opt/intelFPGA/21.1/nios2eds/bin/gnu/H-x86_64-pc-linux-gnu/bin/../lib/gcc/nios2-elf/10.3.1/mno-hw-mul/libgcc.a(lib2-mul.o)
                                        0x1a2 (size before relaxing)
 .debug_str     0x0000000000000621      0x14f /opt/intelFPGA/21.1/nios2eds/bin/gnu/H-x86_64-pc-linux-gnu/bin/../lib/gcc/nios2-elf/10.3.1/../../../../../H-x86_64-pc-linux-gnu/nios2-elf/lib/mno-hw-mul/libsmallc.a(lib_a-memmove.o)
                                        0x1f2 (size before relaxing)
 .debug_str     0x0000000000000770       0x46 /opt/intelFPGA/21.1/nios2eds/bin/gnu/H-x86_64-pc-linux-gnu/bin/../lib/gcc/nios2-elf/10.3.1/../../../../../H-x86_64-pc-linux-gnu/nios2-elf/lib/mno-hw-mul/libsmallc.a(lib_a-memset.o)
                                        0x1d7 (size before relaxing)
 .debug_str     0x00000000000007b6      0x3e8 /opt/intelFPGA/21.1/nios2eds/bin/gnu/H-x86_64-pc-linux-gnu/bin/../lib/gcc/nios2-elf/10.3.1/../../../../../H-x86_64-pc-linux-gnu/nios2-elf/lib/mno-hw-mul/libsmallc.a(lib_a-printf.o)
                                        0x50f (size before relaxing)
 .debug_str     0x0000000000000b9e       0x65 /opt/intelFPGA/21.1/nios2eds/bin/gnu/H-x86_64-pc-linux-gnu/bin/../lib/gcc/nios2-elf/10.3.1/../../../../../H-x86_64-pc-linux-gnu/nios2-elf/lib/mno-hw-mul/libsmallc.a(lib_a-puts.o)
                                        0x4d8 (size before relaxing)
 .debug_str     0x0000000000000c03       0xed /opt/intelFPGA/21.1/nios2eds/bin/gnu/H-x86_64-pc-linux-gnu/bin/../lib/gcc/nios2-elf/10.3.1/../../../../../H-x86_64-pc-linux-gnu/nios2-elf/lib/mno-hw-mul/libsmallc.a(lib_a-rand.o)
                                        0x4d3 (size before relaxing)
 .debug_str     0x0000000000000cf0       0x3f /opt/intelFPGA/21.1/nios2eds/bin/gnu/H-x86_64-pc-linux-gnu/bin/../lib/gcc/nios2-elf/10.3.1/../../../../../H-x86_64-pc-linux-gnu/nios2-elf/lib/mno-hw-mul/libsmallc.a(lib_a-strlen.o)
                                        0x1dd (size before relaxing)
 .debug_str     0x0000000000000d2f      0x2c8 /opt/intelFPGA/21.1/nios2eds/bin/gnu/H-x86_64-pc-linux-gnu/bin/../lib/gcc/nios2-elf/10.3.1/../../../../../H-x86_64-pc-linux-gnu/nios2-elf/lib/mno-hw-mul/libsmallc.a(lib_a-vfprintf.o)
                                        0x872 (size before relaxing)
 .debug_str     0x0000000000000ff7       0x65 /opt/intelFPGA/21.1/nios2eds/bin/gnu/H-x86_64-pc-linux-gnu/bin/../lib/gcc/nios2-elf/10.3.1/../../../../../H-x86_64-pc-linux-gnu/nios2-elf/lib/mno-hw-mul/libsmallc.a(lib_a-fvwrite_small_dev.o)
                                        0x4df (size before relaxing)
 .debug_str     0x000000000000105c       0xf3 /opt/intelFPGA/21.1/nios2eds/bin/gnu/H-x86_64-pc-linux-gnu/bin/../lib/gcc/nios2-elf/10.3.1/../../../../../H-x86_64-pc-linux-gnu/nios2-elf/lib/mno-hw-mul/libsmallc.a(lib_a-impure.o)
                                        0x4c9 (size before relaxing)
 .debug_str     0x000000000000114f       0x47 /opt/intelFPGA/21.1/nios2eds/bin/gnu/H-x86_64-pc-linux-gnu/bin/../lib/gcc/nios2-elf/10.3.1/../../../../../H-x86_64-pc-linux-gnu/nios2-elf/lib/mno-hw-mul/libsmallc.a(lib_a-writer.o)
                                        0x4c3 (size before relaxing)
 .debug_str     0x0000000000001196       0x41 /opt/intelFPGA/21.1/nios2eds/bin/gnu/H-x86_64-pc-linux-gnu/bin/../lib/gcc/nios2-elf/10.3.1/../../../../../H-x86_64-pc-linux-gnu/nios2-elf/lib/mno-hw-mul/libsmallc.a(lib_a-int_errno.o)
                                        0x1d0 (size before relaxing)
 .debug_str     0x00000000000011d7       0x8e /opt/intelFPGA/21.1/nios2eds/bin/gnu/H-x86_64-pc-linux-gnu/bin/../lib/gcc/nios2-elf/10.3.1/mno-hw-mul/libgcc.a(_muldi3.o)
                                        0x242 (size before relaxing)
 .debug_str     0x0000000000001265       0xf1 ../NiosDisplay_Bsp//libhal_bsp.a(alt_iic.o)
                                        0x24a (size before relaxing)
 .debug_str     0x0000000000001356       0x4c ../NiosDisplay_Bsp//libhal_bsp.a(alt_iic_isr_register.o)
                                        0x206 (size before relaxing)
 .debug_str     0x00000000000013a2       0x18 ../NiosDisplay_Bsp//libhal_bsp.a(alt_irq_entry.o)
                                         0x7e (size before relaxing)
 .debug_str     0x00000000000013ba       0x3a ../NiosDisplay_Bsp//libhal_bsp.a(alt_irq_handler.o)
                                        0x1b5 (size before relaxing)
 .debug_str     0x00000000000013f4       0x29 ../NiosDisplay_Bsp//libhal_bsp.a(alt_irq_vars.o)
                                        0x161 (size before relaxing)
 .debug_str     0x000000000000141d       0xe9 ../NiosDisplay_Bsp//libhal_bsp.a(alt_load.o)
                                        0x230 (size before relaxing)
 .debug_str     0x0000000000001506       0x44 ../NiosDisplay_Bsp//libhal_bsp.a(alt_main.o)
                                        0x183 (size before relaxing)
 .debug_str     0x000000000000154a       0x29 ../NiosDisplay_Bsp//libhal_bsp.a(alt_usleep.o)
                                        0x173 (size before relaxing)
 .debug_str     0x0000000000001573       0x6f ../NiosDisplay_Bsp//libhal_bsp.a(alt_write.o)
                                        0x1c6 (size before relaxing)
 .debug_str     0x00000000000015e2       0x6a ../NiosDisplay_Bsp//libhal_bsp.a(alt_sys_init.o)
                                        0x1ce (size before relaxing)
 .debug_str     0x000000000000164c       0x2c ../NiosDisplay_Bsp//libhal_bsp.a(altera_avalon_jtag_uart_write.o)
                                        0x1df (size before relaxing)
 .debug_str     0x0000000000001678       0x93 ../NiosDisplay_Bsp//libhal_bsp.a(altera_avalon_timer_sc.o)
                                        0x22c (size before relaxing)
 .debug_str     0x000000000000170b       0x42 ../NiosDisplay_Bsp//libhal_bsp.a(alt_busy_sleep.o)
                                        0x189 (size before relaxing)
 .debug_str     0x000000000000174d       0x34 ../NiosDisplay_Bsp//libhal_bsp.a(alt_dcache_flush_all.o)
                                        0x173 (size before relaxing)
 .debug_str     0x0000000000001781       0x14 ../NiosDisplay_Bsp//libhal_bsp.a(alt_errno.o)
                                        0x15d (size before relaxing)
 .debug_str     0x0000000000001795       0x1e ../NiosDisplay_Bsp//libhal_bsp.a(alt_exception_entry.o)
                                         0x84 (size before relaxing)
 .debug_str     0x00000000000017b3       0x34 ../NiosDisplay_Bsp//libhal_bsp.a(alt_icache_flush_all.o)
                                        0x173 (size before relaxing)
 .debug_str     0x00000000000017e7       0xad ../NiosDisplay_Bsp//libhal_bsp.a(alt_tick.o)
                                        0x268 (size before relaxing)
 .debug_str     0x0000000000001894       0x3b ../NiosDisplay_Bsp//libhal_bsp.a(altera_nios2_gen2_irq.o)
                                        0x17a (size before relaxing)

.debug_loc      0x0000000000000000     0x1a5a
 *(.debug_loc)
 .debug_loc     0x0000000000000000      0x5d0 /opt/intelFPGA/21.1/nios2eds/bin/gnu/H-x86_64-pc-linux-gnu/bin/../lib/gcc/nios2-elf/10.3.1/mno-hw-mul/libgcc.a(lib2-divmod.o)
 .debug_loc     0x00000000000005d0       0xa7 /opt/intelFPGA/21.1/nios2eds/bin/gnu/H-x86_64-pc-linux-gnu/bin/../lib/gcc/nios2-elf/10.3.1/mno-hw-mul/libgcc.a(lib2-mul.o)
 .debug_loc     0x0000000000000677      0x263 /opt/intelFPGA/21.1/nios2eds/bin/gnu/H-x86_64-pc-linux-gnu/bin/../lib/gcc/nios2-elf/10.3.1/../../../../../H-x86_64-pc-linux-gnu/nios2-elf/lib/mno-hw-mul/libsmallc.a(lib_a-memmove.o)
 .debug_loc     0x00000000000008da       0xac /opt/intelFPGA/21.1/nios2eds/bin/gnu/H-x86_64-pc-linux-gnu/bin/../lib/gcc/nios2-elf/10.3.1/../../../../../H-x86_64-pc-linux-gnu/nios2-elf/lib/mno-hw-mul/libsmallc.a(lib_a-memset.o)
 .debug_loc     0x0000000000000986       0xe1 /opt/intelFPGA/21.1/nios2eds/bin/gnu/H-x86_64-pc-linux-gnu/bin/../lib/gcc/nios2-elf/10.3.1/../../../../../H-x86_64-pc-linux-gnu/nios2-elf/lib/mno-hw-mul/libsmallc.a(lib_a-printf.o)
 .debug_loc     0x0000000000000a67       0xab /opt/intelFPGA/21.1/nios2eds/bin/gnu/H-x86_64-pc-linux-gnu/bin/../lib/gcc/nios2-elf/10.3.1/../../../../../H-x86_64-pc-linux-gnu/nios2-elf/lib/mno-hw-mul/libsmallc.a(lib_a-puts.o)
 .debug_loc     0x0000000000000b12       0x44 /opt/intelFPGA/21.1/nios2eds/bin/gnu/H-x86_64-pc-linux-gnu/bin/../lib/gcc/nios2-elf/10.3.1/../../../../../H-x86_64-pc-linux-gnu/nios2-elf/lib/mno-hw-mul/libsmallc.a(lib_a-strlen.o)
 .debug_loc     0x0000000000000b56      0xb26 /opt/intelFPGA/21.1/nios2eds/bin/gnu/H-x86_64-pc-linux-gnu/bin/../lib/gcc/nios2-elf/10.3.1/../../../../../H-x86_64-pc-linux-gnu/nios2-elf/lib/mno-hw-mul/libsmallc.a(lib_a-vfprintf.o)
 .debug_loc     0x000000000000167c      0x123 /opt/intelFPGA/21.1/nios2eds/bin/gnu/H-x86_64-pc-linux-gnu/bin/../lib/gcc/nios2-elf/10.3.1/../../../../../H-x86_64-pc-linux-gnu/nios2-elf/lib/mno-hw-mul/libsmallc.a(lib_a-fvwrite_small_dev.o)
 .debug_loc     0x000000000000179f       0xd0 /opt/intelFPGA/21.1/nios2eds/bin/gnu/H-x86_64-pc-linux-gnu/bin/../lib/gcc/nios2-elf/10.3.1/../../../../../H-x86_64-pc-linux-gnu/nios2-elf/lib/mno-hw-mul/libsmallc.a(lib_a-writer.o)
 .debug_loc     0x000000000000186f      0x1eb /opt/intelFPGA/21.1/nios2eds/bin/gnu/H-x86_64-pc-linux-gnu/bin/../lib/gcc/nios2-elf/10.3.1/mno-hw-mul/libgcc.a(_muldi3.o)

.debug_macinfo
 *(.debug_macinfo)

.debug_weaknames
 *(.debug_weaknames)

.debug_funcnames
 *(.debug_funcnames)

.debug_typenames
 *(.debug_typenames)

.debug_varnames
 *(.debug_varnames)

.debug_alt_sim_info
                0x0000000000000000       0x40
 *(.debug_alt_sim_info)
 .debug_alt_sim_info
                0x0000000000000000       0x10 ../NiosDisplay_Bsp//obj/HAL/src/crt0.o
 .debug_alt_sim_info
                0x0000000000000010       0x30 ../NiosDisplay_Bsp//libhal_bsp.a(alt_busy_sleep.o)
                0x00000000000a0000                __alt_data_end = 0xa0000
                0x00000000000a0000                PROVIDE (__alt_stack_pointer = __alt_data_end)
                [!provide]                        PROVIDE (__alt_stack_limit = __alt_stack_base)
                [!provide]                        PROVIDE (__alt_heap_start = end)
                [!provide]                        PROVIDE (__alt_heap_limit = 0xa0000)
OUTPUT(NiosDisplay_App.elf elf32-littlenios2)
LOAD linker stubs

.debug_ranges   0x0000000000000000      0x2a8
 .debug_ranges  0x0000000000000000       0x70 /opt/intelFPGA/21.1/nios2eds/bin/gnu/H-x86_64-pc-linux-gnu/bin/../lib/gcc/nios2-elf/10.3.1/mno-hw-mul/libgcc.a(lib2-divmod.o)
 .debug_ranges  0x0000000000000070       0x10 /opt/intelFPGA/21.1/nios2eds/bin/gnu/H-x86_64-pc-linux-gnu/bin/../lib/gcc/nios2-elf/10.3.1/../../../../../H-x86_64-pc-linux-gnu/nios2-elf/lib/mno-hw-mul/libsmallc.a(lib_a-memmove.o)
 .debug_ranges  0x0000000000000080       0x10 /opt/intelFPGA/21.1/nios2eds/bin/gnu/H-x86_64-pc-linux-gnu/bin/../lib/gcc/nios2-elf/10.3.1/../../../../../H-x86_64-pc-linux-gnu/nios2-elf/lib/mno-hw-mul/libsmallc.a(lib_a-memset.o)
 .debug_ranges  0x0000000000000090       0x18 /opt/intelFPGA/21.1/nios2eds/bin/gnu/H-x86_64-pc-linux-gnu/bin/../lib/gcc/nios2-elf/10.3.1/../../../../../H-x86_64-pc-linux-gnu/nios2-elf/lib/mno-hw-mul/libsmallc.a(lib_a-printf.o)
 .debug_ranges  0x00000000000000a8       0x18 /opt/intelFPGA/21.1/nios2eds/bin/gnu/H-x86_64-pc-linux-gnu/bin/../lib/gcc/nios2-elf/10.3.1/../../../../../H-x86_64-pc-linux-gnu/nios2-elf/lib/mno-hw-mul/libsmallc.a(lib_a-puts.o)
 .debug_ranges  0x00000000000000c0       0x18 /opt/intelFPGA/21.1/nios2eds/bin/gnu/H-x86_64-pc-linux-gnu/bin/../lib/gcc/nios2-elf/10.3.1/../../../../../H-x86_64-pc-linux-gnu/nios2-elf/lib/mno-hw-mul/libsmallc.a(lib_a-rand.o)
 .debug_ranges  0x00000000000000d8       0x10 /opt/intelFPGA/21.1/nios2eds/bin/gnu/H-x86_64-pc-linux-gnu/bin/../lib/gcc/nios2-elf/10.3.1/../../../../../H-x86_64-pc-linux-gnu/nios2-elf/lib/mno-hw-mul/libsmallc.a(lib_a-strlen.o)
 .debug_ranges  0x00000000000000e8       0xf8 /opt/intelFPGA/21.1/nios2eds/bin/gnu/H-x86_64-pc-linux-gnu/bin/../lib/gcc/nios2-elf/10.3.1/../../../../../H-x86_64-pc-linux-gnu/nios2-elf/lib/mno-hw-mul/libsmallc.a(lib_a-vfprintf.o)
 .debug_ranges  0x00000000000001e0       0x10 /opt/intelFPGA/21.1/nios2eds/bin/gnu/H-x86_64-pc-linux-gnu/bin/../lib/gcc/nios2-elf/10.3.1/../../../../../H-x86_64-pc-linux-gnu/nios2-elf/lib/mno-hw-mul/libsmallc.a(lib_a-fvwrite_small_dev.o)
 .debug_ranges  0x00000000000001f0       0x10 /opt/intelFPGA/21.1/nios2eds/bin/gnu/H-x86_64-pc-linux-gnu/bin/../lib/gcc/nios2-elf/10.3.1/../../../../../H-x86_64-pc-linux-gnu/nios2-elf/lib/mno-hw-mul/libsmallc.a(lib_a-writer.o)
 .debug_ranges  0x0000000000000200       0x40 /opt/intelFPGA/21.1/nios2eds/bin/gnu/H-x86_64-pc-linux-gnu/bin/../lib/gcc/nios2-elf/10.3.1/mno-hw-mul/libgcc.a(_muldi3.o)
 .debug_ranges  0x0000000000000240       0x28 ../NiosDisplay_Bsp//libhal_bsp.a(alt_irq_entry.o)
 .debug_ranges  0x0000000000000268       0x10 ../NiosDisplay_Bsp//libhal_bsp.a(alt_irq_handler.o)
 .debug_ranges  0x0000000000000278       0x30 ../NiosDisplay_Bsp//libhal_bsp.a(alt_exception_entry.o)
