Archive member included to satisfy reference by file (symbol)

/opt/intelFPGA/21.1/nios2eds/bin/gnu/H-x86_64-pc-linux-gnu/bin/../lib/gcc/nios2-elf/10.3.1/mno-hw-mul/libgcc.a(lib2-divmod.o)
                              obj/default/main.o (__modsi3)
/opt/intelFPGA/21.1/nios2eds/bin/gnu/H-x86_64-pc-linux-gnu/bin/../lib/gcc/nios2-elf/10.3.1/mno-hw-mul/libgcc.a(lib2-mul.o)
                              obj/default/main.o (__mulsi3)
/opt/intelFPGA/21.1/nios2eds/bin/gnu/H-x86_64-pc-linux-gnu/bin/../lib/gcc/nios2-elf/10.3.1/../../../../../H-x86_64-pc-linux-gnu/nios2-elf/lib/mno-hw-mul/libsmallc.a(lib_a-memcpy.o)
                              obj/default/snake.o (memcpy)
/opt/intelFPGA/21.1/nios2eds/bin/gnu/H-x86_64-pc-linux-gnu/bin/../lib/gcc/nios2-elf/10.3.1/../../../../../H-x86_64-pc-linux-gnu/nios2-elf/lib/mno-hw-mul/libsmallc.a(lib_a-memmove.o)
                              obj/default/snake.o (memmove)
/opt/intelFPGA/21.1/nios2eds/bin/gnu/H-x86_64-pc-linux-gnu/bin/../lib/gcc/nios2-elf/10.3.1/../../../../../H-x86_64-pc-linux-gnu/nios2-elf/lib/mno-hw-mul/libsmallc.a(lib_a-memset.o)
                              obj/default/snake.o (memset)
/opt/intelFPGA/21.1/nios2eds/bin/gnu/H-x86_64-pc-linux-gnu/bin/../lib/gcc/nios2-elf/10.3.1/../../../../../H-x86_64-pc-linux-gnu/nios2-elf/lib/mno-hw-mul/libsmallc.a(lib_a-printf.o)
                              obj/default/main.o (printf)
/opt/intelFPGA/21.1/nios2eds/bin/gnu/H-x86_64-pc-linux-gnu/bin/../lib/gcc/nios2-elf/10.3.1/../../../../../H-x86_64-pc-linux-gnu/nios2-elf/lib/mno-hw-mul/libsmallc.a(lib_a-puts.o)
                              obj/default/main.o (puts)
/opt/intelFPGA/21.1/nios2eds/bin/gnu/H-x86_64-pc-linux-gnu/bin/../lib/gcc/nios2-elf/10.3.1/../../../../../H-x86_64-pc-linux-gnu/nios2-elf/lib/mno-hw-mul/libsmallc.a(lib_a-rand.o)
                              obj/default/main.o (srand)
/opt/intelFPGA/21.1/nios2eds/bin/gnu/H-x86_64-pc-linux-gnu/bin/../lib/gcc/nios2-elf/10.3.1/../../../../../H-x86_64-pc-linux-gnu/nios2-elf/lib/mno-hw-mul/libsmallc.a(lib_a-strlen.o)
                              /opt/intelFPGA/21.1/nios2eds/bin/gnu/H-x86_64-pc-linux-gnu/bin/../lib/gcc/nios2-elf/10.3.1/../../../../../H-x86_64-pc-linux-gnu/nios2-elf/lib/mno-hw-mul/libsmallc.a(lib_a-puts.o) (strlen)
/opt/intelFPGA/21.1/nios2eds/bin/gnu/H-x86_64-pc-linux-gnu/bin/../lib/gcc/nios2-elf/10.3.1/../../../../../H-x86_64-pc-linux-gnu/nios2-elf/lib/mno-hw-mul/libsmallc.a(lib_a-vfprintf.o)
                              /opt/intelFPGA/21.1/nios2eds/bin/gnu/H-x86_64-pc-linux-gnu/bin/../lib/gcc/nios2-elf/10.3.1/../../../../../H-x86_64-pc-linux-gnu/nios2-elf/lib/mno-hw-mul/libsmallc.a(lib_a-printf.o) (___vfprintf_internal_r)
/opt/intelFPGA/21.1/nios2eds/bin/gnu/H-x86_64-pc-linux-gnu/bin/../lib/gcc/nios2-elf/10.3.1/../../../../../H-x86_64-pc-linux-gnu/nios2-elf/lib/mno-hw-mul/libsmallc.a(lib_a-fvwrite_small_dev.o)
                              /opt/intelFPGA/21.1/nios2eds/bin/gnu/H-x86_64-pc-linux-gnu/bin/../lib/gcc/nios2-elf/10.3.1/../../../../../H-x86_64-pc-linux-gnu/nios2-elf/lib/mno-hw-mul/libsmallc.a(lib_a-printf.o) (__sfvwrite_small_dev)
/opt/intelFPGA/21.1/nios2eds/bin/gnu/H-x86_64-pc-linux-gnu/bin/../lib/gcc/nios2-elf/10.3.1/../../../../../H-x86_64-pc-linux-gnu/nios2-elf/lib/mno-hw-mul/libsmallc.a(lib_a-impure.o)
                              /opt/intelFPGA/21.1/nios2eds/bin/gnu/H-x86_64-pc-linux-gnu/bin/../lib/gcc/nios2-elf/10.3.1/../../../../../H-x86_64-pc-linux-gnu/nios2-elf/lib/mno-hw-mul/libsmallc.a(lib_a-printf.o) (_impure_ptr)
/opt/intelFPGA/21.1/nios2eds/bin/gnu/H-x86_64-pc-linux-gnu/bin/../lib/gcc/nios2-elf/10.3.1/../../../../../H-x86_64-pc-linux-gnu/nios2-elf/lib/mno-hw-mul/libsmallc.a(lib_a-writer.o)
                              /opt/intelFPGA/21.1/nios2eds/bin/gnu/H-x86_64-pc-linux-gnu/bin/../lib/gcc/nios2-elf/10.3.1/../../../../../H-x86_64-pc-linux-gnu/nios2-elf/lib/mno-hw-mul/libsmallc.a(lib_a-fvwrite_small_dev.o) (_write_r)
/opt/intelFPGA/21.1/nios2eds/bin/gnu/H-x86_64-pc-linux-gnu/bin/../lib/gcc/nios2-elf/10.3.1/../../../../../H-x86_64-pc-linux-gnu/nios2-elf/lib/mno-hw-mul/libsmallc.a(lib_a-int_errno.o)
                              /opt/intelFPGA/21.1/nios2eds/bin/gnu/H-x86_64-pc-linux-gnu/bin/../lib/gcc/nios2-elf/10.3.1/../../../../../H-x86_64-pc-linux-gnu/nios2-elf/lib/mno-hw-mul/libsmallc.a(lib_a-writer.o) (errno)
/opt/intelFPGA/21.1/nios2eds/bin/gnu/H-x86_64-pc-linux-gnu/bin/../lib/gcc/nios2-elf/10.3.1/mno-hw-mul/libgcc.a(_muldi3.o)
                              /opt/intelFPGA/21.1/nios2eds/bin/gnu/H-x86_64-pc-linux-gnu/bin/../lib/gcc/nios2-elf/10.3.1/../../../../../H-x86_64-pc-linux-gnu/nios2-elf/lib/mno-hw-mul/libsmallc.a(lib_a-rand.o) (__muldi3)
../NiosDisplay_Bsp//libhal_bsp.a(alt_iic.o)
                              obj/default/main.o (alt_ic_isr_register)
../NiosDisplay_Bsp//libhal_bsp.a(alt_iic_isr_register.o)
                              ../NiosDisplay_Bsp//libhal_bsp.a(alt_iic.o) (alt_iic_isr_register)
../NiosDisplay_Bsp//libhal_bsp.a(alt_irq_entry.o)
                              ../NiosDisplay_Bsp//libhal_bsp.a(alt_iic_isr_register.o) (alt_irq_entry)
../NiosDisplay_Bsp//libhal_bsp.a(alt_irq_handler.o)
                              ../NiosDisplay_Bsp//libhal_bsp.a(alt_iic_isr_register.o) (alt_irq)
../NiosDisplay_Bsp//libhal_bsp.a(alt_irq_vars.o)
                              ../NiosDisplay_Bsp//libhal_bsp.a(alt_iic.o) (alt_irq_active)
../NiosDisplay_Bsp//libhal_bsp.a(alt_load.o)
                              ../NiosDisplay_Bsp//obj/HAL/src/crt0.o (alt_load)
../NiosDisplay_Bsp//libhal_bsp.a(alt_main.o)
                              ../NiosDisplay_Bsp//obj/HAL/src/crt0.o (alt_main)
../NiosDisplay_Bsp//libhal_bsp.a(alt_usleep.o)
                              obj/default/main.o (usleep)
../NiosDisplay_Bsp//libhal_bsp.a(alt_write.o)
                              /opt/intelFPGA/21.1/nios2eds/bin/gnu/H-x86_64-pc-linux-gnu/bin/../lib/gcc/nios2-elf/10.3.1/../../../../../H-x86_64-pc-linux-gnu/nios2-elf/lib/mno-hw-mul/libsmallc.a(lib_a-writer.o) (write)
../NiosDisplay_Bsp//libhal_bsp.a(alt_sys_init.o)
                              ../NiosDisplay_Bsp//libhal_bsp.a(alt_write.o) (jtag)
../NiosDisplay_Bsp//libhal_bsp.a(altera_avalon_jtag_uart_write.o)
                              ../NiosDisplay_Bsp//libhal_bsp.a(alt_write.o) (altera_avalon_jtag_uart_write)
../NiosDisplay_Bsp//libhal_bsp.a(altera_avalon_timer_sc.o)
                              ../NiosDisplay_Bsp//libhal_bsp.a(alt_sys_init.o) (alt_avalon_timer_sc_init)
../NiosDisplay_Bsp//libhal_bsp.a(alt_busy_sleep.o)
                              ../NiosDisplay_Bsp//libhal_bsp.a(alt_usleep.o) (alt_busy_sleep)
../NiosDisplay_Bsp//libhal_bsp.a(alt_dcache_flush_all.o)
                              ../NiosDisplay_Bsp//libhal_bsp.a(alt_load.o) (alt_dcache_flush_all)
../NiosDisplay_Bsp//libhal_bsp.a(alt_errno.o)
                              ../NiosDisplay_Bsp//libhal_bsp.a(alt_write.o) (alt_errno)
../NiosDisplay_Bsp//libhal_bsp.a(alt_exception_entry.o)
                              ../NiosDisplay_Bsp//libhal_bsp.a(alt_irq_entry.o) (alt_exception)
../NiosDisplay_Bsp//libhal_bsp.a(alt_icache_flush_all.o)
                              ../NiosDisplay_Bsp//libhal_bsp.a(alt_load.o) (alt_icache_flush_all)
../NiosDisplay_Bsp//libhal_bsp.a(alt_tick.o)
                              ../NiosDisplay_Bsp//libhal_bsp.a(altera_avalon_timer_sc.o) (_alt_tick_rate)
../NiosDisplay_Bsp//libhal_bsp.a(altera_nios2_gen2_irq.o)
                              ../NiosDisplay_Bsp//libhal_bsp.a(alt_sys_init.o) (altera_nios2_gen2_irq_init)

Memory Configuration

Name             Origin             Length             Attributes
frame_buffer     0x0000000000000000 0x0000000000044e20
reset            0x0000000000090000 0x0000000000000020
memory           0x0000000000090020 0x000000000000ffe0
*default*        0x0000000000000000 0xffffffffffffffff

Linker script and memory map

LOAD ../NiosDisplay_Bsp//obj/HAL/src/crt0.o
LOAD obj/default/main.o
LOAD obj/default/snake.o
LOAD obj/default/types.o
LOAD /opt/intelFPGA/21.1/nios2eds/bin/gnu/H-x86_64-pc-linux-gnu/bin/../lib/gcc/nios2-elf/10.3.1/../../../../../H-x86_64-pc-linux-gnu/nios2-elf/lib/mno-hw-mul/libstdc++.a
LOAD /opt/intelFPGA/21.1/nios2eds/bin/gnu/H-x86_64-pc-linux-gnu/bin/../lib/gcc/nios2-elf/10.3.1/../../../../../H-x86_64-pc-linux-gnu/nios2-elf/lib/mno-hw-mul/libm.a
LOAD /opt/intelFPGA/21.1/nios2eds/bin/gnu/H-x86_64-pc-linux-gnu/bin/../lib/gcc/nios2-elf/10.3.1/mno-hw-mul/libgcc.a
START GROUP
LOAD /opt/intelFPGA/21.1/nios2eds/bin/gnu/H-x86_64-pc-linux-gnu/bin/../lib/gcc/nios2-elf/10.3.1/../../../../../H-x86_64-pc-linux-gnu/nios2-elf/lib/mno-hw-mul/libsmallc.a
LOAD /opt/intelFPGA/21.1/nios2eds/bin/gnu/H-x86_64-pc-linux-gnu/bin/../lib/gcc/nios2-elf/10.3.1/mno-hw-mul/libgcc.a
LOAD ../NiosDisplay_Bsp//libhal_bsp.a
LOAD /opt/intelFPGA/21.1/nios2eds/bin/gnu/H-x86_64-pc-linux-gnu/bin/../lib/gcc/nios2-elf/10.3.1/../../../../../H-x86_64-pc-linux-gnu/nios2-elf/lib/mno-hw-mul/libm.a
END GROUP
LOAD /opt/intelFPGA/21.1/nios2eds/bin/gnu/H-x86_64-pc-linux-gnu/bin/../lib/gcc/nios2-elf/10.3.1/mno-hw-mul/libgcc.a
                0x0000000000000000                __alt_mem_frame_buffer = 0x0
                0x0000000000090000                __alt_mem_memory = 0x90000

.entry          0x0000000000090000        0x0
 *(.entry)
 .entry         0x0000000000090000        0x0 ../NiosDisplay_Bsp//obj/HAL/src/crt0.o
                0x0000000000090000                __reset
                0x0000000000090000                _exit

.exceptions     0x0000000000090020      0x194
                0x0000000000090020                PROVIDE (__ram_exceptions_start = ABSOLUTE (.))
                0x0000000000090020                . = ALIGN (0x20)
 *(.irq)
 *(.exceptions.entry.label)
 .exceptions.entry.label
                0x0000000000090020        0x0 ../NiosDisplay_Bsp//libhal_bsp.a(alt_irq_entry.o)
                0x0000000000090020                alt_irq_entry
 .exceptions.entry.label
                0x0000000000090020        0x0 ../NiosDisplay_Bsp//libhal_bsp.a(alt_exception_entry.o)
                0x0000000000090020                alt_exception
 *(.exceptions.entry.user)
 *(.exceptions.entry.ecc_fatal)
 *(.exceptions.entry)
 .exceptions.entry
                0x0000000000090020       0x54 ../NiosDisplay_Bsp//libhal_bsp.a(alt_exception_entry.o)
 *(.exceptions.irqtest.user)
 *(.exceptions.irqtest)
 .exceptions.irqtest
                0x0000000000090074       0x10 ../NiosDisplay_Bsp//libhal_bsp.a(alt_irq_entry.o)
 *(.exceptions.irqhandler.user)
 *(.exceptions.irqhandler)
 .exceptions.irqhandler
                0x0000000000090084        0x4 ../NiosDisplay_Bsp//libhal_bsp.a(alt_irq_entry.o)
 *(.exceptions.irqreturn.user)
 *(.exceptions.irqreturn)
 .exceptions.irqreturn
                0x0000000000090088        0x4 ../NiosDisplay_Bsp//libhal_bsp.a(alt_irq_entry.o)
 *(.exceptions.notirq.label)
 .exceptions.notirq.label
                0x000000000009008c        0x0 ../NiosDisplay_Bsp//libhal_bsp.a(alt_irq_entry.o)
 *(.exceptions.notirq.user)
 *(.exceptions.notirq)
 .exceptions.notirq
                0x000000000009008c        0x8 ../NiosDisplay_Bsp//libhal_bsp.a(alt_exception_entry.o)
 *(.exceptions.soft.user)
 *(.exceptions.soft)
 *(.exceptions.unknown.user)
 *(.exceptions.unknown)
 .exceptions.unknown
                0x0000000000090094        0x4 ../NiosDisplay_Bsp//libhal_bsp.a(alt_exception_entry.o)
 *(.exceptions.exit.label)
 .exceptions.exit.label
                0x0000000000090098        0x0 ../NiosDisplay_Bsp//libhal_bsp.a(alt_irq_entry.o)
 .exceptions.exit.label
                0x0000000000090098        0x0 ../NiosDisplay_Bsp//libhal_bsp.a(alt_exception_entry.o)
 *(.exceptions.exit.user)
 *(.exceptions.exit)
 .exceptions.exit
                0x0000000000090098       0x54 ../NiosDisplay_Bsp//libhal_bsp.a(alt_exception_entry.o)
 *(.exceptions)
 .exceptions    0x00000000000900ec       0xc8 ../NiosDisplay_Bsp//libhal_bsp.a(alt_irq_handler.o)
                0x00000000000900ec                alt_irq_handler
                0x00000000000901b4                PROVIDE (__ram_exceptions_end = ABSOLUTE (.))
                0x0000000000090020                PROVIDE (__flash_exceptions_start = LOADADDR (.exceptions))

.text           0x00000000000901b4     0x21cc
                [!provide]                        PROVIDE (stext = ABSOLUTE (.))
 *(.interp)
 *(.hash)
 *(.dynsym)
 *(.dynstr)
 *(.gnu.version)
 *(.gnu.version_d)
 *(.gnu.version_r)
 *(.rel.init)
 *(.rela.init)
 *(.rel.text .rel.text.* .rel.gnu.linkonce.t.*)
 *(.rela.text .rela.text.* .rela.gnu.linkonce.t.*)
 *(.rel.fini)
 *(.rela.fini)
 *(.rel.rodata .rel.rodata.* .rel.gnu.linkonce.r.*)
 *(.rela.rodata .rela.rodata.* .rela.gnu.linkonce.r.*)
 *(.rel.data .rel.data.* .rel.gnu.linkonce.d.*)
 *(.rela.data .rela.data.* .rela.gnu.linkonce.d.*)
 *(.rel.tdata .rel.tdata.* .rel.gnu.linkonce.td.*)
 *(.rela.tdata .rela.tdata.* .rela.gnu.linkonce.td.*)
 *(.rel.tbss .rel.tbss.* .rel.gnu.linkonce.tb.*)
 *(.rela.tbss .rela.tbss.* .rela.gnu.linkonce.tb.*)
 *(.rel.ctors)
 *(.rela.ctors)
 *(.rel.dtors)
 *(.rela.dtors)
 *(.rel.got)
 *(.rela.got)
 *(.rel.sdata .rel.sdata.* .rel.gnu.linkonce.s.*)
 *(.rela.sdata .rela.sdata.* .rela.gnu.linkonce.s.*)
 *(.rel.sbss .rel.sbss.* .rel.gnu.linkonce.sb.*)
 *(.rela.sbss .rela.sbss.* .rela.gnu.linkonce.sb.*)
 *(.rel.sdata2 .rel.sdata2.* .rel.gnu.linkonce.s2.*)
 *(.rela.sdata2 .rela.sdata2.* .rela.gnu.linkonce.s2.*)
 *(.rel.sbss2 .rel.sbss2.* .rel.gnu.linkonce.sb2.*)
 *(.rela.sbss2 .rela.sbss2.* .rela.gnu.linkonce.sb2.*)
 *(.rel.bss .rel.bss.* .rel.gnu.linkonce.b.*)
 *(.rela.bss .rela.bss.* .rela.gnu.linkonce.b.*)
 *(.rel.plt)
 *(.rela.plt)
 *(.rel.dyn)
 *(.init)
 *(.plt)
 *(.text .stub .text.* .gnu.linkonce.t.*)
 .text          0x00000000000901b4       0x3c ../NiosDisplay_Bsp//obj/HAL/src/crt0.o
                0x00000000000901b4                _start
 .text          0x00000000000901f0      0x25c obj/default/main.o
                0x00000000000901f0                delay
                0x0000000000090230                display_flush
                0x0000000000090258                rnd
                0x000000000009028c                display_score
                0x00000000000902b4                read_direction
                0x0000000000090380                main
 .text          0x000000000009044c      0x834 obj/default/snake.o
                0x000000000009044c                draw_game_over
                0x0000000000090540                fill_buffer
                0x00000000000905bc                draw_square
                0x00000000000906b8                detect_collision_snake
                0x0000000000090754                move_snake
                0x00000000000908b8                filter_direction
                0x0000000000090958                snake_play
 .text          0x0000000000090c80       0xcc obj/default/types.o
                0x0000000000090c80                point_t_equals
                0x0000000000090cdc                is_between
 .text          0x0000000000090d4c      0x1b4 /opt/intelFPGA/21.1/nios2eds/bin/gnu/H-x86_64-pc-linux-gnu/bin/../lib/gcc/nios2-elf/10.3.1/mno-hw-mul/libgcc.a(lib2-divmod.o)
                0x0000000000090d4c                __divsi3
                0x0000000000090dcc                __modsi3
                0x0000000000090e40                __udivsi3
                0x0000000000090ea4                __umodsi3
 .text          0x0000000000090f00       0x28 /opt/intelFPGA/21.1/nios2eds/bin/gnu/H-x86_64-pc-linux-gnu/bin/../lib/gcc/nios2-elf/10.3.1/mno-hw-mul/libgcc.a(lib2-mul.o)
                0x0000000000090f00                __mulsi3
 .text          0x0000000000090f28        0x0 /opt/intelFPGA/21.1/nios2eds/bin/gnu/H-x86_64-pc-linux-gnu/bin/../lib/gcc/nios2-elf/10.3.1/../../../../../H-x86_64-pc-linux-gnu/nios2-elf/lib/mno-hw-mul/libsmallc.a(lib_a-memcpy.o)
 .text.memcpy   0x0000000000090f28       0x28 /opt/intelFPGA/21.1/nios2eds/bin/gnu/H-x86_64-pc-linux-gnu/bin/../lib/gcc/nios2-elf/10.3.1/../../../../../H-x86_64-pc-linux-gnu/nios2-elf/lib/mno-hw-mul/libsmallc.a(lib_a-memcpy.o)
                0x0000000000090f28                memcpy
 .text          0x0000000000090f50        0x0 /opt/intelFPGA/21.1/nios2eds/bin/gnu/H-x86_64-pc-linux-gnu/bin/../lib/gcc/nios2-elf/10.3.1/../../../../../H-x86_64-pc-linux-gnu/nios2-elf/lib/mno-hw-mul/libsmallc.a(lib_a-memmove.o)
 .text.memmove  0x0000000000090f50       0x60 /opt/intelFPGA/21.1/nios2eds/bin/gnu/H-x86_64-pc-linux-gnu/bin/../lib/gcc/nios2-elf/10.3.1/../../../../../H-x86_64-pc-linux-gnu/nios2-elf/lib/mno-hw-mul/libsmallc.a(lib_a-memmove.o)
                0x0000000000090f50                memmove
 .text          0x0000000000090fb0        0x0 /opt/intelFPGA/21.1/nios2eds/bin/gnu/H-x86_64-pc-linux-gnu/bin/../lib/gcc/nios2-elf/10.3.1/../../../../../H-x86_64-pc-linux-gnu/nios2-elf/lib/mno-hw-mul/libsmallc.a(lib_a-memset.o)
 .text.memset   0x0000000000090fb0       0x20 /opt/intelFPGA/21.1/nios2eds/bin/gnu/H-x86_64-pc-linux-gnu/bin/../lib/gcc/nios2-elf/10.3.1/../../../../../H-x86_64-pc-linux-gnu/nios2-elf/lib/mno-hw-mul/libsmallc.a(lib_a-memset.o)
                0x0000000000090fb0                memset
 .text          0x0000000000090fd0        0x0 /opt/intelFPGA/21.1/nios2eds/bin/gnu/H-x86_64-pc-linux-gnu/bin/../lib/gcc/nios2-elf/10.3.1/../../../../../H-x86_64-pc-linux-gnu/nios2-elf/lib/mno-hw-mul/libsmallc.a(lib_a-printf.o)
 .text._printf_r
                0x0000000000090fd0       0x3c /opt/intelFPGA/21.1/nios2eds/bin/gnu/H-x86_64-pc-linux-gnu/bin/../lib/gcc/nios2-elf/10.3.1/../../../../../H-x86_64-pc-linux-gnu/nios2-elf/lib/mno-hw-mul/libsmallc.a(lib_a-printf.o)
                0x0000000000090fd0                _printf_r
 .text.printf   0x000000000009100c       0x48 /opt/intelFPGA/21.1/nios2eds/bin/gnu/H-x86_64-pc-linux-gnu/bin/../lib/gcc/nios2-elf/10.3.1/../../../../../H-x86_64-pc-linux-gnu/nios2-elf/lib/mno-hw-mul/libsmallc.a(lib_a-printf.o)
                0x000000000009100c                printf
 .text          0x0000000000091054        0x0 /opt/intelFPGA/21.1/nios2eds/bin/gnu/H-x86_64-pc-linux-gnu/bin/../lib/gcc/nios2-elf/10.3.1/../../../../../H-x86_64-pc-linux-gnu/nios2-elf/lib/mno-hw-mul/libsmallc.a(lib_a-puts.o)
 .text._puts_r  0x0000000000091054       0x80 /opt/intelFPGA/21.1/nios2eds/bin/gnu/H-x86_64-pc-linux-gnu/bin/../lib/gcc/nios2-elf/10.3.1/../../../../../H-x86_64-pc-linux-gnu/nios2-elf/lib/mno-hw-mul/libsmallc.a(lib_a-puts.o)
                0x0000000000091054                _puts_r
 .text.puts     0x00000000000910d4       0x10 /opt/intelFPGA/21.1/nios2eds/bin/gnu/H-x86_64-pc-linux-gnu/bin/../lib/gcc/nios2-elf/10.3.1/../../../../../H-x86_64-pc-linux-gnu/nios2-elf/lib/mno-hw-mul/libsmallc.a(lib_a-puts.o)
                0x00000000000910d4                puts
 .text          0x00000000000910e4        0x0 /opt/intelFPGA/21.1/nios2eds/bin/gnu/H-x86_64-pc-linux-gnu/bin/../lib/gcc/nios2-elf/10.3.1/../../../../../H-x86_64-pc-linux-gnu/nios2-elf/lib/mno-hw-mul/libsmallc.a(lib_a-rand.o)
 .text.srand    0x00000000000910e4       0x14 /opt/intelFPGA/21.1/nios2eds/bin/gnu/H-x86_64-pc-linux-gnu/bin/../lib/gcc/nios2-elf/10.3.1/../../../../../H-x86_64-pc-linux-gnu/nios2-elf/lib/mno-hw-mul/libsmallc.a(lib_a-rand.o)
                0x00000000000910e4                srand
 .text.rand     0x00000000000910f8       0x60 /opt/intelFPGA/21.1/nios2eds/bin/gnu/H-x86_64-pc-linux-gnu/bin/../lib/gcc/nios2-elf/10.3.1/../../../../../H-x86_64-pc-linux-gnu/nios2-elf/lib/mno-hw-mul/libsmallc.a(lib_a-rand.o)
                0x00000000000910f8                rand
 .text          0x0000000000091158        0x0 /opt/intelFPGA/21.1/nios2eds/bin/gnu/H-x86_64-pc-linux-gnu/bin/../lib/gcc/nios2-elf/10.3.1/../../../../../H-x86_64-pc-linux-gnu/nios2-elf/lib/mno-hw-mul/libsmallc.a(lib_a-strlen.o)
 .text.strlen   0x0000000000091158       0x1c /opt/intelFPGA/21.1/nios2eds/bin/gnu/H-x86_64-pc-linux-gnu/bin/../lib/gcc/nios2-elf/10.3.1/../../../../../H-x86_64-pc-linux-gnu/nios2-elf/lib/mno-hw-mul/libsmallc.a(lib_a-strlen.o)
                0x0000000000091158                strlen
 .text          0x0000000000091174        0x0 /opt/intelFPGA/21.1/nios2eds/bin/gnu/H-x86_64-pc-linux-gnu/bin/../lib/gcc/nios2-elf/10.3.1/../../../../../H-x86_64-pc-linux-gnu/nios2-elf/lib/mno-hw-mul/libsmallc.a(lib_a-vfprintf.o)
 .text.print_repeat
                0x0000000000091174       0x6c /opt/intelFPGA/21.1/nios2eds/bin/gnu/H-x86_64-pc-linux-gnu/bin/../lib/gcc/nios2-elf/10.3.1/../../../../../H-x86_64-pc-linux-gnu/nios2-elf/lib/mno-hw-mul/libsmallc.a(lib_a-vfprintf.o)
 .text.___vfprintf_internal_r
                0x00000000000911e0      0x50c /opt/intelFPGA/21.1/nios2eds/bin/gnu/H-x86_64-pc-linux-gnu/bin/../lib/gcc/nios2-elf/10.3.1/../../../../../H-x86_64-pc-linux-gnu/nios2-elf/lib/mno-hw-mul/libsmallc.a(lib_a-vfprintf.o)
                0x00000000000911e0                ___vfprintf_internal_r
 .text.__vfprintf_internal
                0x00000000000916ec       0x18 /opt/intelFPGA/21.1/nios2eds/bin/gnu/H-x86_64-pc-linux-gnu/bin/../lib/gcc/nios2-elf/10.3.1/../../../../../H-x86_64-pc-linux-gnu/nios2-elf/lib/mno-hw-mul/libsmallc.a(lib_a-vfprintf.o)
                0x00000000000916ec                __vfprintf_internal
 .text          0x0000000000091704        0x0 /opt/intelFPGA/21.1/nios2eds/bin/gnu/H-x86_64-pc-linux-gnu/bin/../lib/gcc/nios2-elf/10.3.1/../../../../../H-x86_64-pc-linux-gnu/nios2-elf/lib/mno-hw-mul/libsmallc.a(lib_a-fvwrite_small_dev.o)
 .text.__sfvwrite_small_dev
                0x0000000000091704       0xa8 /opt/intelFPGA/21.1/nios2eds/bin/gnu/H-x86_64-pc-linux-gnu/bin/../lib/gcc/nios2-elf/10.3.1/../../../../../H-x86_64-pc-linux-gnu/nios2-elf/lib/mno-hw-mul/libsmallc.a(lib_a-fvwrite_small_dev.o)
                0x0000000000091704                __sfvwrite_small_dev
 .text          0x00000000000917ac        0x0 /opt/intelFPGA/21.1/nios2eds/bin/gnu/H-x86_64-pc-linux-gnu/bin/../lib/gcc/nios2-elf/10.3.1/../../../../../H-x86_64-pc-linux-gnu/nios2-elf/lib/mno-hw-mul/libsmallc.a(lib_a-impure.o)
 .text          0x00000000000917ac        0x0 /opt/intelFPGA/21.1/nios2eds/bin/gnu/H-x86_64-pc-linux-gnu/bin/../lib/gcc/nios2-elf/10.3.1/../../../../../H-x86_64-pc-linux-gnu/nios2-elf/lib/mno-hw-mul/libsmallc.a(lib_a-writer.o)
 .text._write_r
                0x00000000000917ac       0x50 /opt/intelFPGA/21.1/nios2eds/bin/gnu/H-x86_64-pc-linux-gnu/bin/../lib/gcc/nios2-elf/10.3.1/../../../../../H-x86_64-pc-linux-gnu/nios2-elf/lib/mno-hw-mul/libsmallc.a(lib_a-writer.o)
                0x00000000000917ac                _write_r
 .text          0x00000000000917fc        0x0 /opt/intelFPGA/21.1/nios2eds/bin/gnu/H-x86_64-pc-linux-gnu/bin/../lib/gcc/nios2-elf/10.3.1/../../../../../H-x86_64-pc-linux-gnu/nios2-elf/lib/mno-hw-mul/libsmallc.a(lib_a-int_errno.o)
 .text          0x00000000000917fc      0x104 /opt/intelFPGA/21.1/nios2eds/bin/gnu/H-x86_64-pc-linux-gnu/bin/../lib/gcc/nios2-elf/10.3.1/mno-hw-mul/libgcc.a(_muldi3.o)
                0x00000000000917fc                __muldi3
 .text          0x0000000000091900      0x1b0 ../NiosDisplay_Bsp//libhal_bsp.a(alt_iic.o)
                0x0000000000091900                alt_ic_isr_register
                0x0000000000091950                alt_ic_irq_enable
                0x00000000000919d8                alt_ic_irq_disable
                0x0000000000091a64                alt_ic_irq_enabled
 .text          0x0000000000091ab0       0xe8 ../NiosDisplay_Bsp//libhal_bsp.a(alt_iic_isr_register.o)
                0x0000000000091ab0                alt_iic_isr_register
 .text          0x0000000000091b98        0x0 ../NiosDisplay_Bsp//libhal_bsp.a(alt_irq_entry.o)
 .text          0x0000000000091b98        0x0 ../NiosDisplay_Bsp//libhal_bsp.a(alt_irq_handler.o)
 .text          0x0000000000091b98        0x0 ../NiosDisplay_Bsp//libhal_bsp.a(alt_irq_vars.o)
 .text          0x0000000000091b98       0xec ../NiosDisplay_Bsp//libhal_bsp.a(alt_load.o)
                0x0000000000091c00                alt_load
 .text          0x0000000000091c84       0x54 ../NiosDisplay_Bsp//libhal_bsp.a(alt_main.o)
                0x0000000000091c84                alt_main
 .text          0x0000000000091cd8       0x30 ../NiosDisplay_Bsp//libhal_bsp.a(alt_usleep.o)
                0x0000000000091cd8                usleep
 .text          0x0000000000091d08       0xdc ../NiosDisplay_Bsp//libhal_bsp.a(alt_write.o)
                0x0000000000091d44                write
 .text          0x0000000000091de4       0x7c ../NiosDisplay_Bsp//libhal_bsp.a(alt_sys_init.o)
                0x0000000000091de4                alt_irq_init
                0x0000000000091e20                alt_sys_init
 .text          0x0000000000091e60       0x94 ../NiosDisplay_Bsp//libhal_bsp.a(altera_avalon_jtag_uart_write.o)
                0x0000000000091e60                altera_avalon_jtag_uart_write
 .text          0x0000000000091ef4      0x100 ../NiosDisplay_Bsp//libhal_bsp.a(altera_avalon_timer_sc.o)
                0x0000000000091f70                alt_avalon_timer_sc_init
 .text          0x0000000000091ff4      0x158 ../NiosDisplay_Bsp//libhal_bsp.a(alt_busy_sleep.o)
                0x0000000000091ff4                alt_busy_sleep
 .text          0x000000000009214c       0x20 ../NiosDisplay_Bsp//libhal_bsp.a(alt_dcache_flush_all.o)
                0x000000000009214c                alt_dcache_flush_all
 .text          0x000000000009216c        0x0 ../NiosDisplay_Bsp//libhal_bsp.a(alt_errno.o)
 .text          0x000000000009216c        0x0 ../NiosDisplay_Bsp//libhal_bsp.a(alt_exception_entry.o)
 .text          0x000000000009216c       0x20 ../NiosDisplay_Bsp//libhal_bsp.a(alt_icache_flush_all.o)
                0x000000000009216c                alt_icache_flush_all
 .text          0x000000000009218c      0x1d0 ../NiosDisplay_Bsp//libhal_bsp.a(alt_tick.o)
                0x000000000009218c                alt_alarm_stop
                0x0000000000092230                alt_tick
 .text          0x000000000009235c       0x24 ../NiosDisplay_Bsp//libhal_bsp.a(altera_nios2_gen2_irq.o)
                0x000000000009235c                altera_nios2_gen2_irq_init
 *(.gnu.warning.*)
 *(.fini)
                [!provide]                        PROVIDE (__etext = ABSOLUTE (.))
                [!provide]                        PROVIDE (_etext = ABSOLUTE (.))
                [!provide]                        PROVIDE (etext = ABSOLUTE (.))
 *(.eh_frame_hdr)
                0x0000000000092380                . = ALIGN (0x4)
                [!provide]                        PROVIDE (__preinit_array_start = ABSOLUTE (.))
 *(.preinit_array)
                [!provide]                        PROVIDE (__preinit_array_end = ABSOLUTE (.))
                [!provide]                        PROVIDE (__init_array_start = ABSOLUTE (.))
 *(.init_array)
                [!provide]                        PROVIDE (__init_array_end = ABSOLUTE (.))
                [!provide]                        PROVIDE (__fini_array_start = ABSOLUTE (.))
 *(.fini_array)
                [!provide]                        PROVIDE (__fini_array_end = ABSOLUTE (.))
 *(.eh_frame)
 *(.gcc_except_table .gcc_except_table.*)
 *(.dynamic)
                [!provide]                        PROVIDE (__CTOR_LIST__ = ABSOLUTE (.))
 *(.ctors)
 *(SORT_BY_NAME(.ctors.*))
                [!provide]                        PROVIDE (__CTOR_END__ = ABSOLUTE (.))
                [!provide]                        PROVIDE (__DTOR_LIST__ = ABSOLUTE (.))
 *(.dtors)
 *(SORT_BY_NAME(.dtors.*))
                [!provide]                        PROVIDE (__DTOR_END__ = ABSOLUTE (.))
 *(.jcr)
                0x0000000000092380                . = ALIGN (0x4)

.rodata         0x0000000000092380      0x1a0
                0x0000000000092380                PROVIDE (__ram_rodata_start = ABSOLUTE (.))
                0x0000000000092380                . = ALIGN (0x4)
 *(.rodata .rodata.* .gnu.linkonce.r.*)
 .rodata        0x0000000000092380       0xac obj/default/main.o
                0x0000000000092380                game_over_points_x
                0x00000000000923d0                game_over_points_y
 .rodata        0x000000000009242c       0xed obj/default/snake.o
 *fill*         0x0000000000092519        0x3 
 .rodata._puts_r.str1.4
                0x000000000009251c        0x2 /opt/intelFPGA/21.1/nios2eds/bin/gnu/H-x86_64-pc-linux-gnu/bin/../lib/gcc/nios2-elf/10.3.1/../../../../../H-x86_64-pc-linux-gnu/nios2-elf/lib/mno-hw-mul/libsmallc.a(lib_a-puts.o)
 *(.rodata1)
                0x0000000000092520                . = ALIGN (0x4)
 *fill*         0x000000000009251e        0x2 
                0x0000000000092520                PROVIDE (__ram_rodata_end = ABSOLUTE (.))
                0x0000000000092380                PROVIDE (__flash_rodata_start = LOADADDR (.rodata))

.rwdata         0x0000000000092520      0x104
                0x0000000000092520                PROVIDE (__ram_rwdata_start = ABSOLUTE (.))
                0x0000000000092520                . = ALIGN (0x4)
 *(.got.plt)
 *(.got)
 *(.data1)
 *(.data .data.* .gnu.linkonce.d.*)
 .data          0x0000000000092520        0x0 ../NiosDisplay_Bsp//obj/HAL/src/crt0.o
 .data          0x0000000000092520        0x0 obj/default/main.o
 .data          0x0000000000092520        0x0 obj/default/snake.o
 .data          0x0000000000092520        0x0 obj/default/types.o
 .data          0x0000000000092520        0x0 /opt/intelFPGA/21.1/nios2eds/bin/gnu/H-x86_64-pc-linux-gnu/bin/../lib/gcc/nios2-elf/10.3.1/mno-hw-mul/libgcc.a(lib2-divmod.o)
 .data          0x0000000000092520        0x0 /opt/intelFPGA/21.1/nios2eds/bin/gnu/H-x86_64-pc-linux-gnu/bin/../lib/gcc/nios2-elf/10.3.1/mno-hw-mul/libgcc.a(lib2-mul.o)
 .data          0x0000000000092520        0x0 /opt/intelFPGA/21.1/nios2eds/bin/gnu/H-x86_64-pc-linux-gnu/bin/../lib/gcc/nios2-elf/10.3.1/../../../../../H-x86_64-pc-linux-gnu/nios2-elf/lib/mno-hw-mul/libsmallc.a(lib_a-memcpy.o)
 .data          0x0000000000092520        0x0 /opt/intelFPGA/21.1/nios2eds/bin/gnu/H-x86_64-pc-linux-gnu/bin/../lib/gcc/nios2-elf/10.3.1/../../../../../H-x86_64-pc-linux-gnu/nios2-elf/lib/mno-hw-mul/libsmallc.a(lib_a-memmove.o)
 .data          0x0000000000092520        0x0 /opt/intelFPGA/21.1/nios2eds/bin/gnu/H-x86_64-pc-linux-gnu/bin/../lib/gcc/nios2-elf/10.3.1/../../../../../H-x86_64-pc-linux-gnu/nios2-elf/lib/mno-hw-mul/libsmallc.a(lib_a-memset.o)
 .data          0x0000000000092520        0x0 /opt/intelFPGA/21.1/nios2eds/bin/gnu/H-x86_64-pc-linux-gnu/bin/../lib/gcc/nios2-elf/10.3.1/../../../../../H-x86_64-pc-linux-gnu/nios2-elf/lib/mno-hw-mul/libsmallc.a(lib_a-printf.o)
 .data          0x0000000000092520        0x0 /opt/intelFPGA/21.1/nios2eds/bin/gnu/H-x86_64-pc-linux-gnu/bin/../lib/gcc/nios2-elf/10.3.1/../../../../../H-x86_64-pc-linux-gnu/nios2-elf/lib/mno-hw-mul/libsmallc.a(lib_a-puts.o)
 .data          0x0000000000092520        0x0 /opt/intelFPGA/21.1/nios2eds/bin/gnu/H-x86_64-pc-linux-gnu/bin/../lib/gcc/nios2-elf/10.3.1/../../../../../H-x86_64-pc-linux-gnu/nios2-elf/lib/mno-hw-mul/libsmallc.a(lib_a-rand.o)
 .data          0x0000000000092520        0x0 /opt/intelFPGA/21.1/nios2eds/bin/gnu/H-x86_64-pc-linux-gnu/bin/../lib/gcc/nios2-elf/10.3.1/../../../../../H-x86_64-pc-linux-gnu/nios2-elf/lib/mno-hw-mul/libsmallc.a(lib_a-strlen.o)
 .data          0x0000000000092520        0x0 /opt/intelFPGA/21.1/nios2eds/bin/gnu/H-x86_64-pc-linux-gnu/bin/../lib/gcc/nios2-elf/10.3.1/../../../../../H-x86_64-pc-linux-gnu/nios2-elf/lib/mno-hw-mul/libsmallc.a(lib_a-vfprintf.o)
 .data          0x0000000000092520        0x0 /opt/intelFPGA/21.1/nios2eds/bin/gnu/H-x86_64-pc-linux-gnu/bin/../lib/gcc/nios2-elf/10.3.1/../../../../../H-x86_64-pc-linux-gnu/nios2-elf/lib/mno-hw-mul/libsmallc.a(lib_a-fvwrite_small_dev.o)
 .data          0x0000000000092520        0x0 /opt/intelFPGA/21.1/nios2eds/bin/gnu/H-x86_64-pc-linux-gnu/bin/../lib/gcc/nios2-elf/10.3.1/../../../../../H-x86_64-pc-linux-gnu/nios2-elf/lib/mno-hw-mul/libsmallc.a(lib_a-impure.o)
 .data.impure_data
                0x0000000000092520       0xe4 /opt/intelFPGA/21.1/nios2eds/bin/gnu/H-x86_64-pc-linux-gnu/bin/../lib/gcc/nios2-elf/10.3.1/../../../../../H-x86_64-pc-linux-gnu/nios2-elf/lib/mno-hw-mul/libsmallc.a(lib_a-impure.o)
 .data          0x0000000000092604        0x0 /opt/intelFPGA/21.1/nios2eds/bin/gnu/H-x86_64-pc-linux-gnu/bin/../lib/gcc/nios2-elf/10.3.1/../../../../../H-x86_64-pc-linux-gnu/nios2-elf/lib/mno-hw-mul/libsmallc.a(lib_a-writer.o)
 .data          0x0000000000092604        0x0 /opt/intelFPGA/21.1/nios2eds/bin/gnu/H-x86_64-pc-linux-gnu/bin/../lib/gcc/nios2-elf/10.3.1/../../../../../H-x86_64-pc-linux-gnu/nios2-elf/lib/mno-hw-mul/libsmallc.a(lib_a-int_errno.o)
 .data          0x0000000000092604        0x0 /opt/intelFPGA/21.1/nios2eds/bin/gnu/H-x86_64-pc-linux-gnu/bin/../lib/gcc/nios2-elf/10.3.1/mno-hw-mul/libgcc.a(_muldi3.o)
 .data          0x0000000000092604        0x0 ../NiosDisplay_Bsp//libhal_bsp.a(alt_iic.o)
 .data          0x0000000000092604        0x0 ../NiosDisplay_Bsp//libhal_bsp.a(alt_iic_isr_register.o)
 .data          0x0000000000092604        0x0 ../NiosDisplay_Bsp//libhal_bsp.a(alt_irq_entry.o)
 .data          0x0000000000092604        0x0 ../NiosDisplay_Bsp//libhal_bsp.a(alt_irq_handler.o)
 .data          0x0000000000092604        0x0 ../NiosDisplay_Bsp//libhal_bsp.a(alt_irq_vars.o)
 .data          0x0000000000092604        0x0 ../NiosDisplay_Bsp//libhal_bsp.a(alt_load.o)
 .data          0x0000000000092604        0x0 ../NiosDisplay_Bsp//libhal_bsp.a(alt_main.o)
 .data          0x0000000000092604        0x0 ../NiosDisplay_Bsp//libhal_bsp.a(alt_usleep.o)
 .data          0x0000000000092604        0x0 ../NiosDisplay_Bsp//libhal_bsp.a(alt_write.o)
 .data          0x0000000000092604        0x0 ../NiosDisplay_Bsp//libhal_bsp.a(alt_sys_init.o)
 .data          0x0000000000092604        0x0 ../NiosDisplay_Bsp//libhal_bsp.a(altera_avalon_jtag_uart_write.o)
 .data          0x0000000000092604        0x0 ../NiosDisplay_Bsp//libhal_bsp.a(altera_avalon_timer_sc.o)
 .data          0x0000000000092604        0x0 ../NiosDisplay_Bsp//libhal_bsp.a(alt_busy_sleep.o)
 .data          0x0000000000092604        0x0 ../NiosDisplay_Bsp//libhal_bsp.a(alt_dcache_flush_all.o)
 .data          0x0000000000092604        0x0 ../NiosDisplay_Bsp//libhal_bsp.a(alt_errno.o)
 .data          0x0000000000092604        0x0 ../NiosDisplay_Bsp//libhal_bsp.a(alt_exception_entry.o)
 .data          0x0000000000092604        0x0 ../NiosDisplay_Bsp//libhal_bsp.a(alt_icache_flush_all.o)
 .data          0x0000000000092604        0x0 ../NiosDisplay_Bsp//libhal_bsp.a(alt_tick.o)
 .data          0x0000000000092604        0x0 ../NiosDisplay_Bsp//libhal_bsp.a(altera_nios2_gen2_irq.o)
                0x000000000009a604                _gp = ABSOLUTE ((. + 0x8000))
                [!provide]                        PROVIDE (gp = _gp)
 *(.rwdata .rwdata.*)
 *(.sdata .sdata.* .gnu.linkonce.s.*)
 .sdata         0x0000000000092604        0x4 obj/default/main.o
 .sdata._global_impure_ptr
                0x0000000000092608        0x4 /opt/intelFPGA/21.1/nios2eds/bin/gnu/H-x86_64-pc-linux-gnu/bin/../lib/gcc/nios2-elf/10.3.1/../../../../../H-x86_64-pc-linux-gnu/nios2-elf/lib/mno-hw-mul/libsmallc.a(lib_a-impure.o)
                0x0000000000092608                _global_impure_ptr
 .sdata._impure_ptr
                0x000000000009260c        0x4 /opt/intelFPGA/21.1/nios2eds/bin/gnu/H-x86_64-pc-linux-gnu/bin/../lib/gcc/nios2-elf/10.3.1/../../../../../H-x86_64-pc-linux-gnu/nios2-elf/lib/mno-hw-mul/libsmallc.a(lib_a-impure.o)
                0x000000000009260c                _impure_ptr
 .sdata         0x0000000000092610        0x4 ../NiosDisplay_Bsp//libhal_bsp.a(alt_irq_vars.o)
                0x0000000000092610                alt_priority_mask
 .sdata         0x0000000000092614        0x4 ../NiosDisplay_Bsp//libhal_bsp.a(alt_sys_init.o)
                0x0000000000092614                jtag
 .sdata         0x0000000000092618        0x4 ../NiosDisplay_Bsp//libhal_bsp.a(alt_errno.o)
                0x0000000000092618                alt_errno
 .sdata         0x000000000009261c        0x8 ../NiosDisplay_Bsp//libhal_bsp.a(alt_tick.o)
                0x000000000009261c                alt_alarm_list
 *(.sdata2 .sdata2.* .gnu.linkonce.s2.*)
                0x0000000000092624                . = ALIGN (0x4)
                0x0000000000092624                _edata = ABSOLUTE (.)
                [!provide]                        PROVIDE (edata = ABSOLUTE (.))
                0x0000000000092624                PROVIDE (__ram_rwdata_end = ABSOLUTE (.))
                0x0000000000092520                PROVIDE (__flash_rwdata_start = LOADADDR (.rwdata))

.bss            0x0000000000092624      0x12c
                0x0000000000092624                __bss_start = ABSOLUTE (.)
                [!provide]                        PROVIDE (__sbss_start = ABSOLUTE (.))
                [!provide]                        PROVIDE (___sbss_start = ABSOLUTE (.))
 *(.dynsbss)
 *(.sbss .sbss.* .gnu.linkonce.sb.*)
 .sbss          0x0000000000092624        0x4 obj/default/main.o
                0x0000000000092624                edge_capture
 .sbss._randbits
                0x0000000000092628        0x8 /opt/intelFPGA/21.1/nios2eds/bin/gnu/H-x86_64-pc-linux-gnu/bin/../lib/gcc/nios2-elf/10.3.1/../../../../../H-x86_64-pc-linux-gnu/nios2-elf/lib/mno-hw-mul/libsmallc.a(lib_a-rand.o)
 .sbss.errno    0x0000000000092630        0x4 /opt/intelFPGA/21.1/nios2eds/bin/gnu/H-x86_64-pc-linux-gnu/bin/../lib/gcc/nios2-elf/10.3.1/../../../../../H-x86_64-pc-linux-gnu/nios2-elf/lib/mno-hw-mul/libsmallc.a(lib_a-int_errno.o)
                0x0000000000092630                errno
 .sbss          0x0000000000092634        0x4 ../NiosDisplay_Bsp//libhal_bsp.a(alt_irq_vars.o)
                0x0000000000092634                alt_irq_active
 .sbss          0x0000000000092638        0xc ../NiosDisplay_Bsp//libhal_bsp.a(alt_main.o)
                0x0000000000092638                alt_argc
                0x000000000009263c                alt_argv
                0x0000000000092640                alt_envp
 .sbss          0x0000000000092644        0xc ../NiosDisplay_Bsp//libhal_bsp.a(alt_tick.o)
                0x0000000000092644                _alt_tick_rate
                0x0000000000092648                _alt_nticks
 *(.sbss2 .sbss2.* .gnu.linkonce.sb2.*)
 *(.scommon)
                [!provide]                        PROVIDE (__sbss_end = ABSOLUTE (.))
                [!provide]                        PROVIDE (___sbss_end = ABSOLUTE (.))
 *(.dynbss)
 *(.bss .bss.* .gnu.linkonce.b.*)
 .bss           0x0000000000092650        0x0 ../NiosDisplay_Bsp//obj/HAL/src/crt0.o
 .bss           0x0000000000092650        0x0 obj/default/main.o
 .bss           0x0000000000092650        0x0 obj/default/snake.o
 .bss           0x0000000000092650        0x0 obj/default/types.o
 .bss           0x0000000000092650        0x0 /opt/intelFPGA/21.1/nios2eds/bin/gnu/H-x86_64-pc-linux-gnu/bin/../lib/gcc/nios2-elf/10.3.1/mno-hw-mul/libgcc.a(lib2-divmod.o)
 .bss           0x0000000000092650        0x0 /opt/intelFPGA/21.1/nios2eds/bin/gnu/H-x86_64-pc-linux-gnu/bin/../lib/gcc/nios2-elf/10.3.1/mno-hw-mul/libgcc.a(lib2-mul.o)
 .bss           0x0000000000092650        0x0 /opt/intelFPGA/21.1/nios2eds/bin/gnu/H-x86_64-pc-linux-gnu/bin/../lib/gcc/nios2-elf/10.3.1/../../../../../H-x86_64-pc-linux-gnu/nios2-elf/lib/mno-hw-mul/libsmallc.a(lib_a-memcpy.o)
 .bss           0x0000000000092650        0x0 /opt/intelFPGA/21.1/nios2eds/bin/gnu/H-x86_64-pc-linux-gnu/bin/../lib/gcc/nios2-elf/10.3.1/../../../../../H-x86_64-pc-linux-gnu/nios2-elf/lib/mno-hw-mul/libsmallc.a(lib_a-memmove.o)
 .bss           0x0000000000092650        0x0 /opt/intelFPGA/21.1/nios2eds/bin/gnu/H-x86_64-pc-linux-gnu/bin/../lib/gcc/nios2-elf/10.3.1/../../../../../H-x86_64-pc-linux-gnu/nios2-elf/lib/mno-hw-mul/libsmallc.a(lib_a-memset.o)
 .bss           0x0000000000092650        0x0 /opt/intelFPGA/21.1/nios2eds/bin/gnu/H-x86_64-pc-linux-gnu/bin/../lib/gcc/nios2-elf/10.3.1/../../../../../H-x86_64-pc-linux-gnu/nios2-elf/lib/mno-hw-mul/libsmallc.a(lib_a-printf.o)
 .bss           0x0000000000092650        0x0 /opt/intelFPGA/21.1/nios2eds/bin/gnu/H-x86_64-pc-linux-gnu/bin/../lib/gcc/nios2-elf/10.3.1/../../../../../H-x86_64-pc-linux-gnu/nios2-elf/lib/mno-hw-mul/libsmallc.a(lib_a-puts.o)
 .bss           0x0000000000092650        0x0 /opt/intelFPGA/21.1/nios2eds/bin/gnu/H-x86_64-pc-linux-gnu/bin/../lib/gcc/nios2-elf/10.3.1/../../../../../H-x86_64-pc-linux-gnu/nios2-elf/lib/mno-hw-mul/libsmallc.a(lib_a-rand.o)
 .bss           0x0000000000092650        0x0 /opt/intelFPGA/21.1/nios2eds/bin/gnu/H-x86_64-pc-linux-gnu/bin/../lib/gcc/nios2-elf/10.3.1/../../../../../H-x86_64-pc-linux-gnu/nios2-elf/lib/mno-hw-mul/libsmallc.a(lib_a-strlen.o)
 .bss           0x0000000000092650        0x0 /opt/intelFPGA/21.1/nios2eds/bin/gnu/H-x86_64-pc-linux-gnu/bin/../lib/gcc/nios2-elf/10.3.1/../../../../../H-x86_64-pc-linux-gnu/nios2-elf/lib/mno-hw-mul/libsmallc.a(lib_a-vfprintf.o)
 .bss           0x0000000000092650        0x0 /opt/intelFPGA/21.1/nios2eds/bin/gnu/H-x86_64-pc-linux-gnu/bin/../lib/gcc/nios2-elf/10.3.1/../../../../../H-x86_64-pc-linux-gnu/nios2-elf/lib/mno-hw-mul/libsmallc.a(lib_a-fvwrite_small_dev.o)
 .bss           0x0000000000092650        0x0 /opt/intelFPGA/21.1/nios2eds/bin/gnu/H-x86_64-pc-linux-gnu/bin/../lib/gcc/nios2-elf/10.3.1/../../../../../H-x86_64-pc-linux-gnu/nios2-elf/lib/mno-hw-mul/libsmallc.a(lib_a-impure.o)
 .bss           0x0000000000092650        0x0 /opt/intelFPGA/21.1/nios2eds/bin/gnu/H-x86_64-pc-linux-gnu/bin/../lib/gcc/nios2-elf/10.3.1/../../../../../H-x86_64-pc-linux-gnu/nios2-elf/lib/mno-hw-mul/libsmallc.a(lib_a-writer.o)
 .bss           0x0000000000092650        0x0 /opt/intelFPGA/21.1/nios2eds/bin/gnu/H-x86_64-pc-linux-gnu/bin/../lib/gcc/nios2-elf/10.3.1/../../../../../H-x86_64-pc-linux-gnu/nios2-elf/lib/mno-hw-mul/libsmallc.a(lib_a-int_errno.o)
 .bss           0x0000000000092650        0x0 /opt/intelFPGA/21.1/nios2eds/bin/gnu/H-x86_64-pc-linux-gnu/bin/../lib/gcc/nios2-elf/10.3.1/mno-hw-mul/libgcc.a(_muldi3.o)
 .bss           0x0000000000092650        0x0 ../NiosDisplay_Bsp//libhal_bsp.a(alt_iic.o)
 .bss           0x0000000000092650        0x0 ../NiosDisplay_Bsp//libhal_bsp.a(alt_iic_isr_register.o)
 .bss           0x0000000000092650        0x0 ../NiosDisplay_Bsp//libhal_bsp.a(alt_irq_entry.o)
 .bss           0x0000000000092650      0x100 ../NiosDisplay_Bsp//libhal_bsp.a(alt_irq_handler.o)
                0x0000000000092650                alt_irq
 .bss           0x0000000000092750        0x0 ../NiosDisplay_Bsp//libhal_bsp.a(alt_irq_vars.o)
 .bss           0x0000000000092750        0x0 ../NiosDisplay_Bsp//libhal_bsp.a(alt_load.o)
 .bss           0x0000000000092750        0x0 ../NiosDisplay_Bsp//libhal_bsp.a(alt_main.o)
 .bss           0x0000000000092750        0x0 ../NiosDisplay_Bsp//libhal_bsp.a(alt_usleep.o)
 .bss           0x0000000000092750        0x0 ../NiosDisplay_Bsp//libhal_bsp.a(alt_write.o)
 .bss           0x0000000000092750        0x0 ../NiosDisplay_Bsp//libhal_bsp.a(alt_sys_init.o)
 .bss           0x0000000000092750        0x0 ../NiosDisplay_Bsp//libhal_bsp.a(altera_avalon_jtag_uart_write.o)
 .bss           0x0000000000092750        0x0 ../NiosDisplay_Bsp//libhal_bsp.a(altera_avalon_timer_sc.o)
 .bss           0x0000000000092750        0x0 ../NiosDisplay_Bsp//libhal_bsp.a(alt_busy_sleep.o)
 .bss           0x0000000000092750        0x0 ../NiosDisplay_Bsp//libhal_bsp.a(alt_dcache_flush_all.o)
 .bss           0x0000000000092750        0x0 ../NiosDisplay_Bsp//libhal_bsp.a(alt_errno.o)
 .bss           0x0000000000092750        0x0 ../NiosDisplay_Bsp//libhal_bsp.a(alt_exception_entry.o)
 .bss           0x0000000000092750        0x0 ../NiosDisplay_Bsp//libhal_bsp.a(alt_icache_flush_all.o)
 .bss           0x0000000000092750        0x0 ../NiosDisplay_Bsp//libhal_bsp.a(alt_tick.o)
 .bss           0x0000000000092750        0x0 ../NiosDisplay_Bsp//libhal_bsp.a(altera_nios2_gen2_irq.o)
 *(COMMON)
                0x0000000000092750                . = ALIGN (0x4)
                0x0000000000092750                __bss_end = ABSOLUTE (.)

.frame_buffer   0x0000000000000000        0x0
                [!provide]                        PROVIDE (_alt_partition_frame_buffer_start = ABSOLUTE (.))
 *(.frame_buffer .frame_buffer. frame_buffer.*)
                0x0000000000000000                . = ALIGN (0x4)
                [!provide]                        PROVIDE (_alt_partition_frame_buffer_end = ABSOLUTE (.))
                [!provide]                        PROVIDE (_alt_partition_frame_buffer_load_addr = LOADADDR (.frame_buffer))

.memory         0x0000000000092750        0x0
                [!provide]                        PROVIDE (_alt_partition_memory_start = ABSOLUTE (.))
 *(.memory .memory. memory.*)
                0x0000000000092750                . = ALIGN (0x4)
                [!provide]                        PROVIDE (_alt_partition_memory_end = ABSOLUTE (.))
                0x0000000000092750                _end = ABSOLUTE (.)
                0x0000000000092750                end = ABSOLUTE (.)
                0x0000000000092750                __alt_stack_base = ABSOLUTE (.)
                [!provide]                        PROVIDE (_alt_partition_memory_load_addr = LOADADDR (.memory))

.stab
 *(.stab)

.stabstr
 *(.stabstr)

.stab.excl
 *(.stab.excl)

.stab.exclstr
 *(.stab.exclstr)

.stab.index
 *(.stab.index)

.stab.indexstr
 *(.stab.indexstr)

.comment        0x0000000000000000       0x2d
 *(.comment)
 .comment       0x0000000000000000       0x2d obj/default/main.o
                                         0x2e (size before relaxing)
 .comment       0x000000000000002d       0x2e obj/default/snake.o
 .comment       0x000000000000002d       0x2e obj/default/types.o
 .comment       0x000000000000002d       0x2e /opt/intelFPGA/21.1/nios2eds/bin/gnu/H-x86_64-pc-linux-gnu/bin/../lib/gcc/nios2-elf/10.3.1/mno-hw-mul/libgcc.a(lib2-divmod.o)
 .comment       0x000000000000002d       0x2e /opt/intelFPGA/21.1/nios2eds/bin/gnu/H-x86_64-pc-linux-gnu/bin/../lib/gcc/nios2-elf/10.3.1/mno-hw-mul/libgcc.a(lib2-mul.o)
 .comment       0x000000000000002d       0x2e /opt/intelFPGA/21.1/nios2eds/bin/gnu/H-x86_64-pc-linux-gnu/bin/../lib/gcc/nios2-elf/10.3.1/../../../../../H-x86_64-pc-linux-gnu/nios2-elf/lib/mno-hw-mul/libsmallc.a(lib_a-memcpy.o)
 .comment       0x000000000000002d       0x2e /opt/intelFPGA/21.1/nios2eds/bin/gnu/H-x86_64-pc-linux-gnu/bin/../lib/gcc/nios2-elf/10.3.1/../../../../../H-x86_64-pc-linux-gnu/nios2-elf/lib/mno-hw-mul/libsmallc.a(lib_a-memmove.o)
 .comment       0x000000000000002d       0x2e /opt/intelFPGA/21.1/nios2eds/bin/gnu/H-x86_64-pc-linux-gnu/bin/../lib/gcc/nios2-elf/10.3.1/../../../../../H-x86_64-pc-linux-gnu/nios2-elf/lib/mno-hw-mul/libsmallc.a(lib_a-memset.o)
 .comment       0x000000000000002d       0x2e /opt/intelFPGA/21.1/nios2eds/bin/gnu/H-x86_64-pc-linux-gnu/bin/../lib/gcc/nios2-elf/10.3.1/../../../../../H-x86_64-pc-linux-gnu/nios2-elf/lib/mno-hw-mul/libsmallc.a(lib_a-printf.o)
 .comment       0x000000000000002d       0x2e /opt/intelFPGA/21.1/nios2eds/bin/gnu/H-x86_64-pc-linux-gnu/bin/../lib/gcc/nios2-elf/10.3.1/../../../../../H-x86_64-pc-linux-gnu/nios2-elf/lib/mno-hw-mul/libsmallc.a(lib_a-puts.o)
 .comment       0x000000000000002d       0x2e /opt/intelFPGA/21.1/nios2eds/bin/gnu/H-x86_64-pc-linux-gnu/bin/../lib/gcc/nios2-elf/10.3.1/../../../../../H-x86_64-pc-linux-gnu/nios2-elf/lib/mno-hw-mul/libsmallc.a(lib_a-rand.o)
 .comment       0x000000000000002d       0x2e /opt/intelFPGA/21.1/nios2eds/bin/gnu/H-x86_64-pc-linux-gnu/bin/../lib/gcc/nios2-elf/10.3.1/../../../../../H-x86_64-pc-linux-gnu/nios2-elf/lib/mno-hw-mul/libsmallc.a(lib_a-strlen.o)
 .comment       0x000000000000002d       0x2e /opt/intelFPGA/21.1/nios2eds/bin/gnu/H-x86_64-pc-linux-gnu/bin/../lib/gcc/nios2-elf/10.3.1/../../../../../H-x86_64-pc-linux-gnu/nios2-elf/lib/mno-hw-mul/libsmallc.a(lib_a-vfprintf.o)
 .comment       0x000000000000002d       0x2e /opt/intelFPGA/21.1/nios2eds/bin/gnu/H-x86_64-pc-linux-gnu/bin/../lib/gcc/nios2-elf/10.3.1/../../../../../H-x86_64-pc-linux-gnu/nios2-elf/lib/mno-hw-mul/libsmallc.a(lib_a-fvwrite_small_dev.o)
 .comment       0x000000000000002d       0x2e /opt/intelFPGA/21.1/nios2eds/bin/gnu/H-x86_64-pc-linux-gnu/bin/../lib/gcc/nios2-elf/10.3.1/../../../../../H-x86_64-pc-linux-gnu/nios2-elf/lib/mno-hw-mul/libsmallc.a(lib_a-impure.o)
 .comment       0x000000000000002d       0x2e /opt/intelFPGA/21.1/nios2eds/bin/gnu/H-x86_64-pc-linux-gnu/bin/../lib/gcc/nios2-elf/10.3.1/../../../../../H-x86_64-pc-linux-gnu/nios2-elf/lib/mno-hw-mul/libsmallc.a(lib_a-writer.o)
 .comment       0x000000000000002d       0x2e /opt/intelFPGA/21.1/nios2eds/bin/gnu/H-x86_64-pc-linux-gnu/bin/../lib/gcc/nios2-elf/10.3.1/../../../../../H-x86_64-pc-linux-gnu/nios2-elf/lib/mno-hw-mul/libsmallc.a(lib_a-int_errno.o)
 .comment       0x000000000000002d       0x2e /opt/intelFPGA/21.1/nios2eds/bin/gnu/H-x86_64-pc-linux-gnu/bin/../lib/gcc/nios2-elf/10.3.1/mno-hw-mul/libgcc.a(_muldi3.o)
 .comment       0x000000000000002d       0x2e ../NiosDisplay_Bsp//libhal_bsp.a(alt_iic.o)
 .comment       0x000000000000002d       0x2e ../NiosDisplay_Bsp//libhal_bsp.a(alt_iic_isr_register.o)
 .comment       0x000000000000002d       0x2e ../NiosDisplay_Bsp//libhal_bsp.a(alt_irq_handler.o)
 .comment       0x000000000000002d       0x2e ../NiosDisplay_Bsp//libhal_bsp.a(alt_irq_vars.o)
 .comment       0x000000000000002d       0x2e ../NiosDisplay_Bsp//libhal_bsp.a(alt_load.o)
 .comment       0x000000000000002d       0x2e ../NiosDisplay_Bsp//libhal_bsp.a(alt_main.o)
 .comment       0x000000000000002d       0x2e ../NiosDisplay_Bsp//libhal_bsp.a(alt_usleep.o)
 .comment       0x000000000000002d       0x2e ../NiosDisplay_Bsp//libhal_bsp.a(alt_write.o)
 .comment       0x000000000000002d       0x2e ../NiosDisplay_Bsp//libhal_bsp.a(alt_sys_init.o)
 .comment       0x000000000000002d       0x2e ../NiosDisplay_Bsp//libhal_bsp.a(altera_avalon_jtag_uart_write.o)
 .comment       0x000000000000002d       0x2e ../NiosDisplay_Bsp//libhal_bsp.a(altera_avalon_timer_sc.o)
 .comment       0x000000000000002d       0x2e ../NiosDisplay_Bsp//libhal_bsp.a(alt_busy_sleep.o)
 .comment       0x000000000000002d       0x2e ../NiosDisplay_Bsp//libhal_bsp.a(alt_dcache_flush_all.o)
 .comment       0x000000000000002d       0x2e ../NiosDisplay_Bsp//libhal_bsp.a(alt_errno.o)
 .comment       0x000000000000002d       0x2e ../NiosDisplay_Bsp//libhal_bsp.a(alt_icache_flush_all.o)
 .comment       0x000000000000002d       0x2e ../NiosDisplay_Bsp//libhal_bsp.a(alt_tick.o)
 .comment       0x000000000000002d       0x2e ../NiosDisplay_Bsp//libhal_bsp.a(altera_nios2_gen2_irq.o)

.debug
 *(.debug)

.line
 *(.line)

.debug_srcinfo
 *(.debug_srcinfo)

.debug_sfnames
 *(.debug_sfnames)

.debug_aranges  0x0000000000000000      0x4f0
 *(.debug_aranges)
 .debug_aranges
                0x0000000000000000       0x20 ../NiosDisplay_Bsp//obj/HAL/src/crt0.o
 .debug_aranges
                0x0000000000000020       0x20 obj/default/main.o
 .debug_aranges
                0x0000000000000040       0x20 obj/default/snake.o
 .debug_aranges
                0x0000000000000060       0x20 obj/default/types.o
 .debug_aranges
                0x0000000000000080       0x20 /opt/intelFPGA/21.1/nios2eds/bin/gnu/H-x86_64-pc-linux-gnu/bin/../lib/gcc/nios2-elf/10.3.1/mno-hw-mul/libgcc.a(lib2-divmod.o)
 .debug_aranges
                0x00000000000000a0       0x20 /opt/intelFPGA/21.1/nios2eds/bin/gnu/H-x86_64-pc-linux-gnu/bin/../lib/gcc/nios2-elf/10.3.1/mno-hw-mul/libgcc.a(lib2-mul.o)
 .debug_aranges
                0x00000000000000c0       0x20 /opt/intelFPGA/21.1/nios2eds/bin/gnu/H-x86_64-pc-linux-gnu/bin/../lib/gcc/nios2-elf/10.3.1/../../../../../H-x86_64-pc-linux-gnu/nios2-elf/lib/mno-hw-mul/libsmallc.a(lib_a-memcpy.o)
 .debug_aranges
                0x00000000000000e0       0x20 /opt/intelFPGA/21.1/nios2eds/bin/gnu/H-x86_64-pc-linux-gnu/bin/../lib/gcc/nios2-elf/10.3.1/../../../../../H-x86_64-pc-linux-gnu/nios2-elf/lib/mno-hw-mul/libsmallc.a(lib_a-memmove.o)
 .debug_aranges
                0x0000000000000100       0x20 /opt/intelFPGA/21.1/nios2eds/bin/gnu/H-x86_64-pc-linux-gnu/bin/../lib/gcc/nios2-elf/10.3.1/../../../../../H-x86_64-pc-linux-gnu/nios2-elf/lib/mno-hw-mul/libsmallc.a(lib_a-memset.o)
 .debug_aranges
                0x0000000000000120       0x28 /opt/intelFPGA/21.1/nios2eds/bin/gnu/H-x86_64-pc-linux-gnu/bin/../lib/gcc/nios2-elf/10.3.1/../../../../../H-x86_64-pc-linux-gnu/nios2-elf/lib/mno-hw-mul/libsmallc.a(lib_a-printf.o)
 .debug_aranges
                0x0000000000000148       0x28 /opt/intelFPGA/21.1/nios2eds/bin/gnu/H-x86_64-pc-linux-gnu/bin/../lib/gcc/nios2-elf/10.3.1/../../../../../H-x86_64-pc-linux-gnu/nios2-elf/lib/mno-hw-mul/libsmallc.a(lib_a-puts.o)
 .debug_aranges
                0x0000000000000170       0x28 /opt/intelFPGA/21.1/nios2eds/bin/gnu/H-x86_64-pc-linux-gnu/bin/../lib/gcc/nios2-elf/10.3.1/../../../../../H-x86_64-pc-linux-gnu/nios2-elf/lib/mno-hw-mul/libsmallc.a(lib_a-rand.o)
 .debug_aranges
                0x0000000000000198       0x20 /opt/intelFPGA/21.1/nios2eds/bin/gnu/H-x86_64-pc-linux-gnu/bin/../lib/gcc/nios2-elf/10.3.1/../../../../../H-x86_64-pc-linux-gnu/nios2-elf/lib/mno-hw-mul/libsmallc.a(lib_a-strlen.o)
 .debug_aranges
                0x00000000000001b8       0x30 /opt/intelFPGA/21.1/nios2eds/bin/gnu/H-x86_64-pc-linux-gnu/bin/../lib/gcc/nios2-elf/10.3.1/../../../../../H-x86_64-pc-linux-gnu/nios2-elf/lib/mno-hw-mul/libsmallc.a(lib_a-vfprintf.o)
 .debug_aranges
                0x00000000000001e8       0x20 /opt/intelFPGA/21.1/nios2eds/bin/gnu/H-x86_64-pc-linux-gnu/bin/../lib/gcc/nios2-elf/10.3.1/../../../../../H-x86_64-pc-linux-gnu/nios2-elf/lib/mno-hw-mul/libsmallc.a(lib_a-fvwrite_small_dev.o)
 .debug_aranges
                0x0000000000000208       0x18 /opt/intelFPGA/21.1/nios2eds/bin/gnu/H-x86_64-pc-linux-gnu/bin/../lib/gcc/nios2-elf/10.3.1/../../../../../H-x86_64-pc-linux-gnu/nios2-elf/lib/mno-hw-mul/libsmallc.a(lib_a-impure.o)
 .debug_aranges
                0x0000000000000220       0x20 /opt/intelFPGA/21.1/nios2eds/bin/gnu/H-x86_64-pc-linux-gnu/bin/../lib/gcc/nios2-elf/10.3.1/../../../../../H-x86_64-pc-linux-gnu/nios2-elf/lib/mno-hw-mul/libsmallc.a(lib_a-writer.o)
 .debug_aranges
                0x0000000000000240       0x18 /opt/intelFPGA/21.1/nios2eds/bin/gnu/H-x86_64-pc-linux-gnu/bin/../lib/gcc/nios2-elf/10.3.1/../../../../../H-x86_64-pc-linux-gnu/nios2-elf/lib/mno-hw-mul/libsmallc.a(lib_a-int_errno.o)
 .debug_aranges
                0x0000000000000258       0x20 /opt/intelFPGA/21.1/nios2eds/bin/gnu/H-x86_64-pc-linux-gnu/bin/../lib/gcc/nios2-elf/10.3.1/mno-hw-mul/libgcc.a(_muldi3.o)
 .debug_aranges
                0x0000000000000278       0x20 ../NiosDisplay_Bsp//libhal_bsp.a(alt_iic.o)
 .debug_aranges
                0x0000000000000298       0x20 ../NiosDisplay_Bsp//libhal_bsp.a(alt_iic_isr_register.o)
 .debug_aranges
                0x00000000000002b8       0x30 ../NiosDisplay_Bsp//libhal_bsp.a(alt_irq_entry.o)
 .debug_aranges
                0x00000000000002e8       0x20 ../NiosDisplay_Bsp//libhal_bsp.a(alt_irq_handler.o)
 .debug_aranges
                0x0000000000000308       0x18 ../NiosDisplay_Bsp//libhal_bsp.a(alt_irq_vars.o)
 .debug_aranges
                0x0000000000000320       0x20 ../NiosDisplay_Bsp//libhal_bsp.a(alt_load.o)
 .debug_aranges
                0x0000000000000340       0x20 ../NiosDisplay_Bsp//libhal_bsp.a(alt_main.o)
 .debug_aranges
                0x0000000000000360       0x20 ../NiosDisplay_Bsp//libhal_bsp.a(alt_usleep.o)
 .debug_aranges
                0x0000000000000380       0x20 ../NiosDisplay_Bsp//libhal_bsp.a(alt_write.o)
 .debug_aranges
                0x00000000000003a0       0x20 ../NiosDisplay_Bsp//libhal_bsp.a(alt_sys_init.o)
 .debug_aranges
                0x00000000000003c0       0x20 ../NiosDisplay_Bsp//libhal_bsp.a(altera_avalon_jtag_uart_write.o)
 .debug_aranges
                0x00000000000003e0       0x20 ../NiosDisplay_Bsp//libhal_bsp.a(altera_avalon_timer_sc.o)
 .debug_aranges
                0x0000000000000400       0x20 ../NiosDisplay_Bsp//libhal_bsp.a(alt_busy_sleep.o)
 .debug_aranges
                0x0000000000000420       0x20 ../NiosDisplay_Bsp//libhal_bsp.a(alt_dcache_flush_all.o)
 .debug_aranges
                0x0000000000000440       0x18 ../NiosDisplay_Bsp//libhal_bsp.a(alt_errno.o)
 .debug_aranges
                0x0000000000000458       0x38 ../NiosDisplay_Bsp//libhal_bsp.a(alt_exception_entry.o)
 .debug_aranges
                0x0000000000000490       0x20 ../NiosDisplay_Bsp//libhal_bsp.a(alt_icache_flush_all.o)
 .debug_aranges
                0x00000000000004b0       0x20 ../NiosDisplay_Bsp//libhal_bsp.a(alt_tick.o)
 .debug_aranges
                0x00000000000004d0       0x20 ../NiosDisplay_Bsp//libhal_bsp.a(altera_nios2_gen2_irq.o)

.debug_pubnames
 *(.debug_pubnames)

.debug_info     0x0000000000000000     0x6235
 *(.debug_info .gnu.linkonce.wi.*)
 .debug_info    0x0000000000000000       0x26 ../NiosDisplay_Bsp//obj/HAL/src/crt0.o
 .debug_info    0x0000000000000026      0x3b7 obj/default/main.o
 .debug_info    0x00000000000003dd      0x5b2 obj/default/snake.o
 .debug_info    0x000000000000098f      0x15c obj/default/types.o
 .debug_info    0x0000000000000aeb      0x368 /opt/intelFPGA/21.1/nios2eds/bin/gnu/H-x86_64-pc-linux-gnu/bin/../lib/gcc/nios2-elf/10.3.1/mno-hw-mul/libgcc.a(lib2-divmod.o)
 .debug_info    0x0000000000000e53       0xcb /opt/intelFPGA/21.1/nios2eds/bin/gnu/H-x86_64-pc-linux-gnu/bin/../lib/gcc/nios2-elf/10.3.1/mno-hw-mul/libgcc.a(lib2-mul.o)
 .debug_info    0x0000000000000f1e      0x128 /opt/intelFPGA/21.1/nios2eds/bin/gnu/H-x86_64-pc-linux-gnu/bin/../lib/gcc/nios2-elf/10.3.1/../../../../../H-x86_64-pc-linux-gnu/nios2-elf/lib/mno-hw-mul/libsmallc.a(lib_a-memcpy.o)
 .debug_info    0x0000000000001046      0x11b /opt/intelFPGA/21.1/nios2eds/bin/gnu/H-x86_64-pc-linux-gnu/bin/../lib/gcc/nios2-elf/10.3.1/../../../../../H-x86_64-pc-linux-gnu/nios2-elf/lib/mno-hw-mul/libsmallc.a(lib_a-memmove.o)
 .debug_info    0x0000000000001161       0xe7 /opt/intelFPGA/21.1/nios2eds/bin/gnu/H-x86_64-pc-linux-gnu/bin/../lib/gcc/nios2-elf/10.3.1/../../../../../H-x86_64-pc-linux-gnu/nios2-elf/lib/mno-hw-mul/libsmallc.a(lib_a-memset.o)
 .debug_info    0x0000000000001248      0x72b /opt/intelFPGA/21.1/nios2eds/bin/gnu/H-x86_64-pc-linux-gnu/bin/../lib/gcc/nios2-elf/10.3.1/../../../../../H-x86_64-pc-linux-gnu/nios2-elf/lib/mno-hw-mul/libsmallc.a(lib_a-printf.o)
 .debug_info    0x0000000000001973      0x6ea /opt/intelFPGA/21.1/nios2eds/bin/gnu/H-x86_64-pc-linux-gnu/bin/../lib/gcc/nios2-elf/10.3.1/../../../../../H-x86_64-pc-linux-gnu/nios2-elf/lib/mno-hw-mul/libsmallc.a(lib_a-puts.o)
 .debug_info    0x000000000000205d      0x668 /opt/intelFPGA/21.1/nios2eds/bin/gnu/H-x86_64-pc-linux-gnu/bin/../lib/gcc/nios2-elf/10.3.1/../../../../../H-x86_64-pc-linux-gnu/nios2-elf/lib/mno-hw-mul/libsmallc.a(lib_a-rand.o)
 .debug_info    0x00000000000026c5       0xd0 /opt/intelFPGA/21.1/nios2eds/bin/gnu/H-x86_64-pc-linux-gnu/bin/../lib/gcc/nios2-elf/10.3.1/../../../../../H-x86_64-pc-linux-gnu/nios2-elf/lib/mno-hw-mul/libsmallc.a(lib_a-strlen.o)
 .debug_info    0x0000000000002795      0xeb5 /opt/intelFPGA/21.1/nios2eds/bin/gnu/H-x86_64-pc-linux-gnu/bin/../lib/gcc/nios2-elf/10.3.1/../../../../../H-x86_64-pc-linux-gnu/nios2-elf/lib/mno-hw-mul/libsmallc.a(lib_a-vfprintf.o)
 .debug_info    0x000000000000364a      0x6b3 /opt/intelFPGA/21.1/nios2eds/bin/gnu/H-x86_64-pc-linux-gnu/bin/../lib/gcc/nios2-elf/10.3.1/../../../../../H-x86_64-pc-linux-gnu/nios2-elf/lib/mno-hw-mul/libsmallc.a(lib_a-fvwrite_small_dev.o)
 .debug_info    0x0000000000003cfd      0x61e /opt/intelFPGA/21.1/nios2eds/bin/gnu/H-x86_64-pc-linux-gnu/bin/../lib/gcc/nios2-elf/10.3.1/../../../../../H-x86_64-pc-linux-gnu/nios2-elf/lib/mno-hw-mul/libsmallc.a(lib_a-impure.o)
 .debug_info    0x000000000000431b      0x6b3 /opt/intelFPGA/21.1/nios2eds/bin/gnu/H-x86_64-pc-linux-gnu/bin/../lib/gcc/nios2-elf/10.3.1/../../../../../H-x86_64-pc-linux-gnu/nios2-elf/lib/mno-hw-mul/libsmallc.a(lib_a-writer.o)
 .debug_info    0x00000000000049ce       0x84 /opt/intelFPGA/21.1/nios2eds/bin/gnu/H-x86_64-pc-linux-gnu/bin/../lib/gcc/nios2-elf/10.3.1/../../../../../H-x86_64-pc-linux-gnu/nios2-elf/lib/mno-hw-mul/libsmallc.a(lib_a-int_errno.o)
 .debug_info    0x0000000000004a52      0x274 /opt/intelFPGA/21.1/nios2eds/bin/gnu/H-x86_64-pc-linux-gnu/bin/../lib/gcc/nios2-elf/10.3.1/mno-hw-mul/libgcc.a(_muldi3.o)
 .debug_info    0x0000000000004cc6      0x32c ../NiosDisplay_Bsp//libhal_bsp.a(alt_iic.o)
 .debug_info    0x0000000000004ff2      0x1f0 ../NiosDisplay_Bsp//libhal_bsp.a(alt_iic_isr_register.o)
 .debug_info    0x00000000000051e2       0x22 ../NiosDisplay_Bsp//libhal_bsp.a(alt_irq_entry.o)
 .debug_info    0x0000000000005204      0x175 ../NiosDisplay_Bsp//libhal_bsp.a(alt_irq_handler.o)
 .debug_info    0x0000000000005379       0x8b ../NiosDisplay_Bsp//libhal_bsp.a(alt_irq_vars.o)
 .debug_info    0x0000000000005404      0x14d ../NiosDisplay_Bsp//libhal_bsp.a(alt_load.o)
 .debug_info    0x0000000000005551       0xdb ../NiosDisplay_Bsp//libhal_bsp.a(alt_main.o)
 .debug_info    0x000000000000562c       0xb7 ../NiosDisplay_Bsp//libhal_bsp.a(alt_usleep.o)
 .debug_info    0x00000000000056e3      0x157 ../NiosDisplay_Bsp//libhal_bsp.a(alt_write.o)
 .debug_info    0x000000000000583a      0x10b ../NiosDisplay_Bsp//libhal_bsp.a(alt_sys_init.o)
 .debug_info    0x0000000000005945      0x132 ../NiosDisplay_Bsp//libhal_bsp.a(altera_avalon_jtag_uart_write.o)
 .debug_info    0x0000000000005a77      0x1d5 ../NiosDisplay_Bsp//libhal_bsp.a(altera_avalon_timer_sc.o)
 .debug_info    0x0000000000005c4c       0xd6 ../NiosDisplay_Bsp//libhal_bsp.a(alt_busy_sleep.o)
 .debug_info    0x0000000000005d22       0x8c ../NiosDisplay_Bsp//libhal_bsp.a(alt_dcache_flush_all.o)
 .debug_info    0x0000000000005dae       0x9d ../NiosDisplay_Bsp//libhal_bsp.a(alt_errno.o)
 .debug_info    0x0000000000005e4b       0x22 ../NiosDisplay_Bsp//libhal_bsp.a(alt_exception_entry.o)
 .debug_info    0x0000000000005e6d       0x8c ../NiosDisplay_Bsp//libhal_bsp.a(alt_icache_flush_all.o)
 .debug_info    0x0000000000005ef9      0x2b0 ../NiosDisplay_Bsp//libhal_bsp.a(alt_tick.o)
 .debug_info    0x00000000000061a9       0x8c ../NiosDisplay_Bsp//libhal_bsp.a(altera_nios2_gen2_irq.o)

.debug_abbrev   0x0000000000000000     0x251c
 *(.debug_abbrev)
 .debug_abbrev  0x0000000000000000       0x14 ../NiosDisplay_Bsp//obj/HAL/src/crt0.o
 .debug_abbrev  0x0000000000000014      0x1e4 obj/default/main.o
 .debug_abbrev  0x00000000000001f8      0x1a7 obj/default/snake.o
 .debug_abbrev  0x000000000000039f       0xba obj/default/types.o
 .debug_abbrev  0x0000000000000459      0x103 /opt/intelFPGA/21.1/nios2eds/bin/gnu/H-x86_64-pc-linux-gnu/bin/../lib/gcc/nios2-elf/10.3.1/mno-hw-mul/libgcc.a(lib2-divmod.o)
 .debug_abbrev  0x000000000000055c       0x7d /opt/intelFPGA/21.1/nios2eds/bin/gnu/H-x86_64-pc-linux-gnu/bin/../lib/gcc/nios2-elf/10.3.1/mno-hw-mul/libgcc.a(lib2-mul.o)
 .debug_abbrev  0x00000000000005d9       0xbe /opt/intelFPGA/21.1/nios2eds/bin/gnu/H-x86_64-pc-linux-gnu/bin/../lib/gcc/nios2-elf/10.3.1/../../../../../H-x86_64-pc-linux-gnu/nios2-elf/lib/mno-hw-mul/libsmallc.a(lib_a-memcpy.o)
 .debug_abbrev  0x0000000000000697       0x99 /opt/intelFPGA/21.1/nios2eds/bin/gnu/H-x86_64-pc-linux-gnu/bin/../lib/gcc/nios2-elf/10.3.1/../../../../../H-x86_64-pc-linux-gnu/nios2-elf/lib/mno-hw-mul/libsmallc.a(lib_a-memmove.o)
 .debug_abbrev  0x0000000000000730       0x9e /opt/intelFPGA/21.1/nios2eds/bin/gnu/H-x86_64-pc-linux-gnu/bin/../lib/gcc/nios2-elf/10.3.1/../../../../../H-x86_64-pc-linux-gnu/nios2-elf/lib/mno-hw-mul/libsmallc.a(lib_a-memset.o)
 .debug_abbrev  0x00000000000007ce      0x216 /opt/intelFPGA/21.1/nios2eds/bin/gnu/H-x86_64-pc-linux-gnu/bin/../lib/gcc/nios2-elf/10.3.1/../../../../../H-x86_64-pc-linux-gnu/nios2-elf/lib/mno-hw-mul/libsmallc.a(lib_a-printf.o)
 .debug_abbrev  0x00000000000009e4      0x20b /opt/intelFPGA/21.1/nios2eds/bin/gnu/H-x86_64-pc-linux-gnu/bin/../lib/gcc/nios2-elf/10.3.1/../../../../../H-x86_64-pc-linux-gnu/nios2-elf/lib/mno-hw-mul/libsmallc.a(lib_a-puts.o)
 .debug_abbrev  0x0000000000000bef      0x1e7 /opt/intelFPGA/21.1/nios2eds/bin/gnu/H-x86_64-pc-linux-gnu/bin/../lib/gcc/nios2-elf/10.3.1/../../../../../H-x86_64-pc-linux-gnu/nios2-elf/lib/mno-hw-mul/libsmallc.a(lib_a-rand.o)
 .debug_abbrev  0x0000000000000dd6       0x8d /opt/intelFPGA/21.1/nios2eds/bin/gnu/H-x86_64-pc-linux-gnu/bin/../lib/gcc/nios2-elf/10.3.1/../../../../../H-x86_64-pc-linux-gnu/nios2-elf/lib/mno-hw-mul/libsmallc.a(lib_a-strlen.o)
 .debug_abbrev  0x0000000000000e63      0x2f7 /opt/intelFPGA/21.1/nios2eds/bin/gnu/H-x86_64-pc-linux-gnu/bin/../lib/gcc/nios2-elf/10.3.1/../../../../../H-x86_64-pc-linux-gnu/nios2-elf/lib/mno-hw-mul/libsmallc.a(lib_a-vfprintf.o)
 .debug_abbrev  0x000000000000115a      0x1ed /opt/intelFPGA/21.1/nios2eds/bin/gnu/H-x86_64-pc-linux-gnu/bin/../lib/gcc/nios2-elf/10.3.1/../../../../../H-x86_64-pc-linux-gnu/nios2-elf/lib/mno-hw-mul/libsmallc.a(lib_a-fvwrite_small_dev.o)
 .debug_abbrev  0x0000000000001347      0x17a /opt/intelFPGA/21.1/nios2eds/bin/gnu/H-x86_64-pc-linux-gnu/bin/../lib/gcc/nios2-elf/10.3.1/../../../../../H-x86_64-pc-linux-gnu/nios2-elf/lib/mno-hw-mul/libsmallc.a(lib_a-impure.o)
 .debug_abbrev  0x00000000000014c1      0x1d9 /opt/intelFPGA/21.1/nios2eds/bin/gnu/H-x86_64-pc-linux-gnu/bin/../lib/gcc/nios2-elf/10.3.1/../../../../../H-x86_64-pc-linux-gnu/nios2-elf/lib/mno-hw-mul/libsmallc.a(lib_a-writer.o)
 .debug_abbrev  0x000000000000169a       0x39 /opt/intelFPGA/21.1/nios2eds/bin/gnu/H-x86_64-pc-linux-gnu/bin/../lib/gcc/nios2-elf/10.3.1/../../../../../H-x86_64-pc-linux-gnu/nios2-elf/lib/mno-hw-mul/libsmallc.a(lib_a-int_errno.o)
 .debug_abbrev  0x00000000000016d3      0x11d /opt/intelFPGA/21.1/nios2eds/bin/gnu/H-x86_64-pc-linux-gnu/bin/../lib/gcc/nios2-elf/10.3.1/mno-hw-mul/libgcc.a(_muldi3.o)
 .debug_abbrev  0x00000000000017f0      0x189 ../NiosDisplay_Bsp//libhal_bsp.a(alt_iic.o)
 .debug_abbrev  0x0000000000001979      0x17c ../NiosDisplay_Bsp//libhal_bsp.a(alt_iic_isr_register.o)
 .debug_abbrev  0x0000000000001af5       0x12 ../NiosDisplay_Bsp//libhal_bsp.a(alt_irq_entry.o)
 .debug_abbrev  0x0000000000001b07      0x12d ../NiosDisplay_Bsp//libhal_bsp.a(alt_irq_handler.o)
 .debug_abbrev  0x0000000000001c34       0x44 ../NiosDisplay_Bsp//libhal_bsp.a(alt_irq_vars.o)
 .debug_abbrev  0x0000000000001c78       0xab ../NiosDisplay_Bsp//libhal_bsp.a(alt_load.o)
 .debug_abbrev  0x0000000000001d23       0x73 ../NiosDisplay_Bsp//libhal_bsp.a(alt_main.o)
 .debug_abbrev  0x0000000000001d96       0x66 ../NiosDisplay_Bsp//libhal_bsp.a(alt_usleep.o)
 .debug_abbrev  0x0000000000001dfc       0xe9 ../NiosDisplay_Bsp//libhal_bsp.a(alt_write.o)
 .debug_abbrev  0x0000000000001ee5       0xe5 ../NiosDisplay_Bsp//libhal_bsp.a(alt_sys_init.o)
 .debug_abbrev  0x0000000000001fca       0xcd ../NiosDisplay_Bsp//libhal_bsp.a(altera_avalon_jtag_uart_write.o)
 .debug_abbrev  0x0000000000002097      0x14b ../NiosDisplay_Bsp//libhal_bsp.a(altera_avalon_timer_sc.o)
 .debug_abbrev  0x00000000000021e2       0x88 ../NiosDisplay_Bsp//libhal_bsp.a(alt_busy_sleep.o)
 .debug_abbrev  0x000000000000226a       0x44 ../NiosDisplay_Bsp//libhal_bsp.a(alt_dcache_flush_all.o)
 .debug_abbrev  0x00000000000022ae       0x5a ../NiosDisplay_Bsp//libhal_bsp.a(alt_errno.o)
 .debug_abbrev  0x0000000000002308       0x12 ../NiosDisplay_Bsp//libhal_bsp.a(alt_exception_entry.o)
 .debug_abbrev  0x000000000000231a       0x44 ../NiosDisplay_Bsp//libhal_bsp.a(alt_icache_flush_all.o)
 .debug_abbrev  0x000000000000235e      0x17a ../NiosDisplay_Bsp//libhal_bsp.a(alt_tick.o)
 .debug_abbrev  0x00000000000024d8       0x44 ../NiosDisplay_Bsp//libhal_bsp.a(altera_nios2_gen2_irq.o)

.debug_line     0x0000000000000000     0x348b
 *(.debug_line)
 .debug_line    0x0000000000000000       0x54 ../NiosDisplay_Bsp//obj/HAL/src/crt0.o
 .debug_line    0x0000000000000054      0x203 obj/default/main.o
 .debug_line    0x0000000000000257      0x401 obj/default/snake.o
 .debug_line    0x0000000000000658      0x16e obj/default/types.o
 .debug_line    0x00000000000007c6      0x306 /opt/intelFPGA/21.1/nios2eds/bin/gnu/H-x86_64-pc-linux-gnu/bin/../lib/gcc/nios2-elf/10.3.1/mno-hw-mul/libgcc.a(lib2-divmod.o)
 .debug_line    0x0000000000000acc       0xb7 /opt/intelFPGA/21.1/nios2eds/bin/gnu/H-x86_64-pc-linux-gnu/bin/../lib/gcc/nios2-elf/10.3.1/mno-hw-mul/libgcc.a(lib2-mul.o)
 .debug_line    0x0000000000000b83      0x18d /opt/intelFPGA/21.1/nios2eds/bin/gnu/H-x86_64-pc-linux-gnu/bin/../lib/gcc/nios2-elf/10.3.1/../../../../../H-x86_64-pc-linux-gnu/nios2-elf/lib/mno-hw-mul/libsmallc.a(lib_a-memcpy.o)
 .debug_line    0x0000000000000d10      0x1af /opt/intelFPGA/21.1/nios2eds/bin/gnu/H-x86_64-pc-linux-gnu/bin/../lib/gcc/nios2-elf/10.3.1/../../../../../H-x86_64-pc-linux-gnu/nios2-elf/lib/mno-hw-mul/libsmallc.a(lib_a-memmove.o)
 .debug_line    0x0000000000000ebf      0x188 /opt/intelFPGA/21.1/nios2eds/bin/gnu/H-x86_64-pc-linux-gnu/bin/../lib/gcc/nios2-elf/10.3.1/../../../../../H-x86_64-pc-linux-gnu/nios2-elf/lib/mno-hw-mul/libsmallc.a(lib_a-memset.o)
 .debug_line    0x0000000000001047      0x24c /opt/intelFPGA/21.1/nios2eds/bin/gnu/H-x86_64-pc-linux-gnu/bin/../lib/gcc/nios2-elf/10.3.1/../../../../../H-x86_64-pc-linux-gnu/nios2-elf/lib/mno-hw-mul/libsmallc.a(lib_a-printf.o)
 .debug_line    0x0000000000001293      0x240 /opt/intelFPGA/21.1/nios2eds/bin/gnu/H-x86_64-pc-linux-gnu/bin/../lib/gcc/nios2-elf/10.3.1/../../../../../H-x86_64-pc-linux-gnu/nios2-elf/lib/mno-hw-mul/libsmallc.a(lib_a-puts.o)
 .debug_line    0x00000000000014d3      0x22e /opt/intelFPGA/21.1/nios2eds/bin/gnu/H-x86_64-pc-linux-gnu/bin/../lib/gcc/nios2-elf/10.3.1/../../../../../H-x86_64-pc-linux-gnu/nios2-elf/lib/mno-hw-mul/libsmallc.a(lib_a-rand.o)
 .debug_line    0x0000000000001701      0x17d /opt/intelFPGA/21.1/nios2eds/bin/gnu/H-x86_64-pc-linux-gnu/bin/../lib/gcc/nios2-elf/10.3.1/../../../../../H-x86_64-pc-linux-gnu/nios2-elf/lib/mno-hw-mul/libsmallc.a(lib_a-strlen.o)
 .debug_line    0x000000000000187e      0x73c /opt/intelFPGA/21.1/nios2eds/bin/gnu/H-x86_64-pc-linux-gnu/bin/../lib/gcc/nios2-elf/10.3.1/../../../../../H-x86_64-pc-linux-gnu/nios2-elf/lib/mno-hw-mul/libsmallc.a(lib_a-vfprintf.o)
 .debug_line    0x0000000000001fba      0x253 /opt/intelFPGA/21.1/nios2eds/bin/gnu/H-x86_64-pc-linux-gnu/bin/../lib/gcc/nios2-elf/10.3.1/../../../../../H-x86_64-pc-linux-gnu/nios2-elf/lib/mno-hw-mul/libsmallc.a(lib_a-fvwrite_small_dev.o)
 .debug_line    0x000000000000220d      0x15d /opt/intelFPGA/21.1/nios2eds/bin/gnu/H-x86_64-pc-linux-gnu/bin/../lib/gcc/nios2-elf/10.3.1/../../../../../H-x86_64-pc-linux-gnu/nios2-elf/lib/mno-hw-mul/libsmallc.a(lib_a-impure.o)
 .debug_line    0x000000000000236a      0x226 /opt/intelFPGA/21.1/nios2eds/bin/gnu/H-x86_64-pc-linux-gnu/bin/../lib/gcc/nios2-elf/10.3.1/../../../../../H-x86_64-pc-linux-gnu/nios2-elf/lib/mno-hw-mul/libsmallc.a(lib_a-writer.o)
 .debug_line    0x0000000000002590       0x61 /opt/intelFPGA/21.1/nios2eds/bin/gnu/H-x86_64-pc-linux-gnu/bin/../lib/gcc/nios2-elf/10.3.1/../../../../../H-x86_64-pc-linux-gnu/nios2-elf/lib/mno-hw-mul/libsmallc.a(lib_a-int_errno.o)
 .debug_line    0x00000000000025f1      0x135 /opt/intelFPGA/21.1/nios2eds/bin/gnu/H-x86_64-pc-linux-gnu/bin/../lib/gcc/nios2-elf/10.3.1/mno-hw-mul/libgcc.a(_muldi3.o)
 .debug_line    0x0000000000002726      0x123 ../NiosDisplay_Bsp//libhal_bsp.a(alt_iic.o)
 .debug_line    0x0000000000002849       0xfc ../NiosDisplay_Bsp//libhal_bsp.a(alt_iic_isr_register.o)
 .debug_line    0x0000000000002945       0x6b ../NiosDisplay_Bsp//libhal_bsp.a(alt_irq_entry.o)
 .debug_line    0x00000000000029b0       0xd4 ../NiosDisplay_Bsp//libhal_bsp.a(alt_irq_handler.o)
 .debug_line    0x0000000000002a84       0x50 ../NiosDisplay_Bsp//libhal_bsp.a(alt_irq_vars.o)
 .debug_line    0x0000000000002ad4       0xa6 ../NiosDisplay_Bsp//libhal_bsp.a(alt_load.o)
 .debug_line    0x0000000000002b7a       0x74 ../NiosDisplay_Bsp//libhal_bsp.a(alt_main.o)
 .debug_line    0x0000000000002bee       0xc1 ../NiosDisplay_Bsp//libhal_bsp.a(alt_usleep.o)
 .debug_line    0x0000000000002caf      0x169 ../NiosDisplay_Bsp//libhal_bsp.a(alt_write.o)
 .debug_line    0x0000000000002e18       0xa3 ../NiosDisplay_Bsp//libhal_bsp.a(alt_sys_init.o)
 .debug_line    0x0000000000002ebb       0xc6 ../NiosDisplay_Bsp//libhal_bsp.a(altera_avalon_jtag_uart_write.o)
 .debug_line    0x0000000000002f81       0xfd ../NiosDisplay_Bsp//libhal_bsp.a(altera_avalon_timer_sc.o)
 .debug_line    0x000000000000307e       0xe1 ../NiosDisplay_Bsp//libhal_bsp.a(alt_busy_sleep.o)
 .debug_line    0x000000000000315f       0x53 ../NiosDisplay_Bsp//libhal_bsp.a(alt_dcache_flush_all.o)
 .debug_line    0x00000000000031b2       0x51 ../NiosDisplay_Bsp//libhal_bsp.a(alt_errno.o)
 .debug_line    0x0000000000003203       0xad ../NiosDisplay_Bsp//libhal_bsp.a(alt_exception_entry.o)
 .debug_line    0x00000000000032b0       0x51 ../NiosDisplay_Bsp//libhal_bsp.a(alt_icache_flush_all.o)
 .debug_line    0x0000000000003301      0x133 ../NiosDisplay_Bsp//libhal_bsp.a(alt_tick.o)
 .debug_line    0x0000000000003434       0x57 ../NiosDisplay_Bsp//libhal_bsp.a(altera_nios2_gen2_irq.o)

.debug_frame    0x0000000000000000      0xa08
 *(.debug_frame)
 .debug_frame   0x0000000000000000      0x10c obj/default/main.o
 .debug_frame   0x000000000000010c      0x130 obj/default/snake.o
 .debug_frame   0x000000000000023c       0x58 obj/default/types.o
 .debug_frame   0x0000000000000294       0x50 /opt/intelFPGA/21.1/nios2eds/bin/gnu/H-x86_64-pc-linux-gnu/bin/../lib/gcc/nios2-elf/10.3.1/mno-hw-mul/libgcc.a(lib2-divmod.o)
 .debug_frame   0x00000000000002e4       0x20 /opt/intelFPGA/21.1/nios2eds/bin/gnu/H-x86_64-pc-linux-gnu/bin/../lib/gcc/nios2-elf/10.3.1/mno-hw-mul/libgcc.a(lib2-mul.o)
 .debug_frame   0x0000000000000304       0x20 /opt/intelFPGA/21.1/nios2eds/bin/gnu/H-x86_64-pc-linux-gnu/bin/../lib/gcc/nios2-elf/10.3.1/../../../../../H-x86_64-pc-linux-gnu/nios2-elf/lib/mno-hw-mul/libsmallc.a(lib_a-memcpy.o)
 .debug_frame   0x0000000000000324       0x20 /opt/intelFPGA/21.1/nios2eds/bin/gnu/H-x86_64-pc-linux-gnu/bin/../lib/gcc/nios2-elf/10.3.1/../../../../../H-x86_64-pc-linux-gnu/nios2-elf/lib/mno-hw-mul/libsmallc.a(lib_a-memmove.o)
 .debug_frame   0x0000000000000344       0x20 /opt/intelFPGA/21.1/nios2eds/bin/gnu/H-x86_64-pc-linux-gnu/bin/../lib/gcc/nios2-elf/10.3.1/../../../../../H-x86_64-pc-linux-gnu/nios2-elf/lib/mno-hw-mul/libsmallc.a(lib_a-memset.o)
 .debug_frame   0x0000000000000364       0x48 /opt/intelFPGA/21.1/nios2eds/bin/gnu/H-x86_64-pc-linux-gnu/bin/../lib/gcc/nios2-elf/10.3.1/../../../../../H-x86_64-pc-linux-gnu/nios2-elf/lib/mno-hw-mul/libsmallc.a(lib_a-printf.o)
 .debug_frame   0x00000000000003ac       0x48 /opt/intelFPGA/21.1/nios2eds/bin/gnu/H-x86_64-pc-linux-gnu/bin/../lib/gcc/nios2-elf/10.3.1/../../../../../H-x86_64-pc-linux-gnu/nios2-elf/lib/mno-hw-mul/libsmallc.a(lib_a-puts.o)
 .debug_frame   0x00000000000003f4       0x3c /opt/intelFPGA/21.1/nios2eds/bin/gnu/H-x86_64-pc-linux-gnu/bin/../lib/gcc/nios2-elf/10.3.1/../../../../../H-x86_64-pc-linux-gnu/nios2-elf/lib/mno-hw-mul/libsmallc.a(lib_a-rand.o)
 .debug_frame   0x0000000000000430       0x20 /opt/intelFPGA/21.1/nios2eds/bin/gnu/H-x86_64-pc-linux-gnu/bin/../lib/gcc/nios2-elf/10.3.1/../../../../../H-x86_64-pc-linux-gnu/nios2-elf/lib/mno-hw-mul/libsmallc.a(lib_a-strlen.o)
 .debug_frame   0x0000000000000450       0x90 /opt/intelFPGA/21.1/nios2eds/bin/gnu/H-x86_64-pc-linux-gnu/bin/../lib/gcc/nios2-elf/10.3.1/../../../../../H-x86_64-pc-linux-gnu/nios2-elf/lib/mno-hw-mul/libsmallc.a(lib_a-vfprintf.o)
 .debug_frame   0x00000000000004e0       0x3c /opt/intelFPGA/21.1/nios2eds/bin/gnu/H-x86_64-pc-linux-gnu/bin/../lib/gcc/nios2-elf/10.3.1/../../../../../H-x86_64-pc-linux-gnu/nios2-elf/lib/mno-hw-mul/libsmallc.a(lib_a-fvwrite_small_dev.o)
 .debug_frame   0x000000000000051c       0x30 /opt/intelFPGA/21.1/nios2eds/bin/gnu/H-x86_64-pc-linux-gnu/bin/../lib/gcc/nios2-elf/10.3.1/../../../../../H-x86_64-pc-linux-gnu/nios2-elf/lib/mno-hw-mul/libsmallc.a(lib_a-writer.o)
 .debug_frame   0x000000000000054c       0x50 /opt/intelFPGA/21.1/nios2eds/bin/gnu/H-x86_64-pc-linux-gnu/bin/../lib/gcc/nios2-elf/10.3.1/mno-hw-mul/libgcc.a(_muldi3.o)
 .debug_frame   0x000000000000059c       0xa4 ../NiosDisplay_Bsp//libhal_bsp.a(alt_iic.o)
 .debug_frame   0x0000000000000640       0x38 ../NiosDisplay_Bsp//libhal_bsp.a(alt_iic_isr_register.o)
 .debug_frame   0x0000000000000678       0x38 ../NiosDisplay_Bsp//libhal_bsp.a(alt_irq_handler.o)
 .debug_frame   0x00000000000006b0       0x5c ../NiosDisplay_Bsp//libhal_bsp.a(alt_load.o)
 .debug_frame   0x000000000000070c       0x38 ../NiosDisplay_Bsp//libhal_bsp.a(alt_main.o)
 .debug_frame   0x0000000000000744       0x38 ../NiosDisplay_Bsp//libhal_bsp.a(alt_usleep.o)
 .debug_frame   0x000000000000077c       0x60 ../NiosDisplay_Bsp//libhal_bsp.a(alt_write.o)
 .debug_frame   0x00000000000007dc       0x60 ../NiosDisplay_Bsp//libhal_bsp.a(alt_sys_init.o)
 .debug_frame   0x000000000000083c       0x34 ../NiosDisplay_Bsp//libhal_bsp.a(altera_avalon_jtag_uart_write.o)
 .debug_frame   0x0000000000000870       0x60 ../NiosDisplay_Bsp//libhal_bsp.a(altera_avalon_timer_sc.o)
 .debug_frame   0x00000000000008d0       0x38 ../NiosDisplay_Bsp//libhal_bsp.a(alt_busy_sleep.o)
 .debug_frame   0x0000000000000908       0x34 ../NiosDisplay_Bsp//libhal_bsp.a(alt_dcache_flush_all.o)
 .debug_frame   0x000000000000093c       0x34 ../NiosDisplay_Bsp//libhal_bsp.a(alt_icache_flush_all.o)
 .debug_frame   0x0000000000000970       0x64 ../NiosDisplay_Bsp//libhal_bsp.a(alt_tick.o)
 .debug_frame   0x00000000000009d4       0x34 ../NiosDisplay_Bsp//libhal_bsp.a(altera_nios2_gen2_irq.o)

.debug_str      0x0000000000000000     0x195e
 *(.debug_str)
 .debug_str     0x0000000000000000       0x75 ../NiosDisplay_Bsp//obj/HAL/src/crt0.o
 .debug_str     0x0000000000000075      0x2b7 obj/default/main.o
                                        0x322 (size before relaxing)
 .debug_str     0x000000000000032c      0x12f obj/default/snake.o
                                        0x400 (size before relaxing)
 .debug_str     0x000000000000045b       0x22 obj/default/types.o
                                        0x184 (size before relaxing)
 .debug_str     0x000000000000047d      0x196 /opt/intelFPGA/21.1/nios2eds/bin/gnu/H-x86_64-pc-linux-gnu/bin/../lib/gcc/nios2-elf/10.3.1/mno-hw-mul/libgcc.a(lib2-divmod.o)
                                        0x1e1 (size before relaxing)
 .debug_str     0x0000000000000613       0x43 /opt/intelFPGA/21.1/nios2eds/bin/gnu/H-x86_64-pc-linux-gnu/bin/../lib/gcc/nios2-elf/10.3.1/mno-hw-mul/libgcc.a(lib2-mul.o)
                                        0x1a2 (size before relaxing)
 .debug_str     0x0000000000000656      0x14f /opt/intelFPGA/21.1/nios2eds/bin/gnu/H-x86_64-pc-linux-gnu/bin/../lib/gcc/nios2-elf/10.3.1/../../../../../H-x86_64-pc-linux-gnu/nios2-elf/lib/mno-hw-mul/libsmallc.a(lib_a-memcpy.o)
                                        0x1eb (size before relaxing)
 .debug_str     0x00000000000007a5       0x5a /opt/intelFPGA/21.1/nios2eds/bin/gnu/H-x86_64-pc-linux-gnu/bin/../lib/gcc/nios2-elf/10.3.1/../../../../../H-x86_64-pc-linux-gnu/nios2-elf/lib/mno-hw-mul/libsmallc.a(lib_a-memmove.o)
                                        0x1f2 (size before relaxing)
 .debug_str     0x00000000000007ff       0x46 /opt/intelFPGA/21.1/nios2eds/bin/gnu/H-x86_64-pc-linux-gnu/bin/../lib/gcc/nios2-elf/10.3.1/../../../../../H-x86_64-pc-linux-gnu/nios2-elf/lib/mno-hw-mul/libsmallc.a(lib_a-memset.o)
                                        0x1d7 (size before relaxing)
 .debug_str     0x0000000000000845      0x3e8 /opt/intelFPGA/21.1/nios2eds/bin/gnu/H-x86_64-pc-linux-gnu/bin/../lib/gcc/nios2-elf/10.3.1/../../../../../H-x86_64-pc-linux-gnu/nios2-elf/lib/mno-hw-mul/libsmallc.a(lib_a-printf.o)
                                        0x50f (size before relaxing)
 .debug_str     0x0000000000000c2d       0x65 /opt/intelFPGA/21.1/nios2eds/bin/gnu/H-x86_64-pc-linux-gnu/bin/../lib/gcc/nios2-elf/10.3.1/../../../../../H-x86_64-pc-linux-gnu/nios2-elf/lib/mno-hw-mul/libsmallc.a(lib_a-puts.o)
                                        0x4d8 (size before relaxing)
 .debug_str     0x0000000000000c92       0xed /opt/intelFPGA/21.1/nios2eds/bin/gnu/H-x86_64-pc-linux-gnu/bin/../lib/gcc/nios2-elf/10.3.1/../../../../../H-x86_64-pc-linux-gnu/nios2-elf/lib/mno-hw-mul/libsmallc.a(lib_a-rand.o)
                                        0x4d3 (size before relaxing)
 .debug_str     0x0000000000000d7f       0x3f /opt/intelFPGA/21.1/nios2eds/bin/gnu/H-x86_64-pc-linux-gnu/bin/../lib/gcc/nios2-elf/10.3.1/../../../../../H-x86_64-pc-linux-gnu/nios2-elf/lib/mno-hw-mul/libsmallc.a(lib_a-strlen.o)
                                        0x1dd (size before relaxing)
 .debug_str     0x0000000000000dbe      0x2c8 /opt/intelFPGA/21.1/nios2eds/bin/gnu/H-x86_64-pc-linux-gnu/bin/../lib/gcc/nios2-elf/10.3.1/../../../../../H-x86_64-pc-linux-gnu/nios2-elf/lib/mno-hw-mul/libsmallc.a(lib_a-vfprintf.o)
                                        0x872 (size before relaxing)
 .debug_str     0x0000000000001086       0x65 /opt/intelFPGA/21.1/nios2eds/bin/gnu/H-x86_64-pc-linux-gnu/bin/../lib/gcc/nios2-elf/10.3.1/../../../../../H-x86_64-pc-linux-gnu/nios2-elf/lib/mno-hw-mul/libsmallc.a(lib_a-fvwrite_small_dev.o)
                                        0x4df (size before relaxing)
 .debug_str     0x00000000000010eb       0xf3 /opt/intelFPGA/21.1/nios2eds/bin/gnu/H-x86_64-pc-linux-gnu/bin/../lib/gcc/nios2-elf/10.3.1/../../../../../H-x86_64-pc-linux-gnu/nios2-elf/lib/mno-hw-mul/libsmallc.a(lib_a-impure.o)
                                        0x4c9 (size before relaxing)
 .debug_str     0x00000000000011de       0x47 /opt/intelFPGA/21.1/nios2eds/bin/gnu/H-x86_64-pc-linux-gnu/bin/../lib/gcc/nios2-elf/10.3.1/../../../../../H-x86_64-pc-linux-gnu/nios2-elf/lib/mno-hw-mul/libsmallc.a(lib_a-writer.o)
                                        0x4c3 (size before relaxing)
 .debug_str     0x0000000000001225       0x41 /opt/intelFPGA/21.1/nios2eds/bin/gnu/H-x86_64-pc-linux-gnu/bin/../lib/gcc/nios2-elf/10.3.1/../../../../../H-x86_64-pc-linux-gnu/nios2-elf/lib/mno-hw-mul/libsmallc.a(lib_a-int_errno.o)
                                        0x1d0 (size before relaxing)
 .debug_str     0x0000000000001266       0x8e /opt/intelFPGA/21.1/nios2eds/bin/gnu/H-x86_64-pc-linux-gnu/bin/../lib/gcc/nios2-elf/10.3.1/mno-hw-mul/libgcc.a(_muldi3.o)
                                        0x242 (size before relaxing)
 .debug_str     0x00000000000012f4       0xf1 ../NiosDisplay_Bsp//libhal_bsp.a(alt_iic.o)
                                        0x24a (size before relaxing)
 .debug_str     0x00000000000013e5       0x4c ../NiosDisplay_Bsp//libhal_bsp.a(alt_iic_isr_register.o)
                                        0x206 (size before relaxing)
 .debug_str     0x0000000000001431       0x18 ../NiosDisplay_Bsp//libhal_bsp.a(alt_irq_entry.o)
                                         0x7e (size before relaxing)
 .debug_str     0x0000000000001449       0x3a ../NiosDisplay_Bsp//libhal_bsp.a(alt_irq_handler.o)
                                        0x1b5 (size before relaxing)
 .debug_str     0x0000000000001483       0x29 ../NiosDisplay_Bsp//libhal_bsp.a(alt_irq_vars.o)
                                        0x161 (size before relaxing)
 .debug_str     0x00000000000014ac       0xe9 ../NiosDisplay_Bsp//libhal_bsp.a(alt_load.o)
                                        0x230 (size before relaxing)
 .debug_str     0x0000000000001595       0x44 ../NiosDisplay_Bsp//libhal_bsp.a(alt_main.o)
                                        0x183 (size before relaxing)
 .debug_str     0x00000000000015d9       0x29 ../NiosDisplay_Bsp//libhal_bsp.a(alt_usleep.o)
                                        0x173 (size before relaxing)
 .debug_str     0x0000000000001602       0x6f ../NiosDisplay_Bsp//libhal_bsp.a(alt_write.o)
                                        0x1c6 (size before relaxing)
 .debug_str     0x0000000000001671       0x6a ../NiosDisplay_Bsp//libhal_bsp.a(alt_sys_init.o)
                                        0x1ce (size before relaxing)
 .debug_str     0x00000000000016db       0x2c ../NiosDisplay_Bsp//libhal_bsp.a(altera_avalon_jtag_uart_write.o)
                                        0x1df (size before relaxing)
 .debug_str     0x0000000000001707       0x93 ../NiosDisplay_Bsp//libhal_bsp.a(altera_avalon_timer_sc.o)
                                        0x22c (size before relaxing)
 .debug_str     0x000000000000179a       0x42 ../NiosDisplay_Bsp//libhal_bsp.a(alt_busy_sleep.o)
                                        0x189 (size before relaxing)
 .debug_str     0x00000000000017dc       0x34 ../NiosDisplay_Bsp//libhal_bsp.a(alt_dcache_flush_all.o)
                                        0x173 (size before relaxing)
 .debug_str     0x0000000000001810       0x14 ../NiosDisplay_Bsp//libhal_bsp.a(alt_errno.o)
                                        0x15d (size before relaxing)
 .debug_str     0x0000000000001824       0x1e ../NiosDisplay_Bsp//libhal_bsp.a(alt_exception_entry.o)
                                         0x84 (size before relaxing)
 .debug_str     0x0000000000001842       0x34 ../NiosDisplay_Bsp//libhal_bsp.a(alt_icache_flush_all.o)
                                        0x173 (size before relaxing)
 .debug_str     0x0000000000001876       0xad ../NiosDisplay_Bsp//libhal_bsp.a(alt_tick.o)
                                        0x268 (size before relaxing)
 .debug_str     0x0000000000001923       0x3b ../NiosDisplay_Bsp//libhal_bsp.a(altera_nios2_gen2_irq.o)
                                        0x17a (size before relaxing)

.debug_loc      0x0000000000000000     0x1b84
 *(.debug_loc)
 .debug_loc     0x0000000000000000      0x5d0 /opt/intelFPGA/21.1/nios2eds/bin/gnu/H-x86_64-pc-linux-gnu/bin/../lib/gcc/nios2-elf/10.3.1/mno-hw-mul/libgcc.a(lib2-divmod.o)
 .debug_loc     0x00000000000005d0       0xa7 /opt/intelFPGA/21.1/nios2eds/bin/gnu/H-x86_64-pc-linux-gnu/bin/../lib/gcc/nios2-elf/10.3.1/mno-hw-mul/libgcc.a(lib2-mul.o)
 .debug_loc     0x0000000000000677      0x12a /opt/intelFPGA/21.1/nios2eds/bin/gnu/H-x86_64-pc-linux-gnu/bin/../lib/gcc/nios2-elf/10.3.1/../../../../../H-x86_64-pc-linux-gnu/nios2-elf/lib/mno-hw-mul/libsmallc.a(lib_a-memcpy.o)
 .debug_loc     0x00000000000007a1      0x263 /opt/intelFPGA/21.1/nios2eds/bin/gnu/H-x86_64-pc-linux-gnu/bin/../lib/gcc/nios2-elf/10.3.1/../../../../../H-x86_64-pc-linux-gnu/nios2-elf/lib/mno-hw-mul/libsmallc.a(lib_a-memmove.o)
 .debug_loc     0x0000000000000a04       0xac /opt/intelFPGA/21.1/nios2eds/bin/gnu/H-x86_64-pc-linux-gnu/bin/../lib/gcc/nios2-elf/10.3.1/../../../../../H-x86_64-pc-linux-gnu/nios2-elf/lib/mno-hw-mul/libsmallc.a(lib_a-memset.o)
 .debug_loc     0x0000000000000ab0       0xe1 /opt/intelFPGA/21.1/nios2eds/bin/gnu/H-x86_64-pc-linux-gnu/bin/../lib/gcc/nios2-elf/10.3.1/../../../../../H-x86_64-pc-linux-gnu/nios2-elf/lib/mno-hw-mul/libsmallc.a(lib_a-printf.o)
 .debug_loc     0x0000000000000b91       0xab /opt/intelFPGA/21.1/nios2eds/bin/gnu/H-x86_64-pc-linux-gnu/bin/../lib/gcc/nios2-elf/10.3.1/../../../../../H-x86_64-pc-linux-gnu/nios2-elf/lib/mno-hw-mul/libsmallc.a(lib_a-puts.o)
 .debug_loc     0x0000000000000c3c       0x44 /opt/intelFPGA/21.1/nios2eds/bin/gnu/H-x86_64-pc-linux-gnu/bin/../lib/gcc/nios2-elf/10.3.1/../../../../../H-x86_64-pc-linux-gnu/nios2-elf/lib/mno-hw-mul/libsmallc.a(lib_a-strlen.o)
 .debug_loc     0x0000000000000c80      0xb26 /opt/intelFPGA/21.1/nios2eds/bin/gnu/H-x86_64-pc-linux-gnu/bin/../lib/gcc/nios2-elf/10.3.1/../../../../../H-x86_64-pc-linux-gnu/nios2-elf/lib/mno-hw-mul/libsmallc.a(lib_a-vfprintf.o)
 .debug_loc     0x00000000000017a6      0x123 /opt/intelFPGA/21.1/nios2eds/bin/gnu/H-x86_64-pc-linux-gnu/bin/../lib/gcc/nios2-elf/10.3.1/../../../../../H-x86_64-pc-linux-gnu/nios2-elf/lib/mno-hw-mul/libsmallc.a(lib_a-fvwrite_small_dev.o)
 .debug_loc     0x00000000000018c9       0xd0 /opt/intelFPGA/21.1/nios2eds/bin/gnu/H-x86_64-pc-linux-gnu/bin/../lib/gcc/nios2-elf/10.3.1/../../../../../H-x86_64-pc-linux-gnu/nios2-elf/lib/mno-hw-mul/libsmallc.a(lib_a-writer.o)
 .debug_loc     0x0000000000001999      0x1eb /opt/intelFPGA/21.1/nios2eds/bin/gnu/H-x86_64-pc-linux-gnu/bin/../lib/gcc/nios2-elf/10.3.1/mno-hw-mul/libgcc.a(_muldi3.o)

.debug_macinfo
 *(.debug_macinfo)

.debug_weaknames
 *(.debug_weaknames)

.debug_funcnames
 *(.debug_funcnames)

.debug_typenames
 *(.debug_typenames)

.debug_varnames
 *(.debug_varnames)

.debug_alt_sim_info
                0x0000000000000000       0x40
 *(.debug_alt_sim_info)
 .debug_alt_sim_info
                0x0000000000000000       0x10 ../NiosDisplay_Bsp//obj/HAL/src/crt0.o
 .debug_alt_sim_info
                0x0000000000000010       0x30 ../NiosDisplay_Bsp//libhal_bsp.a(alt_busy_sleep.o)
                0x00000000000a0000                __alt_data_end = 0xa0000
                0x00000000000a0000                PROVIDE (__alt_stack_pointer = __alt_data_end)
                [!provide]                        PROVIDE (__alt_stack_limit = __alt_stack_base)
                [!provide]                        PROVIDE (__alt_heap_start = end)
                [!provide]                        PROVIDE (__alt_heap_limit = 0xa0000)
OUTPUT(NiosDisplay_App.elf elf32-littlenios2)
LOAD linker stubs

.debug_ranges   0x0000000000000000      0x2b8
 .debug_ranges  0x0000000000000000       0x70 /opt/intelFPGA/21.1/nios2eds/bin/gnu/H-x86_64-pc-linux-gnu/bin/../lib/gcc/nios2-elf/10.3.1/mno-hw-mul/libgcc.a(lib2-divmod.o)
 .debug_ranges  0x0000000000000070       0x10 /opt/intelFPGA/21.1/nios2eds/bin/gnu/H-x86_64-pc-linux-gnu/bin/../lib/gcc/nios2-elf/10.3.1/../../../../../H-x86_64-pc-linux-gnu/nios2-elf/lib/mno-hw-mul/libsmallc.a(lib_a-memcpy.o)
 .debug_ranges  0x0000000000000080       0x10 /opt/intelFPGA/21.1/nios2eds/bin/gnu/H-x86_64-pc-linux-gnu/bin/../lib/gcc/nios2-elf/10.3.1/../../../../../H-x86_64-pc-linux-gnu/nios2-elf/lib/mno-hw-mul/libsmallc.a(lib_a-memmove.o)
 .debug_ranges  0x0000000000000090       0x10 /opt/intelFPGA/21.1/nios2eds/bin/gnu/H-x86_64-pc-linux-gnu/bin/../lib/gcc/nios2-elf/10.3.1/../../../../../H-x86_64-pc-linux-gnu/nios2-elf/lib/mno-hw-mul/libsmallc.a(lib_a-memset.o)
 .debug_ranges  0x00000000000000a0       0x18 /opt/intelFPGA/21.1/nios2eds/bin/gnu/H-x86_64-pc-linux-gnu/bin/../lib/gcc/nios2-elf/10.3.1/../../../../../H-x86_64-pc-linux-gnu/nios2-elf/lib/mno-hw-mul/libsmallc.a(lib_a-printf.o)
 .debug_ranges  0x00000000000000b8       0x18 /opt/intelFPGA/21.1/nios2eds/bin/gnu/H-x86_64-pc-linux-gnu/bin/../lib/gcc/nios2-elf/10.3.1/../../../../../H-x86_64-pc-linux-gnu/nios2-elf/lib/mno-hw-mul/libsmallc.a(lib_a-puts.o)
 .debug_ranges  0x00000000000000d0       0x18 /opt/intelFPGA/21.1/nios2eds/bin/gnu/H-x86_64-pc-linux-gnu/bin/../lib/gcc/nios2-elf/10.3.1/../../../../../H-x86_64-pc-linux-gnu/nios2-elf/lib/mno-hw-mul/libsmallc.a(lib_a-rand.o)
 .debug_ranges  0x00000000000000e8       0x10 /opt/intelFPGA/21.1/nios2eds/bin/gnu/H-x86_64-pc-linux-gnu/bin/../lib/gcc/nios2-elf/10.3.1/../../../../../H-x86_64-pc-linux-gnu/nios2-elf/lib/mno-hw-mul/libsmallc.a(lib_a-strlen.o)
 .debug_ranges  0x00000000000000f8       0xf8 /opt/intelFPGA/21.1/nios2eds/bin/gnu/H-x86_64-pc-linux-gnu/bin/../lib/gcc/nios2-elf/10.3.1/../../../../../H-x86_64-pc-linux-gnu/nios2-elf/lib/mno-hw-mul/libsmallc.a(lib_a-vfprintf.o)
 .debug_ranges  0x00000000000001f0       0x10 /opt/intelFPGA/21.1/nios2eds/bin/gnu/H-x86_64-pc-linux-gnu/bin/../lib/gcc/nios2-elf/10.3.1/../../../../../H-x86_64-pc-linux-gnu/nios2-elf/lib/mno-hw-mul/libsmallc.a(lib_a-fvwrite_small_dev.o)
 .debug_ranges  0x0000000000000200       0x10 /opt/intelFPGA/21.1/nios2eds/bin/gnu/H-x86_64-pc-linux-gnu/bin/../lib/gcc/nios2-elf/10.3.1/../../../../../H-x86_64-pc-linux-gnu/nios2-elf/lib/mno-hw-mul/libsmallc.a(lib_a-writer.o)
 .debug_ranges  0x0000000000000210       0x40 /opt/intelFPGA/21.1/nios2eds/bin/gnu/H-x86_64-pc-linux-gnu/bin/../lib/gcc/nios2-elf/10.3.1/mno-hw-mul/libgcc.a(_muldi3.o)
 .debug_ranges  0x0000000000000250       0x28 ../NiosDisplay_Bsp//libhal_bsp.a(alt_irq_entry.o)
 .debug_ranges  0x0000000000000278       0x10 ../NiosDisplay_Bsp//libhal_bsp.a(alt_irq_handler.o)
 .debug_ranges  0x0000000000000288       0x30 ../NiosDisplay_Bsp//libhal_bsp.a(alt_exception_entry.o)
