Archive member included to satisfy reference by file (symbol)

/opt/intelFPGA/21.1/nios2eds/bin/gnu/H-x86_64-pc-linux-gnu/bin/../lib/gcc/nios2-elf/10.3.1/mno-hw-mul/libgcc.a(lib2-mul.o)
                              obj/default/main.o (__mulsi3)
/opt/intelFPGA/21.1/nios2eds/bin/gnu/H-x86_64-pc-linux-gnu/bin/../lib/gcc/nios2-elf/10.3.1/../../../../../H-x86_64-pc-linux-gnu/nios2-elf/lib/mno-hw-mul/libsmallc.a(lib_a-memcpy.o)
                              obj/default/main.o (memcpy)
/opt/intelFPGA/21.1/nios2eds/bin/gnu/H-x86_64-pc-linux-gnu/bin/../lib/gcc/nios2-elf/10.3.1/../../../../../H-x86_64-pc-linux-gnu/nios2-elf/lib/mno-hw-mul/libsmallc.a(lib_a-memmove.o)
                              obj/default/snake.o (memmove)
/opt/intelFPGA/21.1/nios2eds/bin/gnu/H-x86_64-pc-linux-gnu/bin/../lib/gcc/nios2-elf/10.3.1/../../../../../H-x86_64-pc-linux-gnu/nios2-elf/lib/mno-hw-mul/libsmallc.a(lib_a-memset.o)
                              obj/default/snake.o (memset)
/opt/intelFPGA/21.1/nios2eds/bin/gnu/H-x86_64-pc-linux-gnu/bin/../lib/gcc/nios2-elf/10.3.1/../../../../../H-x86_64-pc-linux-gnu/nios2-elf/lib/mno-hw-mul/libsmallc.a(lib_a-puts.o)
                              obj/default/main.o (puts)
/opt/intelFPGA/21.1/nios2eds/bin/gnu/H-x86_64-pc-linux-gnu/bin/../lib/gcc/nios2-elf/10.3.1/../../../../../H-x86_64-pc-linux-gnu/nios2-elf/lib/mno-hw-mul/libsmallc.a(lib_a-rand.o)
                              obj/default/main.o (srand)
/opt/intelFPGA/21.1/nios2eds/bin/gnu/H-x86_64-pc-linux-gnu/bin/../lib/gcc/nios2-elf/10.3.1/../../../../../H-x86_64-pc-linux-gnu/nios2-elf/lib/mno-hw-mul/libsmallc.a(lib_a-strlen.o)
                              /opt/intelFPGA/21.1/nios2eds/bin/gnu/H-x86_64-pc-linux-gnu/bin/../lib/gcc/nios2-elf/10.3.1/../../../../../H-x86_64-pc-linux-gnu/nios2-elf/lib/mno-hw-mul/libsmallc.a(lib_a-puts.o) (strlen)
/opt/intelFPGA/21.1/nios2eds/bin/gnu/H-x86_64-pc-linux-gnu/bin/../lib/gcc/nios2-elf/10.3.1/../../../../../H-x86_64-pc-linux-gnu/nios2-elf/lib/mno-hw-mul/libsmallc.a(lib_a-fvwrite_small_dev.o)
                              /opt/intelFPGA/21.1/nios2eds/bin/gnu/H-x86_64-pc-linux-gnu/bin/../lib/gcc/nios2-elf/10.3.1/../../../../../H-x86_64-pc-linux-gnu/nios2-elf/lib/mno-hw-mul/libsmallc.a(lib_a-puts.o) (__sfvwrite_small_dev)
/opt/intelFPGA/21.1/nios2eds/bin/gnu/H-x86_64-pc-linux-gnu/bin/../lib/gcc/nios2-elf/10.3.1/../../../../../H-x86_64-pc-linux-gnu/nios2-elf/lib/mno-hw-mul/libsmallc.a(lib_a-impure.o)
                              /opt/intelFPGA/21.1/nios2eds/bin/gnu/H-x86_64-pc-linux-gnu/bin/../lib/gcc/nios2-elf/10.3.1/../../../../../H-x86_64-pc-linux-gnu/nios2-elf/lib/mno-hw-mul/libsmallc.a(lib_a-puts.o) (_impure_ptr)
/opt/intelFPGA/21.1/nios2eds/bin/gnu/H-x86_64-pc-linux-gnu/bin/../lib/gcc/nios2-elf/10.3.1/../../../../../H-x86_64-pc-linux-gnu/nios2-elf/lib/mno-hw-mul/libsmallc.a(lib_a-writer.o)
                              /opt/intelFPGA/21.1/nios2eds/bin/gnu/H-x86_64-pc-linux-gnu/bin/../lib/gcc/nios2-elf/10.3.1/../../../../../H-x86_64-pc-linux-gnu/nios2-elf/lib/mno-hw-mul/libsmallc.a(lib_a-fvwrite_small_dev.o) (_write_r)
/opt/intelFPGA/21.1/nios2eds/bin/gnu/H-x86_64-pc-linux-gnu/bin/../lib/gcc/nios2-elf/10.3.1/../../../../../H-x86_64-pc-linux-gnu/nios2-elf/lib/mno-hw-mul/libsmallc.a(lib_a-int_errno.o)
                              /opt/intelFPGA/21.1/nios2eds/bin/gnu/H-x86_64-pc-linux-gnu/bin/../lib/gcc/nios2-elf/10.3.1/../../../../../H-x86_64-pc-linux-gnu/nios2-elf/lib/mno-hw-mul/libsmallc.a(lib_a-writer.o) (errno)
/opt/intelFPGA/21.1/nios2eds/bin/gnu/H-x86_64-pc-linux-gnu/bin/../lib/gcc/nios2-elf/10.3.1/mno-hw-mul/libgcc.a(_muldi3.o)
                              /opt/intelFPGA/21.1/nios2eds/bin/gnu/H-x86_64-pc-linux-gnu/bin/../lib/gcc/nios2-elf/10.3.1/../../../../../H-x86_64-pc-linux-gnu/nios2-elf/lib/mno-hw-mul/libsmallc.a(lib_a-rand.o) (__muldi3)
../software//libhal_bsp.a(alt_load.o)
                              ../software//obj/HAL/src/crt0.o (alt_load)
../software//libhal_bsp.a(alt_main.o)
                              ../software//obj/HAL/src/crt0.o (alt_main)
../software//libhal_bsp.a(alt_write.o)
                              /opt/intelFPGA/21.1/nios2eds/bin/gnu/H-x86_64-pc-linux-gnu/bin/../lib/gcc/nios2-elf/10.3.1/../../../../../H-x86_64-pc-linux-gnu/nios2-elf/lib/mno-hw-mul/libsmallc.a(lib_a-writer.o) (write)
../software//libhal_bsp.a(alt_sys_init.o)
                              ../software//libhal_bsp.a(alt_write.o) (jtag)
../software//libhal_bsp.a(altera_avalon_jtag_uart_write.o)
                              ../software//libhal_bsp.a(alt_write.o) (altera_avalon_jtag_uart_write)
../software//libhal_bsp.a(altera_avalon_timer_sc.o)
                              ../software//libhal_bsp.a(alt_sys_init.o) (alt_avalon_timer_sc_init)
../software//libhal_bsp.a(alt_close.o)
                              ../software//libhal_bsp.a(alt_main.o) (close)
../software//libhal_bsp.a(alt_dcache_flush_all.o)
                              ../software//libhal_bsp.a(alt_load.o) (alt_dcache_flush_all)
../software//libhal_bsp.a(alt_errno.o)
                              ../software//libhal_bsp.a(alt_write.o) (alt_errno)
../software//libhal_bsp.a(alt_icache_flush_all.o)
                              ../software//libhal_bsp.a(alt_load.o) (alt_icache_flush_all)
../software//libhal_bsp.a(alt_iic.o)
                              ../software//libhal_bsp.a(altera_avalon_timer_sc.o) (alt_ic_isr_register)
../software//libhal_bsp.a(alt_iic_isr_register.o)
                              ../software//libhal_bsp.a(alt_iic.o) (alt_iic_isr_register)
../software//libhal_bsp.a(alt_irq_entry.o)
                              ../software//libhal_bsp.a(alt_iic_isr_register.o) (alt_irq_entry)
../software//libhal_bsp.a(alt_irq_handler.o)
                              ../software//libhal_bsp.a(alt_iic_isr_register.o) (alt_irq)
../software//libhal_bsp.a(alt_irq_vars.o)
                              ../software//libhal_bsp.a(alt_iic.o) (alt_irq_active)
../software//libhal_bsp.a(alt_tick.o)
                              ../software//libhal_bsp.a(altera_avalon_timer_sc.o) (_alt_tick_rate)
../software//libhal_bsp.a(altera_nios2_gen2_irq.o)
                              ../software//libhal_bsp.a(alt_sys_init.o) (altera_nios2_gen2_irq_init)
../software//libhal_bsp.a(alt_exception_entry.o)
                              ../software//libhal_bsp.a(alt_irq_entry.o) (alt_exception)
../software//libhal_bsp.a(alt_instruction_exception_entry.o)
                              ../software//libhal_bsp.a(alt_exception_entry.o) (alt_instruction_exception_entry)
/opt/intelFPGA/21.1/nios2eds/bin/gnu/H-x86_64-pc-linux-gnu/bin/../lib/gcc/nios2-elf/10.3.1/../../../../../H-x86_64-pc-linux-gnu/nios2-elf/lib/mno-hw-mul/libsmallc.a(lib_a-exit.o)
                              ../software//libhal_bsp.a(alt_main.o) (exit)
/opt/intelFPGA/21.1/nios2eds/bin/gnu/H-x86_64-pc-linux-gnu/bin/../lib/gcc/nios2-elf/10.3.1/../../../../../H-x86_64-pc-linux-gnu/nios2-elf/lib/mno-hw-mul/libsmallc.a(lib_a-__call_atexit.o)
                              /opt/intelFPGA/21.1/nios2eds/bin/gnu/H-x86_64-pc-linux-gnu/bin/../lib/gcc/nios2-elf/10.3.1/../../../../../H-x86_64-pc-linux-gnu/nios2-elf/lib/mno-hw-mul/libsmallc.a(lib_a-exit.o) (__call_exitprocs)
../software//libhal_bsp.a(alt_exit.o)
                              /opt/intelFPGA/21.1/nios2eds/bin/gnu/H-x86_64-pc-linux-gnu/bin/../lib/gcc/nios2-elf/10.3.1/../../../../../H-x86_64-pc-linux-gnu/nios2-elf/lib/mno-hw-mul/libsmallc.a(lib_a-exit.o) (_exit)

Discarded input sections

 .gnu.warning.close
                0x0000000000000000        0x0 ../software//libhal_bsp.a(alt_close.o)

Memory Configuration

Name             Origin             Length             Attributes
frame_buffer     0x0000000000100000 0x0000000000044e20
reset            0x0000000000180000 0x0000000000000020
memory           0x0000000000180020 0x000000000000ffe0
*default*        0x0000000000000000 0xffffffffffffffff

Linker script and memory map

LOAD ../software//obj/HAL/src/crt0.o
LOAD obj/default/main.o
LOAD obj/default/snake.o
LOAD obj/default/types.o
LOAD /opt/intelFPGA/21.1/nios2eds/bin/gnu/H-x86_64-pc-linux-gnu/bin/../lib/gcc/nios2-elf/10.3.1/../../../../../H-x86_64-pc-linux-gnu/nios2-elf/lib/mno-hw-mul/libstdc++.a
LOAD /opt/intelFPGA/21.1/nios2eds/bin/gnu/H-x86_64-pc-linux-gnu/bin/../lib/gcc/nios2-elf/10.3.1/../../../../../H-x86_64-pc-linux-gnu/nios2-elf/lib/mno-hw-mul/libm.a
LOAD /opt/intelFPGA/21.1/nios2eds/bin/gnu/H-x86_64-pc-linux-gnu/bin/../lib/gcc/nios2-elf/10.3.1/mno-hw-mul/libgcc.a
START GROUP
LOAD /opt/intelFPGA/21.1/nios2eds/bin/gnu/H-x86_64-pc-linux-gnu/bin/../lib/gcc/nios2-elf/10.3.1/../../../../../H-x86_64-pc-linux-gnu/nios2-elf/lib/mno-hw-mul/libsmallc.a
LOAD /opt/intelFPGA/21.1/nios2eds/bin/gnu/H-x86_64-pc-linux-gnu/bin/../lib/gcc/nios2-elf/10.3.1/mno-hw-mul/libgcc.a
LOAD ../software//libhal_bsp.a
LOAD /opt/intelFPGA/21.1/nios2eds/bin/gnu/H-x86_64-pc-linux-gnu/bin/../lib/gcc/nios2-elf/10.3.1/../../../../../H-x86_64-pc-linux-gnu/nios2-elf/lib/mno-hw-mul/libm.a
END GROUP
LOAD /opt/intelFPGA/21.1/nios2eds/bin/gnu/H-x86_64-pc-linux-gnu/bin/../lib/gcc/nios2-elf/10.3.1/mno-hw-mul/libgcc.a
                0x0000000000100000                __alt_mem_frame_buffer = 0x100000
                0x0000000000180000                __alt_mem_memory = 0x180000

.entry          0x0000000000180000       0x20
 *(.entry)
 .entry         0x0000000000180000       0x20 ../software//obj/HAL/src/crt0.o
                0x0000000000180000                __reset

.exceptions     0x0000000000180020      0x204
                0x0000000000180020                PROVIDE (__ram_exceptions_start = ABSOLUTE (.))
                0x0000000000180020                . = ALIGN (0x20)
 *(.irq)
 *(.exceptions.entry.label)
 .exceptions.entry.label
                0x0000000000180020        0x0 ../software//libhal_bsp.a(alt_irq_entry.o)
                0x0000000000180020                alt_irq_entry
 .exceptions.entry.label
                0x0000000000180020        0x0 ../software//libhal_bsp.a(alt_exception_entry.o)
                0x0000000000180020                alt_exception
 *(.exceptions.entry.user)
 *(.exceptions.entry.ecc_fatal)
 *(.exceptions.entry)
 .exceptions.entry
                0x0000000000180020       0x54 ../software//libhal_bsp.a(alt_exception_entry.o)
 *(.exceptions.irqtest.user)
 *(.exceptions.irqtest)
 .exceptions.irqtest
                0x0000000000180074       0x10 ../software//libhal_bsp.a(alt_irq_entry.o)
 *(.exceptions.irqhandler.user)
 *(.exceptions.irqhandler)
 .exceptions.irqhandler
                0x0000000000180084        0x4 ../software//libhal_bsp.a(alt_irq_entry.o)
 *(.exceptions.irqreturn.user)
 *(.exceptions.irqreturn)
 .exceptions.irqreturn
                0x0000000000180088        0x4 ../software//libhal_bsp.a(alt_irq_entry.o)
 *(.exceptions.notirq.label)
 .exceptions.notirq.label
                0x000000000018008c        0x0 ../software//libhal_bsp.a(alt_irq_entry.o)
 *(.exceptions.notirq.user)
 *(.exceptions.notirq)
 .exceptions.notirq
                0x000000000018008c        0x8 ../software//libhal_bsp.a(alt_exception_entry.o)
 *(.exceptions.soft.user)
 *(.exceptions.soft)
 *(.exceptions.unknown.user)
 *(.exceptions.unknown)
 .exceptions.unknown
                0x0000000000180094       0x14 ../software//libhal_bsp.a(alt_exception_entry.o)
 *(.exceptions.exit.label)
 .exceptions.exit.label
                0x00000000001800a8        0x0 ../software//libhal_bsp.a(alt_irq_entry.o)
 .exceptions.exit.label
                0x00000000001800a8        0x0 ../software//libhal_bsp.a(alt_exception_entry.o)
 *(.exceptions.exit.user)
 *(.exceptions.exit)
 .exceptions.exit
                0x00000000001800a8       0x54 ../software//libhal_bsp.a(alt_exception_entry.o)
 *(.exceptions)
 .exceptions    0x00000000001800fc       0xc8 ../software//libhal_bsp.a(alt_irq_handler.o)
                0x00000000001800fc                alt_irq_handler
 .exceptions    0x00000000001801c4       0x60 ../software//libhal_bsp.a(alt_instruction_exception_entry.o)
                0x00000000001801c4                alt_instruction_exception_entry
                0x0000000000180224                PROVIDE (__ram_exceptions_end = ABSOLUTE (.))
                0x0000000000180020                PROVIDE (__flash_exceptions_start = LOADADDR (.exceptions))

.text           0x0000000000180224     0x19b8
                [!provide]                        PROVIDE (stext = ABSOLUTE (.))
 *(.interp)
 *(.hash)
 *(.dynsym)
 *(.dynstr)
 *(.gnu.version)
 *(.gnu.version_d)
 *(.gnu.version_r)
 *(.rel.init)
 *(.rela.init)
 *(.rel.text .rel.text.* .rel.gnu.linkonce.t.*)
 *(.rela.text .rela.text.* .rela.gnu.linkonce.t.*)
 *(.rel.fini)
 *(.rela.fini)
 *(.rel.rodata .rel.rodata.* .rel.gnu.linkonce.r.*)
 *(.rela.rodata .rela.rodata.* .rela.gnu.linkonce.r.*)
 *(.rel.data .rel.data.* .rel.gnu.linkonce.d.*)
 *(.rela.data .rela.data.* .rela.gnu.linkonce.d.*)
 *(.rel.tdata .rel.tdata.* .rel.gnu.linkonce.td.*)
 *(.rela.tdata .rela.tdata.* .rela.gnu.linkonce.td.*)
 *(.rel.tbss .rel.tbss.* .rel.gnu.linkonce.tb.*)
 *(.rela.tbss .rela.tbss.* .rela.gnu.linkonce.tb.*)
 *(.rel.ctors)
 *(.rela.ctors)
 *(.rel.dtors)
 *(.rela.dtors)
 *(.rel.got)
 *(.rela.got)
 *(.rel.sdata .rel.sdata.* .rel.gnu.linkonce.s.*)
 *(.rela.sdata .rela.sdata.* .rela.gnu.linkonce.s.*)
 *(.rel.sbss .rel.sbss.* .rel.gnu.linkonce.sb.*)
 *(.rela.sbss .rela.sbss.* .rela.gnu.linkonce.sb.*)
 *(.rel.sdata2 .rel.sdata2.* .rel.gnu.linkonce.s2.*)
 *(.rela.sdata2 .rela.sdata2.* .rela.gnu.linkonce.s2.*)
 *(.rel.sbss2 .rel.sbss2.* .rel.gnu.linkonce.sb2.*)
 *(.rela.sbss2 .rela.sbss2.* .rela.gnu.linkonce.sb2.*)
 *(.rel.bss .rel.bss.* .rel.gnu.linkonce.b.*)
 *(.rela.bss .rela.bss.* .rela.gnu.linkonce.b.*)
 *(.rel.plt)
 *(.rela.plt)
 *(.rel.dyn)
 *(.init)
 *(.plt)
 *(.text .stub .text.* .gnu.linkonce.t.*)
 .text          0x0000000000180224       0x3c ../software//obj/HAL/src/crt0.o
                0x0000000000180224                _start
 .text          0x0000000000180260      0x210 obj/default/main.o
                0x0000000000180260                delay
                0x0000000000180284                display_flush
                0x00000000001802d0                rnd
                0x000000000018031c                display_score
                0x0000000000180344                read_direction
                0x00000000001803c8                main
 .text          0x0000000000180470      0x72c obj/default/snake.o
                0x0000000000180470                clear_buffer
                0x00000000001804d8                draw_square
                0x00000000001806c0                detect_collision_snake
                0x000000000018075c                move_snake
                0x00000000001808b8                filter_direction
                0x0000000000180958                snake_play
 .text          0x0000000000180b9c       0xcc obj/default/types.o
                0x0000000000180b9c                point_t_equals
                0x0000000000180bf8                is_between
 .text          0x0000000000180c68       0x28 /opt/intelFPGA/21.1/nios2eds/bin/gnu/H-x86_64-pc-linux-gnu/bin/../lib/gcc/nios2-elf/10.3.1/mno-hw-mul/libgcc.a(lib2-mul.o)
                0x0000000000180c68                __mulsi3
 .text          0x0000000000180c90        0x0 /opt/intelFPGA/21.1/nios2eds/bin/gnu/H-x86_64-pc-linux-gnu/bin/../lib/gcc/nios2-elf/10.3.1/../../../../../H-x86_64-pc-linux-gnu/nios2-elf/lib/mno-hw-mul/libsmallc.a(lib_a-memcpy.o)
 .text.memcpy   0x0000000000180c90       0x28 /opt/intelFPGA/21.1/nios2eds/bin/gnu/H-x86_64-pc-linux-gnu/bin/../lib/gcc/nios2-elf/10.3.1/../../../../../H-x86_64-pc-linux-gnu/nios2-elf/lib/mno-hw-mul/libsmallc.a(lib_a-memcpy.o)
                0x0000000000180c90                memcpy
 .text          0x0000000000180cb8        0x0 /opt/intelFPGA/21.1/nios2eds/bin/gnu/H-x86_64-pc-linux-gnu/bin/../lib/gcc/nios2-elf/10.3.1/../../../../../H-x86_64-pc-linux-gnu/nios2-elf/lib/mno-hw-mul/libsmallc.a(lib_a-memmove.o)
 .text.memmove  0x0000000000180cb8       0x60 /opt/intelFPGA/21.1/nios2eds/bin/gnu/H-x86_64-pc-linux-gnu/bin/../lib/gcc/nios2-elf/10.3.1/../../../../../H-x86_64-pc-linux-gnu/nios2-elf/lib/mno-hw-mul/libsmallc.a(lib_a-memmove.o)
                0x0000000000180cb8                memmove
 .text          0x0000000000180d18        0x0 /opt/intelFPGA/21.1/nios2eds/bin/gnu/H-x86_64-pc-linux-gnu/bin/../lib/gcc/nios2-elf/10.3.1/../../../../../H-x86_64-pc-linux-gnu/nios2-elf/lib/mno-hw-mul/libsmallc.a(lib_a-memset.o)
 .text.memset   0x0000000000180d18       0x20 /opt/intelFPGA/21.1/nios2eds/bin/gnu/H-x86_64-pc-linux-gnu/bin/../lib/gcc/nios2-elf/10.3.1/../../../../../H-x86_64-pc-linux-gnu/nios2-elf/lib/mno-hw-mul/libsmallc.a(lib_a-memset.o)
                0x0000000000180d18                memset
 .text          0x0000000000180d38        0x0 /opt/intelFPGA/21.1/nios2eds/bin/gnu/H-x86_64-pc-linux-gnu/bin/../lib/gcc/nios2-elf/10.3.1/../../../../../H-x86_64-pc-linux-gnu/nios2-elf/lib/mno-hw-mul/libsmallc.a(lib_a-puts.o)
 .text._puts_r  0x0000000000180d38       0x80 /opt/intelFPGA/21.1/nios2eds/bin/gnu/H-x86_64-pc-linux-gnu/bin/../lib/gcc/nios2-elf/10.3.1/../../../../../H-x86_64-pc-linux-gnu/nios2-elf/lib/mno-hw-mul/libsmallc.a(lib_a-puts.o)
                0x0000000000180d38                _puts_r
 .text.puts     0x0000000000180db8       0x10 /opt/intelFPGA/21.1/nios2eds/bin/gnu/H-x86_64-pc-linux-gnu/bin/../lib/gcc/nios2-elf/10.3.1/../../../../../H-x86_64-pc-linux-gnu/nios2-elf/lib/mno-hw-mul/libsmallc.a(lib_a-puts.o)
                0x0000000000180db8                puts
 .text          0x0000000000180dc8        0x0 /opt/intelFPGA/21.1/nios2eds/bin/gnu/H-x86_64-pc-linux-gnu/bin/../lib/gcc/nios2-elf/10.3.1/../../../../../H-x86_64-pc-linux-gnu/nios2-elf/lib/mno-hw-mul/libsmallc.a(lib_a-rand.o)
 .text.srand    0x0000000000180dc8       0x14 /opt/intelFPGA/21.1/nios2eds/bin/gnu/H-x86_64-pc-linux-gnu/bin/../lib/gcc/nios2-elf/10.3.1/../../../../../H-x86_64-pc-linux-gnu/nios2-elf/lib/mno-hw-mul/libsmallc.a(lib_a-rand.o)
                0x0000000000180dc8                srand
 .text.rand     0x0000000000180ddc       0x60 /opt/intelFPGA/21.1/nios2eds/bin/gnu/H-x86_64-pc-linux-gnu/bin/../lib/gcc/nios2-elf/10.3.1/../../../../../H-x86_64-pc-linux-gnu/nios2-elf/lib/mno-hw-mul/libsmallc.a(lib_a-rand.o)
                0x0000000000180ddc                rand
 .text          0x0000000000180e3c        0x0 /opt/intelFPGA/21.1/nios2eds/bin/gnu/H-x86_64-pc-linux-gnu/bin/../lib/gcc/nios2-elf/10.3.1/../../../../../H-x86_64-pc-linux-gnu/nios2-elf/lib/mno-hw-mul/libsmallc.a(lib_a-strlen.o)
 .text.strlen   0x0000000000180e3c       0x1c /opt/intelFPGA/21.1/nios2eds/bin/gnu/H-x86_64-pc-linux-gnu/bin/../lib/gcc/nios2-elf/10.3.1/../../../../../H-x86_64-pc-linux-gnu/nios2-elf/lib/mno-hw-mul/libsmallc.a(lib_a-strlen.o)
                0x0000000000180e3c                strlen
 .text          0x0000000000180e58        0x0 /opt/intelFPGA/21.1/nios2eds/bin/gnu/H-x86_64-pc-linux-gnu/bin/../lib/gcc/nios2-elf/10.3.1/../../../../../H-x86_64-pc-linux-gnu/nios2-elf/lib/mno-hw-mul/libsmallc.a(lib_a-fvwrite_small_dev.o)
 .text.__sfvwrite_small_dev
                0x0000000000180e58       0xa8 /opt/intelFPGA/21.1/nios2eds/bin/gnu/H-x86_64-pc-linux-gnu/bin/../lib/gcc/nios2-elf/10.3.1/../../../../../H-x86_64-pc-linux-gnu/nios2-elf/lib/mno-hw-mul/libsmallc.a(lib_a-fvwrite_small_dev.o)
                0x0000000000180e58                __sfvwrite_small_dev
 .text          0x0000000000180f00        0x0 /opt/intelFPGA/21.1/nios2eds/bin/gnu/H-x86_64-pc-linux-gnu/bin/../lib/gcc/nios2-elf/10.3.1/../../../../../H-x86_64-pc-linux-gnu/nios2-elf/lib/mno-hw-mul/libsmallc.a(lib_a-impure.o)
 .text          0x0000000000180f00        0x0 /opt/intelFPGA/21.1/nios2eds/bin/gnu/H-x86_64-pc-linux-gnu/bin/../lib/gcc/nios2-elf/10.3.1/../../../../../H-x86_64-pc-linux-gnu/nios2-elf/lib/mno-hw-mul/libsmallc.a(lib_a-writer.o)
 .text._write_r
                0x0000000000180f00       0x50 /opt/intelFPGA/21.1/nios2eds/bin/gnu/H-x86_64-pc-linux-gnu/bin/../lib/gcc/nios2-elf/10.3.1/../../../../../H-x86_64-pc-linux-gnu/nios2-elf/lib/mno-hw-mul/libsmallc.a(lib_a-writer.o)
                0x0000000000180f00                _write_r
 .text          0x0000000000180f50        0x0 /opt/intelFPGA/21.1/nios2eds/bin/gnu/H-x86_64-pc-linux-gnu/bin/../lib/gcc/nios2-elf/10.3.1/../../../../../H-x86_64-pc-linux-gnu/nios2-elf/lib/mno-hw-mul/libsmallc.a(lib_a-int_errno.o)
 .text          0x0000000000180f50      0x104 /opt/intelFPGA/21.1/nios2eds/bin/gnu/H-x86_64-pc-linux-gnu/bin/../lib/gcc/nios2-elf/10.3.1/mno-hw-mul/libgcc.a(_muldi3.o)
                0x0000000000180f50                __muldi3
 .text          0x0000000000181054       0xec ../software//libhal_bsp.a(alt_load.o)
                0x00000000001810bc                alt_load
 .text          0x0000000000181140       0x50 ../software//libhal_bsp.a(alt_main.o)
                0x0000000000181140                alt_main
 .text          0x0000000000181190       0xdc ../software//libhal_bsp.a(alt_write.o)
                0x00000000001811cc                write
 .text          0x000000000018126c       0x7c ../software//libhal_bsp.a(alt_sys_init.o)
                0x000000000018126c                alt_irq_init
                0x00000000001812a8                alt_sys_init
 .text          0x00000000001812e8       0x94 ../software//libhal_bsp.a(altera_avalon_jtag_uart_write.o)
                0x00000000001812e8                altera_avalon_jtag_uart_write
 .text          0x000000000018137c      0x100 ../software//libhal_bsp.a(altera_avalon_timer_sc.o)
                0x00000000001813f8                alt_avalon_timer_sc_init
 .text          0x000000000018147c       0x78 ../software//libhal_bsp.a(alt_close.o)
                0x00000000001814b8                close
 .text          0x00000000001814f4       0x20 ../software//libhal_bsp.a(alt_dcache_flush_all.o)
                0x00000000001814f4                alt_dcache_flush_all
 .text          0x0000000000181514        0x0 ../software//libhal_bsp.a(alt_errno.o)
 .text          0x0000000000181514       0x20 ../software//libhal_bsp.a(alt_icache_flush_all.o)
                0x0000000000181514                alt_icache_flush_all
 .text          0x0000000000181534      0x1b0 ../software//libhal_bsp.a(alt_iic.o)
                0x0000000000181534                alt_ic_isr_register
                0x0000000000181584                alt_ic_irq_enable
                0x000000000018160c                alt_ic_irq_disable
                0x0000000000181698                alt_ic_irq_enabled
 .text          0x00000000001816e4       0xe8 ../software//libhal_bsp.a(alt_iic_isr_register.o)
                0x00000000001816e4                alt_iic_isr_register
 .text          0x00000000001817cc        0x0 ../software//libhal_bsp.a(alt_irq_entry.o)
 .text          0x00000000001817cc        0x0 ../software//libhal_bsp.a(alt_irq_handler.o)
 .text          0x00000000001817cc        0x0 ../software//libhal_bsp.a(alt_irq_vars.o)
 .text          0x00000000001817cc      0x1d0 ../software//libhal_bsp.a(alt_tick.o)
                0x00000000001817cc                alt_alarm_stop
                0x0000000000181870                alt_tick
 .text          0x000000000018199c       0x24 ../software//libhal_bsp.a(altera_nios2_gen2_irq.o)
                0x000000000018199c                altera_nios2_gen2_irq_init
 .text          0x00000000001819c0        0x0 ../software//libhal_bsp.a(alt_exception_entry.o)
 .text          0x00000000001819c0       0x98 ../software//libhal_bsp.a(alt_instruction_exception_entry.o)
                0x00000000001819c0                alt_exception_cause_generated_bad_addr
 .text          0x0000000000181a58        0x0 /opt/intelFPGA/21.1/nios2eds/bin/gnu/H-x86_64-pc-linux-gnu/bin/../lib/gcc/nios2-elf/10.3.1/../../../../../H-x86_64-pc-linux-gnu/nios2-elf/lib/mno-hw-mul/libsmallc.a(lib_a-exit.o)
 .text.exit     0x0000000000181a58       0x20 /opt/intelFPGA/21.1/nios2eds/bin/gnu/H-x86_64-pc-linux-gnu/bin/../lib/gcc/nios2-elf/10.3.1/../../../../../H-x86_64-pc-linux-gnu/nios2-elf/lib/mno-hw-mul/libsmallc.a(lib_a-exit.o)
                0x0000000000181a58                exit
 .text          0x0000000000181a78        0x0 /opt/intelFPGA/21.1/nios2eds/bin/gnu/H-x86_64-pc-linux-gnu/bin/../lib/gcc/nios2-elf/10.3.1/../../../../../H-x86_64-pc-linux-gnu/nios2-elf/lib/mno-hw-mul/libsmallc.a(lib_a-__call_atexit.o)
 .text.__call_exitprocs
                0x0000000000181a78      0x12c /opt/intelFPGA/21.1/nios2eds/bin/gnu/H-x86_64-pc-linux-gnu/bin/../lib/gcc/nios2-elf/10.3.1/../../../../../H-x86_64-pc-linux-gnu/nios2-elf/lib/mno-hw-mul/libsmallc.a(lib_a-__call_atexit.o)
                0x0000000000181a78                __call_exitprocs
 .text          0x0000000000181ba4       0x38 ../software//libhal_bsp.a(alt_exit.o)
                0x0000000000181ba4                _exit
 *(.gnu.warning.*)
 *(.fini)
                [!provide]                        PROVIDE (__etext = ABSOLUTE (.))
                [!provide]                        PROVIDE (_etext = ABSOLUTE (.))
                [!provide]                        PROVIDE (etext = ABSOLUTE (.))
 *(.eh_frame_hdr)
                0x0000000000181bdc                . = ALIGN (0x4)
                [!provide]                        PROVIDE (__preinit_array_start = ABSOLUTE (.))
 *(.preinit_array)
                [!provide]                        PROVIDE (__preinit_array_end = ABSOLUTE (.))
                [!provide]                        PROVIDE (__init_array_start = ABSOLUTE (.))
 *(.init_array)
                [!provide]                        PROVIDE (__init_array_end = ABSOLUTE (.))
                [!provide]                        PROVIDE (__fini_array_start = ABSOLUTE (.))
 *(.fini_array)
                [!provide]                        PROVIDE (__fini_array_end = ABSOLUTE (.))
 *(.eh_frame)
 *(.gcc_except_table .gcc_except_table.*)
 *(.dynamic)
                [!provide]                        PROVIDE (__CTOR_LIST__ = ABSOLUTE (.))
 *(.ctors)
 *(SORT_BY_NAME(.ctors.*))
                [!provide]                        PROVIDE (__CTOR_END__ = ABSOLUTE (.))
                [!provide]                        PROVIDE (__DTOR_LIST__ = ABSOLUTE (.))
 *(.dtors)
 *(SORT_BY_NAME(.dtors.*))
                [!provide]                        PROVIDE (__DTOR_END__ = ABSOLUTE (.))
 *(.jcr)
                0x0000000000181bdc                . = ALIGN (0x4)

.rodata         0x0000000000181bdc       0x14
                0x0000000000181bdc                PROVIDE (__ram_rodata_start = ABSOLUTE (.))
                0x0000000000181bdc                . = ALIGN (0x4)
 *(.rodata .rodata.* .gnu.linkonce.r.*)
 .rodata        0x0000000000181bdc       0x10 obj/default/main.o
 .rodata._puts_r.str1.4
                0x0000000000181bec        0x2 /opt/intelFPGA/21.1/nios2eds/bin/gnu/H-x86_64-pc-linux-gnu/bin/../lib/gcc/nios2-elf/10.3.1/../../../../../H-x86_64-pc-linux-gnu/nios2-elf/lib/mno-hw-mul/libsmallc.a(lib_a-puts.o)
 *(.rodata1)
                0x0000000000181bf0                . = ALIGN (0x4)
 *fill*         0x0000000000181bee        0x2 
                0x0000000000181bf0                PROVIDE (__ram_rodata_end = ABSOLUTE (.))
                0x0000000000181bdc                PROVIDE (__flash_rodata_start = LOADADDR (.rodata))

.rwdata         0x0000000000181bf0      0x104 load address 0x0000000000181cf4
                0x0000000000181bf0                PROVIDE (__ram_rwdata_start = ABSOLUTE (.))
                0x0000000000181bf0                . = ALIGN (0x4)
 *(.got.plt)
 *(.got)
 *(.data1)
 *(.data .data.* .gnu.linkonce.d.*)
 .data          0x0000000000181bf0        0x0 ../software//obj/HAL/src/crt0.o
 .data          0x0000000000181bf0        0x0 obj/default/main.o
 .data          0x0000000000181bf0        0x0 obj/default/snake.o
 .data          0x0000000000181bf0        0x0 obj/default/types.o
 .data          0x0000000000181bf0        0x0 /opt/intelFPGA/21.1/nios2eds/bin/gnu/H-x86_64-pc-linux-gnu/bin/../lib/gcc/nios2-elf/10.3.1/mno-hw-mul/libgcc.a(lib2-mul.o)
 .data          0x0000000000181bf0        0x0 /opt/intelFPGA/21.1/nios2eds/bin/gnu/H-x86_64-pc-linux-gnu/bin/../lib/gcc/nios2-elf/10.3.1/../../../../../H-x86_64-pc-linux-gnu/nios2-elf/lib/mno-hw-mul/libsmallc.a(lib_a-memcpy.o)
 .data          0x0000000000181bf0        0x0 /opt/intelFPGA/21.1/nios2eds/bin/gnu/H-x86_64-pc-linux-gnu/bin/../lib/gcc/nios2-elf/10.3.1/../../../../../H-x86_64-pc-linux-gnu/nios2-elf/lib/mno-hw-mul/libsmallc.a(lib_a-memmove.o)
 .data          0x0000000000181bf0        0x0 /opt/intelFPGA/21.1/nios2eds/bin/gnu/H-x86_64-pc-linux-gnu/bin/../lib/gcc/nios2-elf/10.3.1/../../../../../H-x86_64-pc-linux-gnu/nios2-elf/lib/mno-hw-mul/libsmallc.a(lib_a-memset.o)
 .data          0x0000000000181bf0        0x0 /opt/intelFPGA/21.1/nios2eds/bin/gnu/H-x86_64-pc-linux-gnu/bin/../lib/gcc/nios2-elf/10.3.1/../../../../../H-x86_64-pc-linux-gnu/nios2-elf/lib/mno-hw-mul/libsmallc.a(lib_a-puts.o)
 .data          0x0000000000181bf0        0x0 /opt/intelFPGA/21.1/nios2eds/bin/gnu/H-x86_64-pc-linux-gnu/bin/../lib/gcc/nios2-elf/10.3.1/../../../../../H-x86_64-pc-linux-gnu/nios2-elf/lib/mno-hw-mul/libsmallc.a(lib_a-rand.o)
 .data          0x0000000000181bf0        0x0 /opt/intelFPGA/21.1/nios2eds/bin/gnu/H-x86_64-pc-linux-gnu/bin/../lib/gcc/nios2-elf/10.3.1/../../../../../H-x86_64-pc-linux-gnu/nios2-elf/lib/mno-hw-mul/libsmallc.a(lib_a-strlen.o)
 .data          0x0000000000181bf0        0x0 /opt/intelFPGA/21.1/nios2eds/bin/gnu/H-x86_64-pc-linux-gnu/bin/../lib/gcc/nios2-elf/10.3.1/../../../../../H-x86_64-pc-linux-gnu/nios2-elf/lib/mno-hw-mul/libsmallc.a(lib_a-fvwrite_small_dev.o)
 .data          0x0000000000181bf0        0x0 /opt/intelFPGA/21.1/nios2eds/bin/gnu/H-x86_64-pc-linux-gnu/bin/../lib/gcc/nios2-elf/10.3.1/../../../../../H-x86_64-pc-linux-gnu/nios2-elf/lib/mno-hw-mul/libsmallc.a(lib_a-impure.o)
 .data.impure_data
                0x0000000000181bf0       0xe4 /opt/intelFPGA/21.1/nios2eds/bin/gnu/H-x86_64-pc-linux-gnu/bin/../lib/gcc/nios2-elf/10.3.1/../../../../../H-x86_64-pc-linux-gnu/nios2-elf/lib/mno-hw-mul/libsmallc.a(lib_a-impure.o)
 .data          0x0000000000181cd4        0x0 /opt/intelFPGA/21.1/nios2eds/bin/gnu/H-x86_64-pc-linux-gnu/bin/../lib/gcc/nios2-elf/10.3.1/../../../../../H-x86_64-pc-linux-gnu/nios2-elf/lib/mno-hw-mul/libsmallc.a(lib_a-writer.o)
 .data          0x0000000000181cd4        0x0 /opt/intelFPGA/21.1/nios2eds/bin/gnu/H-x86_64-pc-linux-gnu/bin/../lib/gcc/nios2-elf/10.3.1/../../../../../H-x86_64-pc-linux-gnu/nios2-elf/lib/mno-hw-mul/libsmallc.a(lib_a-int_errno.o)
 .data          0x0000000000181cd4        0x0 /opt/intelFPGA/21.1/nios2eds/bin/gnu/H-x86_64-pc-linux-gnu/bin/../lib/gcc/nios2-elf/10.3.1/mno-hw-mul/libgcc.a(_muldi3.o)
 .data          0x0000000000181cd4        0x0 ../software//libhal_bsp.a(alt_load.o)
 .data          0x0000000000181cd4        0x0 ../software//libhal_bsp.a(alt_main.o)
 .data          0x0000000000181cd4        0x0 ../software//libhal_bsp.a(alt_write.o)
 .data          0x0000000000181cd4        0x0 ../software//libhal_bsp.a(alt_sys_init.o)
 .data          0x0000000000181cd4        0x0 ../software//libhal_bsp.a(altera_avalon_jtag_uart_write.o)
 .data          0x0000000000181cd4        0x0 ../software//libhal_bsp.a(altera_avalon_timer_sc.o)
 .data          0x0000000000181cd4        0x0 ../software//libhal_bsp.a(alt_close.o)
 .data          0x0000000000181cd4        0x0 ../software//libhal_bsp.a(alt_dcache_flush_all.o)
 .data          0x0000000000181cd4        0x0 ../software//libhal_bsp.a(alt_errno.o)
 .data          0x0000000000181cd4        0x0 ../software//libhal_bsp.a(alt_icache_flush_all.o)
 .data          0x0000000000181cd4        0x0 ../software//libhal_bsp.a(alt_iic.o)
 .data          0x0000000000181cd4        0x0 ../software//libhal_bsp.a(alt_iic_isr_register.o)
 .data          0x0000000000181cd4        0x0 ../software//libhal_bsp.a(alt_irq_entry.o)
 .data          0x0000000000181cd4        0x0 ../software//libhal_bsp.a(alt_irq_handler.o)
 .data          0x0000000000181cd4        0x0 ../software//libhal_bsp.a(alt_irq_vars.o)
 .data          0x0000000000181cd4        0x0 ../software//libhal_bsp.a(alt_tick.o)
 .data          0x0000000000181cd4        0x0 ../software//libhal_bsp.a(altera_nios2_gen2_irq.o)
 .data          0x0000000000181cd4        0x0 ../software//libhal_bsp.a(alt_exception_entry.o)
 .data          0x0000000000181cd4        0x0 ../software//libhal_bsp.a(alt_instruction_exception_entry.o)
 .data          0x0000000000181cd4        0x0 /opt/intelFPGA/21.1/nios2eds/bin/gnu/H-x86_64-pc-linux-gnu/bin/../lib/gcc/nios2-elf/10.3.1/../../../../../H-x86_64-pc-linux-gnu/nios2-elf/lib/mno-hw-mul/libsmallc.a(lib_a-exit.o)
 .data          0x0000000000181cd4        0x0 /opt/intelFPGA/21.1/nios2eds/bin/gnu/H-x86_64-pc-linux-gnu/bin/../lib/gcc/nios2-elf/10.3.1/../../../../../H-x86_64-pc-linux-gnu/nios2-elf/lib/mno-hw-mul/libsmallc.a(lib_a-__call_atexit.o)
 .data          0x0000000000181cd4        0x0 ../software//libhal_bsp.a(alt_exit.o)
                0x0000000000189cd4                _gp = ABSOLUTE ((. + 0x8000))
                [!provide]                        PROVIDE (gp = _gp)
 *(.rwdata .rwdata.*)
 *(.sdata .sdata.* .gnu.linkonce.s.*)
 .sdata         0x0000000000181cd4        0x4 obj/default/main.o
 .sdata._global_impure_ptr
                0x0000000000181cd8        0x4 /opt/intelFPGA/21.1/nios2eds/bin/gnu/H-x86_64-pc-linux-gnu/bin/../lib/gcc/nios2-elf/10.3.1/../../../../../H-x86_64-pc-linux-gnu/nios2-elf/lib/mno-hw-mul/libsmallc.a(lib_a-impure.o)
                0x0000000000181cd8                _global_impure_ptr
 .sdata._impure_ptr
                0x0000000000181cdc        0x4 /opt/intelFPGA/21.1/nios2eds/bin/gnu/H-x86_64-pc-linux-gnu/bin/../lib/gcc/nios2-elf/10.3.1/../../../../../H-x86_64-pc-linux-gnu/nios2-elf/lib/mno-hw-mul/libsmallc.a(lib_a-impure.o)
                0x0000000000181cdc                _impure_ptr
 .sdata         0x0000000000181ce0        0x4 ../software//libhal_bsp.a(alt_sys_init.o)
                0x0000000000181ce0                jtag
 .sdata         0x0000000000181ce4        0x4 ../software//libhal_bsp.a(alt_errno.o)
                0x0000000000181ce4                alt_errno
 .sdata         0x0000000000181ce8        0x4 ../software//libhal_bsp.a(alt_irq_vars.o)
                0x0000000000181ce8                alt_priority_mask
 .sdata         0x0000000000181cec        0x8 ../software//libhal_bsp.a(alt_tick.o)
                0x0000000000181cec                alt_alarm_list
 *(.sdata2 .sdata2.* .gnu.linkonce.s2.*)
                0x0000000000181cf4                . = ALIGN (0x4)
                0x0000000000181cf4                _edata = ABSOLUTE (.)
                [!provide]                        PROVIDE (edata = ABSOLUTE (.))
                0x0000000000181cf4                PROVIDE (__ram_rwdata_end = ABSOLUTE (.))
                0x0000000000181cf4                PROVIDE (__flash_rwdata_start = LOADADDR (.rwdata))

.bss            0x0000000000181df8      0x12c
                0x0000000000181df8                __bss_start = ABSOLUTE (.)
                [!provide]                        PROVIDE (__sbss_start = ABSOLUTE (.))
                [!provide]                        PROVIDE (___sbss_start = ABSOLUTE (.))
 *(.dynsbss)
 *(.sbss .sbss.* .gnu.linkonce.sb.*)
 .sbss._randbits
                0x0000000000181df8        0x8 /opt/intelFPGA/21.1/nios2eds/bin/gnu/H-x86_64-pc-linux-gnu/bin/../lib/gcc/nios2-elf/10.3.1/../../../../../H-x86_64-pc-linux-gnu/nios2-elf/lib/mno-hw-mul/libsmallc.a(lib_a-rand.o)
 .sbss.errno    0x0000000000181e00        0x4 /opt/intelFPGA/21.1/nios2eds/bin/gnu/H-x86_64-pc-linux-gnu/bin/../lib/gcc/nios2-elf/10.3.1/../../../../../H-x86_64-pc-linux-gnu/nios2-elf/lib/mno-hw-mul/libsmallc.a(lib_a-int_errno.o)
                0x0000000000181e00                errno
 .sbss          0x0000000000181e04        0xc ../software//libhal_bsp.a(alt_main.o)
                0x0000000000181e04                alt_argc
                0x0000000000181e08                alt_argv
                0x0000000000181e0c                alt_envp
 .sbss          0x0000000000181e10        0x4 ../software//libhal_bsp.a(alt_irq_vars.o)
                0x0000000000181e10                alt_irq_active
 .sbss          0x0000000000181e14        0xc ../software//libhal_bsp.a(alt_tick.o)
                0x0000000000181e14                _alt_tick_rate
                0x0000000000181e18                _alt_nticks
 .sbss          0x0000000000181e20        0x4 ../software//libhal_bsp.a(alt_instruction_exception_entry.o)
                0x0000000000181e20                alt_instruction_exception_handler
 *(.sbss2 .sbss2.* .gnu.linkonce.sb2.*)
 *(.scommon)
                [!provide]                        PROVIDE (__sbss_end = ABSOLUTE (.))
                [!provide]                        PROVIDE (___sbss_end = ABSOLUTE (.))
 *(.dynbss)
 *(.bss .bss.* .gnu.linkonce.b.*)
 .bss           0x0000000000181e24        0x0 ../software//obj/HAL/src/crt0.o
 .bss           0x0000000000181e24        0x0 obj/default/main.o
 .bss           0x0000000000181e24        0x0 obj/default/snake.o
 .bss           0x0000000000181e24        0x0 obj/default/types.o
 .bss           0x0000000000181e24        0x0 /opt/intelFPGA/21.1/nios2eds/bin/gnu/H-x86_64-pc-linux-gnu/bin/../lib/gcc/nios2-elf/10.3.1/mno-hw-mul/libgcc.a(lib2-mul.o)
 .bss           0x0000000000181e24        0x0 /opt/intelFPGA/21.1/nios2eds/bin/gnu/H-x86_64-pc-linux-gnu/bin/../lib/gcc/nios2-elf/10.3.1/../../../../../H-x86_64-pc-linux-gnu/nios2-elf/lib/mno-hw-mul/libsmallc.a(lib_a-memcpy.o)
 .bss           0x0000000000181e24        0x0 /opt/intelFPGA/21.1/nios2eds/bin/gnu/H-x86_64-pc-linux-gnu/bin/../lib/gcc/nios2-elf/10.3.1/../../../../../H-x86_64-pc-linux-gnu/nios2-elf/lib/mno-hw-mul/libsmallc.a(lib_a-memmove.o)
 .bss           0x0000000000181e24        0x0 /opt/intelFPGA/21.1/nios2eds/bin/gnu/H-x86_64-pc-linux-gnu/bin/../lib/gcc/nios2-elf/10.3.1/../../../../../H-x86_64-pc-linux-gnu/nios2-elf/lib/mno-hw-mul/libsmallc.a(lib_a-memset.o)
 .bss           0x0000000000181e24        0x0 /opt/intelFPGA/21.1/nios2eds/bin/gnu/H-x86_64-pc-linux-gnu/bin/../lib/gcc/nios2-elf/10.3.1/../../../../../H-x86_64-pc-linux-gnu/nios2-elf/lib/mno-hw-mul/libsmallc.a(lib_a-puts.o)
 .bss           0x0000000000181e24        0x0 /opt/intelFPGA/21.1/nios2eds/bin/gnu/H-x86_64-pc-linux-gnu/bin/../lib/gcc/nios2-elf/10.3.1/../../../../../H-x86_64-pc-linux-gnu/nios2-elf/lib/mno-hw-mul/libsmallc.a(lib_a-rand.o)
 .bss           0x0000000000181e24        0x0 /opt/intelFPGA/21.1/nios2eds/bin/gnu/H-x86_64-pc-linux-gnu/bin/../lib/gcc/nios2-elf/10.3.1/../../../../../H-x86_64-pc-linux-gnu/nios2-elf/lib/mno-hw-mul/libsmallc.a(lib_a-strlen.o)
 .bss           0x0000000000181e24        0x0 /opt/intelFPGA/21.1/nios2eds/bin/gnu/H-x86_64-pc-linux-gnu/bin/../lib/gcc/nios2-elf/10.3.1/../../../../../H-x86_64-pc-linux-gnu/nios2-elf/lib/mno-hw-mul/libsmallc.a(lib_a-fvwrite_small_dev.o)
 .bss           0x0000000000181e24        0x0 /opt/intelFPGA/21.1/nios2eds/bin/gnu/H-x86_64-pc-linux-gnu/bin/../lib/gcc/nios2-elf/10.3.1/../../../../../H-x86_64-pc-linux-gnu/nios2-elf/lib/mno-hw-mul/libsmallc.a(lib_a-impure.o)
 .bss           0x0000000000181e24        0x0 /opt/intelFPGA/21.1/nios2eds/bin/gnu/H-x86_64-pc-linux-gnu/bin/../lib/gcc/nios2-elf/10.3.1/../../../../../H-x86_64-pc-linux-gnu/nios2-elf/lib/mno-hw-mul/libsmallc.a(lib_a-writer.o)
 .bss           0x0000000000181e24        0x0 /opt/intelFPGA/21.1/nios2eds/bin/gnu/H-x86_64-pc-linux-gnu/bin/../lib/gcc/nios2-elf/10.3.1/../../../../../H-x86_64-pc-linux-gnu/nios2-elf/lib/mno-hw-mul/libsmallc.a(lib_a-int_errno.o)
 .bss           0x0000000000181e24        0x0 /opt/intelFPGA/21.1/nios2eds/bin/gnu/H-x86_64-pc-linux-gnu/bin/../lib/gcc/nios2-elf/10.3.1/mno-hw-mul/libgcc.a(_muldi3.o)
 .bss           0x0000000000181e24        0x0 ../software//libhal_bsp.a(alt_load.o)
 .bss           0x0000000000181e24        0x0 ../software//libhal_bsp.a(alt_main.o)
 .bss           0x0000000000181e24        0x0 ../software//libhal_bsp.a(alt_write.o)
 .bss           0x0000000000181e24        0x0 ../software//libhal_bsp.a(alt_sys_init.o)
 .bss           0x0000000000181e24        0x0 ../software//libhal_bsp.a(altera_avalon_jtag_uart_write.o)
 .bss           0x0000000000181e24        0x0 ../software//libhal_bsp.a(altera_avalon_timer_sc.o)
 .bss           0x0000000000181e24        0x0 ../software//libhal_bsp.a(alt_close.o)
 .bss           0x0000000000181e24        0x0 ../software//libhal_bsp.a(alt_dcache_flush_all.o)
 .bss           0x0000000000181e24        0x0 ../software//libhal_bsp.a(alt_errno.o)
 .bss           0x0000000000181e24        0x0 ../software//libhal_bsp.a(alt_icache_flush_all.o)
 .bss           0x0000000000181e24        0x0 ../software//libhal_bsp.a(alt_iic.o)
 .bss           0x0000000000181e24        0x0 ../software//libhal_bsp.a(alt_iic_isr_register.o)
 .bss           0x0000000000181e24        0x0 ../software//libhal_bsp.a(alt_irq_entry.o)
 .bss           0x0000000000181e24      0x100 ../software//libhal_bsp.a(alt_irq_handler.o)
                0x0000000000181e24                alt_irq
 .bss           0x0000000000181f24        0x0 ../software//libhal_bsp.a(alt_irq_vars.o)
 .bss           0x0000000000181f24        0x0 ../software//libhal_bsp.a(alt_tick.o)
 .bss           0x0000000000181f24        0x0 ../software//libhal_bsp.a(altera_nios2_gen2_irq.o)
 .bss           0x0000000000181f24        0x0 ../software//libhal_bsp.a(alt_exception_entry.o)
 .bss           0x0000000000181f24        0x0 ../software//libhal_bsp.a(alt_instruction_exception_entry.o)
 .bss           0x0000000000181f24        0x0 /opt/intelFPGA/21.1/nios2eds/bin/gnu/H-x86_64-pc-linux-gnu/bin/../lib/gcc/nios2-elf/10.3.1/../../../../../H-x86_64-pc-linux-gnu/nios2-elf/lib/mno-hw-mul/libsmallc.a(lib_a-exit.o)
 .bss           0x0000000000181f24        0x0 /opt/intelFPGA/21.1/nios2eds/bin/gnu/H-x86_64-pc-linux-gnu/bin/../lib/gcc/nios2-elf/10.3.1/../../../../../H-x86_64-pc-linux-gnu/nios2-elf/lib/mno-hw-mul/libsmallc.a(lib_a-__call_atexit.o)
 .bss           0x0000000000181f24        0x0 ../software//libhal_bsp.a(alt_exit.o)
 *(COMMON)
                0x0000000000181f24                . = ALIGN (0x4)
                0x0000000000181f24                __bss_end = ABSOLUTE (.)

.frame_buffer   0x0000000000100000        0x0 load address 0x0000000000181f24
                [!provide]                        PROVIDE (_alt_partition_frame_buffer_start = ABSOLUTE (.))
 *(.frame_buffer .frame_buffer. frame_buffer.*)
                0x0000000000100000                . = ALIGN (0x4)
                [!provide]                        PROVIDE (_alt_partition_frame_buffer_end = ABSOLUTE (.))
                [!provide]                        PROVIDE (_alt_partition_frame_buffer_load_addr = LOADADDR (.frame_buffer))

.memory         0x0000000000181f24        0x0
                [!provide]                        PROVIDE (_alt_partition_memory_start = ABSOLUTE (.))
 *(.memory .memory. memory.*)
                0x0000000000181f24                . = ALIGN (0x4)
                [!provide]                        PROVIDE (_alt_partition_memory_end = ABSOLUTE (.))
                0x0000000000181f24                _end = ABSOLUTE (.)
                0x0000000000181f24                end = ABSOLUTE (.)
                0x0000000000181f24                __alt_stack_base = ABSOLUTE (.)
                [!provide]                        PROVIDE (_alt_partition_memory_load_addr = LOADADDR (.memory))

.stab
 *(.stab)

.stabstr
 *(.stabstr)

.stab.excl
 *(.stab.excl)

.stab.exclstr
 *(.stab.exclstr)

.stab.index
 *(.stab.index)

.stab.indexstr
 *(.stab.indexstr)

.comment        0x0000000000000000       0x2d
 *(.comment)
 .comment       0x0000000000000000       0x2d obj/default/main.o
                                         0x2e (size before relaxing)
 .comment       0x000000000000002d       0x2e obj/default/snake.o
 .comment       0x000000000000002d       0x2e obj/default/types.o
 .comment       0x000000000000002d       0x2e /opt/intelFPGA/21.1/nios2eds/bin/gnu/H-x86_64-pc-linux-gnu/bin/../lib/gcc/nios2-elf/10.3.1/mno-hw-mul/libgcc.a(lib2-mul.o)
 .comment       0x000000000000002d       0x2e /opt/intelFPGA/21.1/nios2eds/bin/gnu/H-x86_64-pc-linux-gnu/bin/../lib/gcc/nios2-elf/10.3.1/../../../../../H-x86_64-pc-linux-gnu/nios2-elf/lib/mno-hw-mul/libsmallc.a(lib_a-memcpy.o)
 .comment       0x000000000000002d       0x2e /opt/intelFPGA/21.1/nios2eds/bin/gnu/H-x86_64-pc-linux-gnu/bin/../lib/gcc/nios2-elf/10.3.1/../../../../../H-x86_64-pc-linux-gnu/nios2-elf/lib/mno-hw-mul/libsmallc.a(lib_a-memmove.o)
 .comment       0x000000000000002d       0x2e /opt/intelFPGA/21.1/nios2eds/bin/gnu/H-x86_64-pc-linux-gnu/bin/../lib/gcc/nios2-elf/10.3.1/../../../../../H-x86_64-pc-linux-gnu/nios2-elf/lib/mno-hw-mul/libsmallc.a(lib_a-memset.o)
 .comment       0x000000000000002d       0x2e /opt/intelFPGA/21.1/nios2eds/bin/gnu/H-x86_64-pc-linux-gnu/bin/../lib/gcc/nios2-elf/10.3.1/../../../../../H-x86_64-pc-linux-gnu/nios2-elf/lib/mno-hw-mul/libsmallc.a(lib_a-puts.o)
 .comment       0x000000000000002d       0x2e /opt/intelFPGA/21.1/nios2eds/bin/gnu/H-x86_64-pc-linux-gnu/bin/../lib/gcc/nios2-elf/10.3.1/../../../../../H-x86_64-pc-linux-gnu/nios2-elf/lib/mno-hw-mul/libsmallc.a(lib_a-rand.o)
 .comment       0x000000000000002d       0x2e /opt/intelFPGA/21.1/nios2eds/bin/gnu/H-x86_64-pc-linux-gnu/bin/../lib/gcc/nios2-elf/10.3.1/../../../../../H-x86_64-pc-linux-gnu/nios2-elf/lib/mno-hw-mul/libsmallc.a(lib_a-strlen.o)
 .comment       0x000000000000002d       0x2e /opt/intelFPGA/21.1/nios2eds/bin/gnu/H-x86_64-pc-linux-gnu/bin/../lib/gcc/nios2-elf/10.3.1/../../../../../H-x86_64-pc-linux-gnu/nios2-elf/lib/mno-hw-mul/libsmallc.a(lib_a-fvwrite_small_dev.o)
 .comment       0x000000000000002d       0x2e /opt/intelFPGA/21.1/nios2eds/bin/gnu/H-x86_64-pc-linux-gnu/bin/../lib/gcc/nios2-elf/10.3.1/../../../../../H-x86_64-pc-linux-gnu/nios2-elf/lib/mno-hw-mul/libsmallc.a(lib_a-impure.o)
 .comment       0x000000000000002d       0x2e /opt/intelFPGA/21.1/nios2eds/bin/gnu/H-x86_64-pc-linux-gnu/bin/../lib/gcc/nios2-elf/10.3.1/../../../../../H-x86_64-pc-linux-gnu/nios2-elf/lib/mno-hw-mul/libsmallc.a(lib_a-writer.o)
 .comment       0x000000000000002d       0x2e /opt/intelFPGA/21.1/nios2eds/bin/gnu/H-x86_64-pc-linux-gnu/bin/../lib/gcc/nios2-elf/10.3.1/../../../../../H-x86_64-pc-linux-gnu/nios2-elf/lib/mno-hw-mul/libsmallc.a(lib_a-int_errno.o)
 .comment       0x000000000000002d       0x2e /opt/intelFPGA/21.1/nios2eds/bin/gnu/H-x86_64-pc-linux-gnu/bin/../lib/gcc/nios2-elf/10.3.1/mno-hw-mul/libgcc.a(_muldi3.o)
 .comment       0x000000000000002d       0x2e ../software//libhal_bsp.a(alt_load.o)
 .comment       0x000000000000002d       0x2e ../software//libhal_bsp.a(alt_main.o)
 .comment       0x000000000000002d       0x2e ../software//libhal_bsp.a(alt_write.o)
 .comment       0x000000000000002d       0x2e ../software//libhal_bsp.a(alt_sys_init.o)
 .comment       0x000000000000002d       0x2e ../software//libhal_bsp.a(altera_avalon_jtag_uart_write.o)
 .comment       0x000000000000002d       0x2e ../software//libhal_bsp.a(altera_avalon_timer_sc.o)
 .comment       0x000000000000002d       0x2e ../software//libhal_bsp.a(alt_close.o)
 .comment       0x000000000000002d       0x2e ../software//libhal_bsp.a(alt_dcache_flush_all.o)
 .comment       0x000000000000002d       0x2e ../software//libhal_bsp.a(alt_errno.o)
 .comment       0x000000000000002d       0x2e ../software//libhal_bsp.a(alt_icache_flush_all.o)
 .comment       0x000000000000002d       0x2e ../software//libhal_bsp.a(alt_iic.o)
 .comment       0x000000000000002d       0x2e ../software//libhal_bsp.a(alt_iic_isr_register.o)
 .comment       0x000000000000002d       0x2e ../software//libhal_bsp.a(alt_irq_handler.o)
 .comment       0x000000000000002d       0x2e ../software//libhal_bsp.a(alt_irq_vars.o)
 .comment       0x000000000000002d       0x2e ../software//libhal_bsp.a(alt_tick.o)
 .comment       0x000000000000002d       0x2e ../software//libhal_bsp.a(altera_nios2_gen2_irq.o)
 .comment       0x000000000000002d       0x2e ../software//libhal_bsp.a(alt_instruction_exception_entry.o)
 .comment       0x000000000000002d       0x2e /opt/intelFPGA/21.1/nios2eds/bin/gnu/H-x86_64-pc-linux-gnu/bin/../lib/gcc/nios2-elf/10.3.1/../../../../../H-x86_64-pc-linux-gnu/nios2-elf/lib/mno-hw-mul/libsmallc.a(lib_a-exit.o)
 .comment       0x000000000000002d       0x2e /opt/intelFPGA/21.1/nios2eds/bin/gnu/H-x86_64-pc-linux-gnu/bin/../lib/gcc/nios2-elf/10.3.1/../../../../../H-x86_64-pc-linux-gnu/nios2-elf/lib/mno-hw-mul/libsmallc.a(lib_a-__call_atexit.o)
 .comment       0x000000000000002d       0x2e ../software//libhal_bsp.a(alt_exit.o)

.debug
 *(.debug)

.line
 *(.line)

.debug_srcinfo
 *(.debug_srcinfo)

.debug_sfnames
 *(.debug_sfnames)

.debug_aranges  0x0000000000000000      0x4e8
 *(.debug_aranges)
 .debug_aranges
                0x0000000000000000       0x28 ../software//obj/HAL/src/crt0.o
 .debug_aranges
                0x0000000000000028       0x20 obj/default/main.o
 .debug_aranges
                0x0000000000000048       0x20 obj/default/snake.o
 .debug_aranges
                0x0000000000000068       0x20 obj/default/types.o
 .debug_aranges
                0x0000000000000088       0x20 /opt/intelFPGA/21.1/nios2eds/bin/gnu/H-x86_64-pc-linux-gnu/bin/../lib/gcc/nios2-elf/10.3.1/mno-hw-mul/libgcc.a(lib2-mul.o)
 .debug_aranges
                0x00000000000000a8       0x20 /opt/intelFPGA/21.1/nios2eds/bin/gnu/H-x86_64-pc-linux-gnu/bin/../lib/gcc/nios2-elf/10.3.1/../../../../../H-x86_64-pc-linux-gnu/nios2-elf/lib/mno-hw-mul/libsmallc.a(lib_a-memcpy.o)
 .debug_aranges
                0x00000000000000c8       0x20 /opt/intelFPGA/21.1/nios2eds/bin/gnu/H-x86_64-pc-linux-gnu/bin/../lib/gcc/nios2-elf/10.3.1/../../../../../H-x86_64-pc-linux-gnu/nios2-elf/lib/mno-hw-mul/libsmallc.a(lib_a-memmove.o)
 .debug_aranges
                0x00000000000000e8       0x20 /opt/intelFPGA/21.1/nios2eds/bin/gnu/H-x86_64-pc-linux-gnu/bin/../lib/gcc/nios2-elf/10.3.1/../../../../../H-x86_64-pc-linux-gnu/nios2-elf/lib/mno-hw-mul/libsmallc.a(lib_a-memset.o)
 .debug_aranges
                0x0000000000000108       0x28 /opt/intelFPGA/21.1/nios2eds/bin/gnu/H-x86_64-pc-linux-gnu/bin/../lib/gcc/nios2-elf/10.3.1/../../../../../H-x86_64-pc-linux-gnu/nios2-elf/lib/mno-hw-mul/libsmallc.a(lib_a-puts.o)
 .debug_aranges
                0x0000000000000130       0x28 /opt/intelFPGA/21.1/nios2eds/bin/gnu/H-x86_64-pc-linux-gnu/bin/../lib/gcc/nios2-elf/10.3.1/../../../../../H-x86_64-pc-linux-gnu/nios2-elf/lib/mno-hw-mul/libsmallc.a(lib_a-rand.o)
 .debug_aranges
                0x0000000000000158       0x20 /opt/intelFPGA/21.1/nios2eds/bin/gnu/H-x86_64-pc-linux-gnu/bin/../lib/gcc/nios2-elf/10.3.1/../../../../../H-x86_64-pc-linux-gnu/nios2-elf/lib/mno-hw-mul/libsmallc.a(lib_a-strlen.o)
 .debug_aranges
                0x0000000000000178       0x20 /opt/intelFPGA/21.1/nios2eds/bin/gnu/H-x86_64-pc-linux-gnu/bin/../lib/gcc/nios2-elf/10.3.1/../../../../../H-x86_64-pc-linux-gnu/nios2-elf/lib/mno-hw-mul/libsmallc.a(lib_a-fvwrite_small_dev.o)
 .debug_aranges
                0x0000000000000198       0x18 /opt/intelFPGA/21.1/nios2eds/bin/gnu/H-x86_64-pc-linux-gnu/bin/../lib/gcc/nios2-elf/10.3.1/../../../../../H-x86_64-pc-linux-gnu/nios2-elf/lib/mno-hw-mul/libsmallc.a(lib_a-impure.o)
 .debug_aranges
                0x00000000000001b0       0x20 /opt/intelFPGA/21.1/nios2eds/bin/gnu/H-x86_64-pc-linux-gnu/bin/../lib/gcc/nios2-elf/10.3.1/../../../../../H-x86_64-pc-linux-gnu/nios2-elf/lib/mno-hw-mul/libsmallc.a(lib_a-writer.o)
 .debug_aranges
                0x00000000000001d0       0x18 /opt/intelFPGA/21.1/nios2eds/bin/gnu/H-x86_64-pc-linux-gnu/bin/../lib/gcc/nios2-elf/10.3.1/../../../../../H-x86_64-pc-linux-gnu/nios2-elf/lib/mno-hw-mul/libsmallc.a(lib_a-int_errno.o)
 .debug_aranges
                0x00000000000001e8       0x20 /opt/intelFPGA/21.1/nios2eds/bin/gnu/H-x86_64-pc-linux-gnu/bin/../lib/gcc/nios2-elf/10.3.1/mno-hw-mul/libgcc.a(_muldi3.o)
 .debug_aranges
                0x0000000000000208       0x20 ../software//libhal_bsp.a(alt_load.o)
 .debug_aranges
                0x0000000000000228       0x20 ../software//libhal_bsp.a(alt_main.o)
 .debug_aranges
                0x0000000000000248       0x20 ../software//libhal_bsp.a(alt_write.o)
 .debug_aranges
                0x0000000000000268       0x20 ../software//libhal_bsp.a(alt_sys_init.o)
 .debug_aranges
                0x0000000000000288       0x20 ../software//libhal_bsp.a(altera_avalon_jtag_uart_write.o)
 .debug_aranges
                0x00000000000002a8       0x20 ../software//libhal_bsp.a(altera_avalon_timer_sc.o)
 .debug_aranges
                0x00000000000002c8       0x20 ../software//libhal_bsp.a(alt_close.o)
 .debug_aranges
                0x00000000000002e8       0x20 ../software//libhal_bsp.a(alt_dcache_flush_all.o)
 .debug_aranges
                0x0000000000000308       0x18 ../software//libhal_bsp.a(alt_errno.o)
 .debug_aranges
                0x0000000000000320       0x20 ../software//libhal_bsp.a(alt_icache_flush_all.o)
 .debug_aranges
                0x0000000000000340       0x20 ../software//libhal_bsp.a(alt_iic.o)
 .debug_aranges
                0x0000000000000360       0x20 ../software//libhal_bsp.a(alt_iic_isr_register.o)
 .debug_aranges
                0x0000000000000380       0x30 ../software//libhal_bsp.a(alt_irq_entry.o)
 .debug_aranges
                0x00000000000003b0       0x20 ../software//libhal_bsp.a(alt_irq_handler.o)
 .debug_aranges
                0x00000000000003d0       0x18 ../software//libhal_bsp.a(alt_irq_vars.o)
 .debug_aranges
                0x00000000000003e8       0x20 ../software//libhal_bsp.a(alt_tick.o)
 .debug_aranges
                0x0000000000000408       0x20 ../software//libhal_bsp.a(altera_nios2_gen2_irq.o)
 .debug_aranges
                0x0000000000000428       0x38 ../software//libhal_bsp.a(alt_exception_entry.o)
 .debug_aranges
                0x0000000000000460       0x28 ../software//libhal_bsp.a(alt_instruction_exception_entry.o)
 .debug_aranges
                0x0000000000000488       0x20 /opt/intelFPGA/21.1/nios2eds/bin/gnu/H-x86_64-pc-linux-gnu/bin/../lib/gcc/nios2-elf/10.3.1/../../../../../H-x86_64-pc-linux-gnu/nios2-elf/lib/mno-hw-mul/libsmallc.a(lib_a-exit.o)
 .debug_aranges
                0x00000000000004a8       0x20 /opt/intelFPGA/21.1/nios2eds/bin/gnu/H-x86_64-pc-linux-gnu/bin/../lib/gcc/nios2-elf/10.3.1/../../../../../H-x86_64-pc-linux-gnu/nios2-elf/lib/mno-hw-mul/libsmallc.a(lib_a-__call_atexit.o)
 .debug_aranges
                0x00000000000004c8       0x20 ../software//libhal_bsp.a(alt_exit.o)

.debug_pubnames
 *(.debug_pubnames)

.debug_info     0x0000000000000000     0x517b
 *(.debug_info .gnu.linkonce.wi.*)
 .debug_info    0x0000000000000000       0x22 ../software//obj/HAL/src/crt0.o
 .debug_info    0x0000000000000022      0x312 obj/default/main.o
 .debug_info    0x0000000000000334      0x4e7 obj/default/snake.o
 .debug_info    0x000000000000081b      0x15c obj/default/types.o
 .debug_info    0x0000000000000977       0xcb /opt/intelFPGA/21.1/nios2eds/bin/gnu/H-x86_64-pc-linux-gnu/bin/../lib/gcc/nios2-elf/10.3.1/mno-hw-mul/libgcc.a(lib2-mul.o)
 .debug_info    0x0000000000000a42      0x128 /opt/intelFPGA/21.1/nios2eds/bin/gnu/H-x86_64-pc-linux-gnu/bin/../lib/gcc/nios2-elf/10.3.1/../../../../../H-x86_64-pc-linux-gnu/nios2-elf/lib/mno-hw-mul/libsmallc.a(lib_a-memcpy.o)
 .debug_info    0x0000000000000b6a      0x11b /opt/intelFPGA/21.1/nios2eds/bin/gnu/H-x86_64-pc-linux-gnu/bin/../lib/gcc/nios2-elf/10.3.1/../../../../../H-x86_64-pc-linux-gnu/nios2-elf/lib/mno-hw-mul/libsmallc.a(lib_a-memmove.o)
 .debug_info    0x0000000000000c85       0xe7 /opt/intelFPGA/21.1/nios2eds/bin/gnu/H-x86_64-pc-linux-gnu/bin/../lib/gcc/nios2-elf/10.3.1/../../../../../H-x86_64-pc-linux-gnu/nios2-elf/lib/mno-hw-mul/libsmallc.a(lib_a-memset.o)
 .debug_info    0x0000000000000d6c      0x6ea /opt/intelFPGA/21.1/nios2eds/bin/gnu/H-x86_64-pc-linux-gnu/bin/../lib/gcc/nios2-elf/10.3.1/../../../../../H-x86_64-pc-linux-gnu/nios2-elf/lib/mno-hw-mul/libsmallc.a(lib_a-puts.o)
 .debug_info    0x0000000000001456      0x668 /opt/intelFPGA/21.1/nios2eds/bin/gnu/H-x86_64-pc-linux-gnu/bin/../lib/gcc/nios2-elf/10.3.1/../../../../../H-x86_64-pc-linux-gnu/nios2-elf/lib/mno-hw-mul/libsmallc.a(lib_a-rand.o)
 .debug_info    0x0000000000001abe       0xd0 /opt/intelFPGA/21.1/nios2eds/bin/gnu/H-x86_64-pc-linux-gnu/bin/../lib/gcc/nios2-elf/10.3.1/../../../../../H-x86_64-pc-linux-gnu/nios2-elf/lib/mno-hw-mul/libsmallc.a(lib_a-strlen.o)
 .debug_info    0x0000000000001b8e      0x6b3 /opt/intelFPGA/21.1/nios2eds/bin/gnu/H-x86_64-pc-linux-gnu/bin/../lib/gcc/nios2-elf/10.3.1/../../../../../H-x86_64-pc-linux-gnu/nios2-elf/lib/mno-hw-mul/libsmallc.a(lib_a-fvwrite_small_dev.o)
 .debug_info    0x0000000000002241      0x61e /opt/intelFPGA/21.1/nios2eds/bin/gnu/H-x86_64-pc-linux-gnu/bin/../lib/gcc/nios2-elf/10.3.1/../../../../../H-x86_64-pc-linux-gnu/nios2-elf/lib/mno-hw-mul/libsmallc.a(lib_a-impure.o)
 .debug_info    0x000000000000285f      0x6b3 /opt/intelFPGA/21.1/nios2eds/bin/gnu/H-x86_64-pc-linux-gnu/bin/../lib/gcc/nios2-elf/10.3.1/../../../../../H-x86_64-pc-linux-gnu/nios2-elf/lib/mno-hw-mul/libsmallc.a(lib_a-writer.o)
 .debug_info    0x0000000000002f12       0x84 /opt/intelFPGA/21.1/nios2eds/bin/gnu/H-x86_64-pc-linux-gnu/bin/../lib/gcc/nios2-elf/10.3.1/../../../../../H-x86_64-pc-linux-gnu/nios2-elf/lib/mno-hw-mul/libsmallc.a(lib_a-int_errno.o)
 .debug_info    0x0000000000002f96      0x274 /opt/intelFPGA/21.1/nios2eds/bin/gnu/H-x86_64-pc-linux-gnu/bin/../lib/gcc/nios2-elf/10.3.1/mno-hw-mul/libgcc.a(_muldi3.o)
 .debug_info    0x000000000000320a      0x14d ../software//libhal_bsp.a(alt_load.o)
 .debug_info    0x0000000000003357       0xef ../software//libhal_bsp.a(alt_main.o)
 .debug_info    0x0000000000003446      0x157 ../software//libhal_bsp.a(alt_write.o)
 .debug_info    0x000000000000359d      0x10b ../software//libhal_bsp.a(alt_sys_init.o)
 .debug_info    0x00000000000036a8      0x132 ../software//libhal_bsp.a(altera_avalon_jtag_uart_write.o)
 .debug_info    0x00000000000037da      0x1d5 ../software//libhal_bsp.a(altera_avalon_timer_sc.o)
 .debug_info    0x00000000000039af       0xe3 ../software//libhal_bsp.a(alt_close.o)
 .debug_info    0x0000000000003a92       0x8c ../software//libhal_bsp.a(alt_dcache_flush_all.o)
 .debug_info    0x0000000000003b1e       0x9d ../software//libhal_bsp.a(alt_errno.o)
 .debug_info    0x0000000000003bbb       0x8c ../software//libhal_bsp.a(alt_icache_flush_all.o)
 .debug_info    0x0000000000003c47      0x32c ../software//libhal_bsp.a(alt_iic.o)
 .debug_info    0x0000000000003f73      0x1f0 ../software//libhal_bsp.a(alt_iic_isr_register.o)
 .debug_info    0x0000000000004163       0x22 ../software//libhal_bsp.a(alt_irq_entry.o)
 .debug_info    0x0000000000004185      0x175 ../software//libhal_bsp.a(alt_irq_handler.o)
 .debug_info    0x00000000000042fa       0x8b ../software//libhal_bsp.a(alt_irq_vars.o)
 .debug_info    0x0000000000004385      0x2b0 ../software//libhal_bsp.a(alt_tick.o)
 .debug_info    0x0000000000004635       0x8c ../software//libhal_bsp.a(altera_nios2_gen2_irq.o)
 .debug_info    0x00000000000046c1       0x22 ../software//libhal_bsp.a(alt_exception_entry.o)
 .debug_info    0x00000000000046e3      0x1f1 ../software//libhal_bsp.a(alt_instruction_exception_entry.o)
 .debug_info    0x00000000000048d4       0xe6 /opt/intelFPGA/21.1/nios2eds/bin/gnu/H-x86_64-pc-linux-gnu/bin/../lib/gcc/nios2-elf/10.3.1/../../../../../H-x86_64-pc-linux-gnu/nios2-elf/lib/mno-hw-mul/libsmallc.a(lib_a-exit.o)
 .debug_info    0x00000000000049ba      0x6e0 /opt/intelFPGA/21.1/nios2eds/bin/gnu/H-x86_64-pc-linux-gnu/bin/../lib/gcc/nios2-elf/10.3.1/../../../../../H-x86_64-pc-linux-gnu/nios2-elf/lib/mno-hw-mul/libsmallc.a(lib_a-__call_atexit.o)
 .debug_info    0x000000000000509a       0xe1 ../software//libhal_bsp.a(alt_exit.o)

.debug_abbrev   0x0000000000000000     0x228d
 *(.debug_abbrev)
 .debug_abbrev  0x0000000000000000       0x12 ../software//obj/HAL/src/crt0.o
 .debug_abbrev  0x0000000000000012      0x18a obj/default/main.o
 .debug_abbrev  0x000000000000019c      0x193 obj/default/snake.o
 .debug_abbrev  0x000000000000032f       0xba obj/default/types.o
 .debug_abbrev  0x00000000000003e9       0x7d /opt/intelFPGA/21.1/nios2eds/bin/gnu/H-x86_64-pc-linux-gnu/bin/../lib/gcc/nios2-elf/10.3.1/mno-hw-mul/libgcc.a(lib2-mul.o)
 .debug_abbrev  0x0000000000000466       0xbe /opt/intelFPGA/21.1/nios2eds/bin/gnu/H-x86_64-pc-linux-gnu/bin/../lib/gcc/nios2-elf/10.3.1/../../../../../H-x86_64-pc-linux-gnu/nios2-elf/lib/mno-hw-mul/libsmallc.a(lib_a-memcpy.o)
 .debug_abbrev  0x0000000000000524       0x99 /opt/intelFPGA/21.1/nios2eds/bin/gnu/H-x86_64-pc-linux-gnu/bin/../lib/gcc/nios2-elf/10.3.1/../../../../../H-x86_64-pc-linux-gnu/nios2-elf/lib/mno-hw-mul/libsmallc.a(lib_a-memmove.o)
 .debug_abbrev  0x00000000000005bd       0x9e /opt/intelFPGA/21.1/nios2eds/bin/gnu/H-x86_64-pc-linux-gnu/bin/../lib/gcc/nios2-elf/10.3.1/../../../../../H-x86_64-pc-linux-gnu/nios2-elf/lib/mno-hw-mul/libsmallc.a(lib_a-memset.o)
 .debug_abbrev  0x000000000000065b      0x20b /opt/intelFPGA/21.1/nios2eds/bin/gnu/H-x86_64-pc-linux-gnu/bin/../lib/gcc/nios2-elf/10.3.1/../../../../../H-x86_64-pc-linux-gnu/nios2-elf/lib/mno-hw-mul/libsmallc.a(lib_a-puts.o)
 .debug_abbrev  0x0000000000000866      0x1e7 /opt/intelFPGA/21.1/nios2eds/bin/gnu/H-x86_64-pc-linux-gnu/bin/../lib/gcc/nios2-elf/10.3.1/../../../../../H-x86_64-pc-linux-gnu/nios2-elf/lib/mno-hw-mul/libsmallc.a(lib_a-rand.o)
 .debug_abbrev  0x0000000000000a4d       0x8d /opt/intelFPGA/21.1/nios2eds/bin/gnu/H-x86_64-pc-linux-gnu/bin/../lib/gcc/nios2-elf/10.3.1/../../../../../H-x86_64-pc-linux-gnu/nios2-elf/lib/mno-hw-mul/libsmallc.a(lib_a-strlen.o)
 .debug_abbrev  0x0000000000000ada      0x1ed /opt/intelFPGA/21.1/nios2eds/bin/gnu/H-x86_64-pc-linux-gnu/bin/../lib/gcc/nios2-elf/10.3.1/../../../../../H-x86_64-pc-linux-gnu/nios2-elf/lib/mno-hw-mul/libsmallc.a(lib_a-fvwrite_small_dev.o)
 .debug_abbrev  0x0000000000000cc7      0x17a /opt/intelFPGA/21.1/nios2eds/bin/gnu/H-x86_64-pc-linux-gnu/bin/../lib/gcc/nios2-elf/10.3.1/../../../../../H-x86_64-pc-linux-gnu/nios2-elf/lib/mno-hw-mul/libsmallc.a(lib_a-impure.o)
 .debug_abbrev  0x0000000000000e41      0x1d9 /opt/intelFPGA/21.1/nios2eds/bin/gnu/H-x86_64-pc-linux-gnu/bin/../lib/gcc/nios2-elf/10.3.1/../../../../../H-x86_64-pc-linux-gnu/nios2-elf/lib/mno-hw-mul/libsmallc.a(lib_a-writer.o)
 .debug_abbrev  0x000000000000101a       0x39 /opt/intelFPGA/21.1/nios2eds/bin/gnu/H-x86_64-pc-linux-gnu/bin/../lib/gcc/nios2-elf/10.3.1/../../../../../H-x86_64-pc-linux-gnu/nios2-elf/lib/mno-hw-mul/libsmallc.a(lib_a-int_errno.o)
 .debug_abbrev  0x0000000000001053      0x11d /opt/intelFPGA/21.1/nios2eds/bin/gnu/H-x86_64-pc-linux-gnu/bin/../lib/gcc/nios2-elf/10.3.1/mno-hw-mul/libgcc.a(_muldi3.o)
 .debug_abbrev  0x0000000000001170       0xab ../software//libhal_bsp.a(alt_load.o)
 .debug_abbrev  0x000000000000121b       0x86 ../software//libhal_bsp.a(alt_main.o)
 .debug_abbrev  0x00000000000012a1       0xe9 ../software//libhal_bsp.a(alt_write.o)
 .debug_abbrev  0x000000000000138a       0xe5 ../software//libhal_bsp.a(alt_sys_init.o)
 .debug_abbrev  0x000000000000146f       0xcd ../software//libhal_bsp.a(altera_avalon_jtag_uart_write.o)
 .debug_abbrev  0x000000000000153c      0x14b ../software//libhal_bsp.a(altera_avalon_timer_sc.o)
 .debug_abbrev  0x0000000000001687       0x98 ../software//libhal_bsp.a(alt_close.o)
 .debug_abbrev  0x000000000000171f       0x44 ../software//libhal_bsp.a(alt_dcache_flush_all.o)
 .debug_abbrev  0x0000000000001763       0x5a ../software//libhal_bsp.a(alt_errno.o)
 .debug_abbrev  0x00000000000017bd       0x44 ../software//libhal_bsp.a(alt_icache_flush_all.o)
 .debug_abbrev  0x0000000000001801      0x189 ../software//libhal_bsp.a(alt_iic.o)
 .debug_abbrev  0x000000000000198a      0x17c ../software//libhal_bsp.a(alt_iic_isr_register.o)
 .debug_abbrev  0x0000000000001b06       0x12 ../software//libhal_bsp.a(alt_irq_entry.o)
 .debug_abbrev  0x0000000000001b18      0x12d ../software//libhal_bsp.a(alt_irq_handler.o)
 .debug_abbrev  0x0000000000001c45       0x44 ../software//libhal_bsp.a(alt_irq_vars.o)
 .debug_abbrev  0x0000000000001c89      0x17a ../software//libhal_bsp.a(alt_tick.o)
 .debug_abbrev  0x0000000000001e03       0x44 ../software//libhal_bsp.a(altera_nios2_gen2_irq.o)
 .debug_abbrev  0x0000000000001e47       0x12 ../software//libhal_bsp.a(alt_exception_entry.o)
 .debug_abbrev  0x0000000000001e59       0xea ../software//libhal_bsp.a(alt_instruction_exception_entry.o)
 .debug_abbrev  0x0000000000001f43       0x94 /opt/intelFPGA/21.1/nios2eds/bin/gnu/H-x86_64-pc-linux-gnu/bin/../lib/gcc/nios2-elf/10.3.1/../../../../../H-x86_64-pc-linux-gnu/nios2-elf/lib/mno-hw-mul/libsmallc.a(lib_a-exit.o)
 .debug_abbrev  0x0000000000001fd7      0x20a /opt/intelFPGA/21.1/nios2eds/bin/gnu/H-x86_64-pc-linux-gnu/bin/../lib/gcc/nios2-elf/10.3.1/../../../../../H-x86_64-pc-linux-gnu/nios2-elf/lib/mno-hw-mul/libsmallc.a(lib_a-__call_atexit.o)
 .debug_abbrev  0x00000000000021e1       0xac ../software//libhal_bsp.a(alt_exit.o)

.debug_line     0x0000000000000000     0x2c16
 *(.debug_line)
 .debug_line    0x0000000000000000       0x66 ../software//obj/HAL/src/crt0.o
 .debug_line    0x0000000000000066      0x1a6 obj/default/main.o
 .debug_line    0x000000000000020c      0x3a9 obj/default/snake.o
 .debug_line    0x00000000000005b5      0x16e obj/default/types.o
 .debug_line    0x0000000000000723       0xb7 /opt/intelFPGA/21.1/nios2eds/bin/gnu/H-x86_64-pc-linux-gnu/bin/../lib/gcc/nios2-elf/10.3.1/mno-hw-mul/libgcc.a(lib2-mul.o)
 .debug_line    0x00000000000007da      0x18d /opt/intelFPGA/21.1/nios2eds/bin/gnu/H-x86_64-pc-linux-gnu/bin/../lib/gcc/nios2-elf/10.3.1/../../../../../H-x86_64-pc-linux-gnu/nios2-elf/lib/mno-hw-mul/libsmallc.a(lib_a-memcpy.o)
 .debug_line    0x0000000000000967      0x1af /opt/intelFPGA/21.1/nios2eds/bin/gnu/H-x86_64-pc-linux-gnu/bin/../lib/gcc/nios2-elf/10.3.1/../../../../../H-x86_64-pc-linux-gnu/nios2-elf/lib/mno-hw-mul/libsmallc.a(lib_a-memmove.o)
 .debug_line    0x0000000000000b16      0x188 /opt/intelFPGA/21.1/nios2eds/bin/gnu/H-x86_64-pc-linux-gnu/bin/../lib/gcc/nios2-elf/10.3.1/../../../../../H-x86_64-pc-linux-gnu/nios2-elf/lib/mno-hw-mul/libsmallc.a(lib_a-memset.o)
 .debug_line    0x0000000000000c9e      0x240 /opt/intelFPGA/21.1/nios2eds/bin/gnu/H-x86_64-pc-linux-gnu/bin/../lib/gcc/nios2-elf/10.3.1/../../../../../H-x86_64-pc-linux-gnu/nios2-elf/lib/mno-hw-mul/libsmallc.a(lib_a-puts.o)
 .debug_line    0x0000000000000ede      0x22e /opt/intelFPGA/21.1/nios2eds/bin/gnu/H-x86_64-pc-linux-gnu/bin/../lib/gcc/nios2-elf/10.3.1/../../../../../H-x86_64-pc-linux-gnu/nios2-elf/lib/mno-hw-mul/libsmallc.a(lib_a-rand.o)
 .debug_line    0x000000000000110c      0x17d /opt/intelFPGA/21.1/nios2eds/bin/gnu/H-x86_64-pc-linux-gnu/bin/../lib/gcc/nios2-elf/10.3.1/../../../../../H-x86_64-pc-linux-gnu/nios2-elf/lib/mno-hw-mul/libsmallc.a(lib_a-strlen.o)
 .debug_line    0x0000000000001289      0x253 /opt/intelFPGA/21.1/nios2eds/bin/gnu/H-x86_64-pc-linux-gnu/bin/../lib/gcc/nios2-elf/10.3.1/../../../../../H-x86_64-pc-linux-gnu/nios2-elf/lib/mno-hw-mul/libsmallc.a(lib_a-fvwrite_small_dev.o)
 .debug_line    0x00000000000014dc      0x15d /opt/intelFPGA/21.1/nios2eds/bin/gnu/H-x86_64-pc-linux-gnu/bin/../lib/gcc/nios2-elf/10.3.1/../../../../../H-x86_64-pc-linux-gnu/nios2-elf/lib/mno-hw-mul/libsmallc.a(lib_a-impure.o)
 .debug_line    0x0000000000001639      0x226 /opt/intelFPGA/21.1/nios2eds/bin/gnu/H-x86_64-pc-linux-gnu/bin/../lib/gcc/nios2-elf/10.3.1/../../../../../H-x86_64-pc-linux-gnu/nios2-elf/lib/mno-hw-mul/libsmallc.a(lib_a-writer.o)
 .debug_line    0x000000000000185f       0x61 /opt/intelFPGA/21.1/nios2eds/bin/gnu/H-x86_64-pc-linux-gnu/bin/../lib/gcc/nios2-elf/10.3.1/../../../../../H-x86_64-pc-linux-gnu/nios2-elf/lib/mno-hw-mul/libsmallc.a(lib_a-int_errno.o)
 .debug_line    0x00000000000018c0      0x135 /opt/intelFPGA/21.1/nios2eds/bin/gnu/H-x86_64-pc-linux-gnu/bin/../lib/gcc/nios2-elf/10.3.1/mno-hw-mul/libgcc.a(_muldi3.o)
 .debug_line    0x00000000000019f5       0xa6 ../software//libhal_bsp.a(alt_load.o)
 .debug_line    0x0000000000001a9b       0x77 ../software//libhal_bsp.a(alt_main.o)
 .debug_line    0x0000000000001b12      0x169 ../software//libhal_bsp.a(alt_write.o)
 .debug_line    0x0000000000001c7b       0xa3 ../software//libhal_bsp.a(alt_sys_init.o)
 .debug_line    0x0000000000001d1e       0xc6 ../software//libhal_bsp.a(altera_avalon_jtag_uart_write.o)
 .debug_line    0x0000000000001de4       0xfd ../software//libhal_bsp.a(altera_avalon_timer_sc.o)
 .debug_line    0x0000000000001ee1       0xf6 ../software//libhal_bsp.a(alt_close.o)
 .debug_line    0x0000000000001fd7       0x53 ../software//libhal_bsp.a(alt_dcache_flush_all.o)
 .debug_line    0x000000000000202a       0x51 ../software//libhal_bsp.a(alt_errno.o)
 .debug_line    0x000000000000207b       0x51 ../software//libhal_bsp.a(alt_icache_flush_all.o)
 .debug_line    0x00000000000020cc      0x123 ../software//libhal_bsp.a(alt_iic.o)
 .debug_line    0x00000000000021ef       0xfc ../software//libhal_bsp.a(alt_iic_isr_register.o)
 .debug_line    0x00000000000022eb       0x6b ../software//libhal_bsp.a(alt_irq_entry.o)
 .debug_line    0x0000000000002356       0xd4 ../software//libhal_bsp.a(alt_irq_handler.o)
 .debug_line    0x000000000000242a       0x50 ../software//libhal_bsp.a(alt_irq_vars.o)
 .debug_line    0x000000000000247a      0x133 ../software//libhal_bsp.a(alt_tick.o)
 .debug_line    0x00000000000025ad       0x57 ../software//libhal_bsp.a(altera_nios2_gen2_irq.o)
 .debug_line    0x0000000000002604       0xb3 ../software//libhal_bsp.a(alt_exception_entry.o)
 .debug_line    0x00000000000026b7       0xd4 ../software//libhal_bsp.a(alt_instruction_exception_entry.o)
 .debug_line    0x000000000000278b      0x175 /opt/intelFPGA/21.1/nios2eds/bin/gnu/H-x86_64-pc-linux-gnu/bin/../lib/gcc/nios2-elf/10.3.1/../../../../../H-x86_64-pc-linux-gnu/nios2-elf/lib/mno-hw-mul/libsmallc.a(lib_a-exit.o)
 .debug_line    0x0000000000002900      0x291 /opt/intelFPGA/21.1/nios2eds/bin/gnu/H-x86_64-pc-linux-gnu/bin/../lib/gcc/nios2-elf/10.3.1/../../../../../H-x86_64-pc-linux-gnu/nios2-elf/lib/mno-hw-mul/libsmallc.a(lib_a-__call_atexit.o)
 .debug_line    0x0000000000002b91       0x85 ../software//libhal_bsp.a(alt_exit.o)

.debug_frame    0x0000000000000000      0x97c
 *(.debug_frame)
 .debug_frame   0x0000000000000000       0xf4 obj/default/main.o
 .debug_frame   0x00000000000000f4       0xfc obj/default/snake.o
 .debug_frame   0x00000000000001f0       0x58 obj/default/types.o
 .debug_frame   0x0000000000000248       0x20 /opt/intelFPGA/21.1/nios2eds/bin/gnu/H-x86_64-pc-linux-gnu/bin/../lib/gcc/nios2-elf/10.3.1/mno-hw-mul/libgcc.a(lib2-mul.o)
 .debug_frame   0x0000000000000268       0x20 /opt/intelFPGA/21.1/nios2eds/bin/gnu/H-x86_64-pc-linux-gnu/bin/../lib/gcc/nios2-elf/10.3.1/../../../../../H-x86_64-pc-linux-gnu/nios2-elf/lib/mno-hw-mul/libsmallc.a(lib_a-memcpy.o)
 .debug_frame   0x0000000000000288       0x20 /opt/intelFPGA/21.1/nios2eds/bin/gnu/H-x86_64-pc-linux-gnu/bin/../lib/gcc/nios2-elf/10.3.1/../../../../../H-x86_64-pc-linux-gnu/nios2-elf/lib/mno-hw-mul/libsmallc.a(lib_a-memmove.o)
 .debug_frame   0x00000000000002a8       0x20 /opt/intelFPGA/21.1/nios2eds/bin/gnu/H-x86_64-pc-linux-gnu/bin/../lib/gcc/nios2-elf/10.3.1/../../../../../H-x86_64-pc-linux-gnu/nios2-elf/lib/mno-hw-mul/libsmallc.a(lib_a-memset.o)
 .debug_frame   0x00000000000002c8       0x48 /opt/intelFPGA/21.1/nios2eds/bin/gnu/H-x86_64-pc-linux-gnu/bin/../lib/gcc/nios2-elf/10.3.1/../../../../../H-x86_64-pc-linux-gnu/nios2-elf/lib/mno-hw-mul/libsmallc.a(lib_a-puts.o)
 .debug_frame   0x0000000000000310       0x3c /opt/intelFPGA/21.1/nios2eds/bin/gnu/H-x86_64-pc-linux-gnu/bin/../lib/gcc/nios2-elf/10.3.1/../../../../../H-x86_64-pc-linux-gnu/nios2-elf/lib/mno-hw-mul/libsmallc.a(lib_a-rand.o)
 .debug_frame   0x000000000000034c       0x20 /opt/intelFPGA/21.1/nios2eds/bin/gnu/H-x86_64-pc-linux-gnu/bin/../lib/gcc/nios2-elf/10.3.1/../../../../../H-x86_64-pc-linux-gnu/nios2-elf/lib/mno-hw-mul/libsmallc.a(lib_a-strlen.o)
 .debug_frame   0x000000000000036c       0x3c /opt/intelFPGA/21.1/nios2eds/bin/gnu/H-x86_64-pc-linux-gnu/bin/../lib/gcc/nios2-elf/10.3.1/../../../../../H-x86_64-pc-linux-gnu/nios2-elf/lib/mno-hw-mul/libsmallc.a(lib_a-fvwrite_small_dev.o)
 .debug_frame   0x00000000000003a8       0x30 /opt/intelFPGA/21.1/nios2eds/bin/gnu/H-x86_64-pc-linux-gnu/bin/../lib/gcc/nios2-elf/10.3.1/../../../../../H-x86_64-pc-linux-gnu/nios2-elf/lib/mno-hw-mul/libsmallc.a(lib_a-writer.o)
 .debug_frame   0x00000000000003d8       0x50 /opt/intelFPGA/21.1/nios2eds/bin/gnu/H-x86_64-pc-linux-gnu/bin/../lib/gcc/nios2-elf/10.3.1/mno-hw-mul/libgcc.a(_muldi3.o)
 .debug_frame   0x0000000000000428       0x5c ../software//libhal_bsp.a(alt_load.o)
 .debug_frame   0x0000000000000484       0x2c ../software//libhal_bsp.a(alt_main.o)
 .debug_frame   0x00000000000004b0       0x60 ../software//libhal_bsp.a(alt_write.o)
 .debug_frame   0x0000000000000510       0x60 ../software//libhal_bsp.a(alt_sys_init.o)
 .debug_frame   0x0000000000000570       0x34 ../software//libhal_bsp.a(altera_avalon_jtag_uart_write.o)
 .debug_frame   0x00000000000005a4       0x60 ../software//libhal_bsp.a(altera_avalon_timer_sc.o)
 .debug_frame   0x0000000000000604       0x60 ../software//libhal_bsp.a(alt_close.o)
 .debug_frame   0x0000000000000664       0x34 ../software//libhal_bsp.a(alt_dcache_flush_all.o)
 .debug_frame   0x0000000000000698       0x34 ../software//libhal_bsp.a(alt_icache_flush_all.o)
 .debug_frame   0x00000000000006cc       0xa4 ../software//libhal_bsp.a(alt_iic.o)
 .debug_frame   0x0000000000000770       0x38 ../software//libhal_bsp.a(alt_iic_isr_register.o)
 .debug_frame   0x00000000000007a8       0x38 ../software//libhal_bsp.a(alt_irq_handler.o)
 .debug_frame   0x00000000000007e0       0x64 ../software//libhal_bsp.a(alt_tick.o)
 .debug_frame   0x0000000000000844       0x34 ../software//libhal_bsp.a(altera_nios2_gen2_irq.o)
 .debug_frame   0x0000000000000878       0x5c ../software//libhal_bsp.a(alt_instruction_exception_entry.o)
 .debug_frame   0x00000000000008d4       0x28 /opt/intelFPGA/21.1/nios2eds/bin/gnu/H-x86_64-pc-linux-gnu/bin/../lib/gcc/nios2-elf/10.3.1/../../../../../H-x86_64-pc-linux-gnu/nios2-elf/lib/mno-hw-mul/libsmallc.a(lib_a-exit.o)
 .debug_frame   0x00000000000008fc       0x54 /opt/intelFPGA/21.1/nios2eds/bin/gnu/H-x86_64-pc-linux-gnu/bin/../lib/gcc/nios2-elf/10.3.1/../../../../../H-x86_64-pc-linux-gnu/nios2-elf/lib/mno-hw-mul/libsmallc.a(lib_a-__call_atexit.o)
 .debug_frame   0x0000000000000950       0x2c ../software//libhal_bsp.a(alt_exit.o)

.debug_str      0x0000000000000000     0x1a34
 *(.debug_str)
 .debug_str     0x0000000000000000       0x6e ../software//obj/HAL/src/crt0.o
 .debug_str     0x000000000000006e      0x269 obj/default/main.o
                                        0x2d9 (size before relaxing)
 .debug_str     0x00000000000002d7      0x11b obj/default/snake.o
                                        0x3ba (size before relaxing)
 .debug_str     0x00000000000003f2       0x22 obj/default/types.o
                                        0x184 (size before relaxing)
 .debug_str     0x0000000000000414      0x157 /opt/intelFPGA/21.1/nios2eds/bin/gnu/H-x86_64-pc-linux-gnu/bin/../lib/gcc/nios2-elf/10.3.1/mno-hw-mul/libgcc.a(lib2-mul.o)
                                        0x1a2 (size before relaxing)
 .debug_str     0x000000000000056b      0x14f /opt/intelFPGA/21.1/nios2eds/bin/gnu/H-x86_64-pc-linux-gnu/bin/../lib/gcc/nios2-elf/10.3.1/../../../../../H-x86_64-pc-linux-gnu/nios2-elf/lib/mno-hw-mul/libsmallc.a(lib_a-memcpy.o)
                                        0x1eb (size before relaxing)
 .debug_str     0x00000000000006ba       0x5a /opt/intelFPGA/21.1/nios2eds/bin/gnu/H-x86_64-pc-linux-gnu/bin/../lib/gcc/nios2-elf/10.3.1/../../../../../H-x86_64-pc-linux-gnu/nios2-elf/lib/mno-hw-mul/libsmallc.a(lib_a-memmove.o)
                                        0x1f2 (size before relaxing)
 .debug_str     0x0000000000000714       0x46 /opt/intelFPGA/21.1/nios2eds/bin/gnu/H-x86_64-pc-linux-gnu/bin/../lib/gcc/nios2-elf/10.3.1/../../../../../H-x86_64-pc-linux-gnu/nios2-elf/lib/mno-hw-mul/libsmallc.a(lib_a-memset.o)
                                        0x1d7 (size before relaxing)
 .debug_str     0x000000000000075a      0x3b0 /opt/intelFPGA/21.1/nios2eds/bin/gnu/H-x86_64-pc-linux-gnu/bin/../lib/gcc/nios2-elf/10.3.1/../../../../../H-x86_64-pc-linux-gnu/nios2-elf/lib/mno-hw-mul/libsmallc.a(lib_a-puts.o)
                                        0x4d8 (size before relaxing)
 .debug_str     0x0000000000000b0a       0xed /opt/intelFPGA/21.1/nios2eds/bin/gnu/H-x86_64-pc-linux-gnu/bin/../lib/gcc/nios2-elf/10.3.1/../../../../../H-x86_64-pc-linux-gnu/nios2-elf/lib/mno-hw-mul/libsmallc.a(lib_a-rand.o)
                                        0x4d3 (size before relaxing)
 .debug_str     0x0000000000000bf7       0x3f /opt/intelFPGA/21.1/nios2eds/bin/gnu/H-x86_64-pc-linux-gnu/bin/../lib/gcc/nios2-elf/10.3.1/../../../../../H-x86_64-pc-linux-gnu/nios2-elf/lib/mno-hw-mul/libsmallc.a(lib_a-strlen.o)
                                        0x1dd (size before relaxing)
 .debug_str     0x0000000000000c36       0x65 /opt/intelFPGA/21.1/nios2eds/bin/gnu/H-x86_64-pc-linux-gnu/bin/../lib/gcc/nios2-elf/10.3.1/../../../../../H-x86_64-pc-linux-gnu/nios2-elf/lib/mno-hw-mul/libsmallc.a(lib_a-fvwrite_small_dev.o)
                                        0x4df (size before relaxing)
 .debug_str     0x0000000000000c9b       0xf3 /opt/intelFPGA/21.1/nios2eds/bin/gnu/H-x86_64-pc-linux-gnu/bin/../lib/gcc/nios2-elf/10.3.1/../../../../../H-x86_64-pc-linux-gnu/nios2-elf/lib/mno-hw-mul/libsmallc.a(lib_a-impure.o)
                                        0x4c9 (size before relaxing)
 .debug_str     0x0000000000000d8e       0x47 /opt/intelFPGA/21.1/nios2eds/bin/gnu/H-x86_64-pc-linux-gnu/bin/../lib/gcc/nios2-elf/10.3.1/../../../../../H-x86_64-pc-linux-gnu/nios2-elf/lib/mno-hw-mul/libsmallc.a(lib_a-writer.o)
                                        0x4c3 (size before relaxing)
 .debug_str     0x0000000000000dd5       0x41 /opt/intelFPGA/21.1/nios2eds/bin/gnu/H-x86_64-pc-linux-gnu/bin/../lib/gcc/nios2-elf/10.3.1/../../../../../H-x86_64-pc-linux-gnu/nios2-elf/lib/mno-hw-mul/libsmallc.a(lib_a-int_errno.o)
                                        0x1d0 (size before relaxing)
 .debug_str     0x0000000000000e16       0x8e /opt/intelFPGA/21.1/nios2eds/bin/gnu/H-x86_64-pc-linux-gnu/bin/../lib/gcc/nios2-elf/10.3.1/mno-hw-mul/libgcc.a(_muldi3.o)
                                        0x242 (size before relaxing)
 .debug_str     0x0000000000000ea4       0xf1 ../software//libhal_bsp.a(alt_load.o)
                                        0x229 (size before relaxing)
 .debug_str     0x0000000000000f95       0x44 ../software//libhal_bsp.a(alt_main.o)
                                        0x183 (size before relaxing)
 .debug_str     0x0000000000000fd9       0x6f ../software//libhal_bsp.a(alt_write.o)
                                        0x1bf (size before relaxing)
 .debug_str     0x0000000000001048       0x6a ../software//libhal_bsp.a(alt_sys_init.o)
                                        0x1c7 (size before relaxing)
 .debug_str     0x00000000000010b2       0x2c ../software//libhal_bsp.a(altera_avalon_jtag_uart_write.o)
                                        0x1d8 (size before relaxing)
 .debug_str     0x00000000000010de       0xca ../software//libhal_bsp.a(altera_avalon_timer_sc.o)
                                        0x225 (size before relaxing)
 .debug_str     0x00000000000011a8       0x21 ../software//libhal_bsp.a(alt_close.o)
                                        0x177 (size before relaxing)
 .debug_str     0x00000000000011c9       0x34 ../software//libhal_bsp.a(alt_dcache_flush_all.o)
                                        0x16c (size before relaxing)
 .debug_str     0x00000000000011fd       0x14 ../software//libhal_bsp.a(alt_errno.o)
                                        0x156 (size before relaxing)
 .debug_str     0x0000000000001211       0x34 ../software//libhal_bsp.a(alt_icache_flush_all.o)
                                        0x16c (size before relaxing)
 .debug_str     0x0000000000001245       0xb2 ../software//libhal_bsp.a(alt_iic.o)
                                        0x243 (size before relaxing)
 .debug_str     0x00000000000012f7       0x4c ../software//libhal_bsp.a(alt_iic_isr_register.o)
                                        0x1ff (size before relaxing)
 .debug_str     0x0000000000001343       0x18 ../software//libhal_bsp.a(alt_irq_entry.o)
                                         0x77 (size before relaxing)
 .debug_str     0x000000000000135b       0x3a ../software//libhal_bsp.a(alt_irq_handler.o)
                                        0x1ae (size before relaxing)
 .debug_str     0x0000000000001395       0x29 ../software//libhal_bsp.a(alt_irq_vars.o)
                                        0x15a (size before relaxing)
 .debug_str     0x00000000000013be       0xa7 ../software//libhal_bsp.a(alt_tick.o)
                                        0x261 (size before relaxing)
 .debug_str     0x0000000000001465       0x3b ../software//libhal_bsp.a(altera_nios2_gen2_irq.o)
                                        0x173 (size before relaxing)
 .debug_str     0x00000000000014a0       0x1e ../software//libhal_bsp.a(alt_exception_entry.o)
                                         0x7d (size before relaxing)
 .debug_str     0x00000000000014be      0x48b ../software//libhal_bsp.a(alt_instruction_exception_entry.o)
                                        0x5c0 (size before relaxing)
 .debug_str     0x0000000000001949       0x54 /opt/intelFPGA/21.1/nios2eds/bin/gnu/H-x86_64-pc-linux-gnu/bin/../lib/gcc/nios2-elf/10.3.1/../../../../../H-x86_64-pc-linux-gnu/nios2-elf/lib/mno-hw-mul/libsmallc.a(lib_a-exit.o)
                                        0x1e8 (size before relaxing)
 .debug_str     0x000000000000199d       0x6d /opt/intelFPGA/21.1/nios2eds/bin/gnu/H-x86_64-pc-linux-gnu/bin/../lib/gcc/nios2-elf/10.3.1/../../../../../H-x86_64-pc-linux-gnu/nios2-elf/lib/mno-hw-mul/libsmallc.a(lib_a-__call_atexit.o)
                                        0x4fc (size before relaxing)
 .debug_str     0x0000000000001a0a       0x2a ../software//libhal_bsp.a(alt_exit.o)
                                        0x168 (size before relaxing)

.debug_loc      0x0000000000000000      0xb65
 *(.debug_loc)
 .debug_loc     0x0000000000000000       0xa7 /opt/intelFPGA/21.1/nios2eds/bin/gnu/H-x86_64-pc-linux-gnu/bin/../lib/gcc/nios2-elf/10.3.1/mno-hw-mul/libgcc.a(lib2-mul.o)
 .debug_loc     0x00000000000000a7      0x12a /opt/intelFPGA/21.1/nios2eds/bin/gnu/H-x86_64-pc-linux-gnu/bin/../lib/gcc/nios2-elf/10.3.1/../../../../../H-x86_64-pc-linux-gnu/nios2-elf/lib/mno-hw-mul/libsmallc.a(lib_a-memcpy.o)
 .debug_loc     0x00000000000001d1      0x263 /opt/intelFPGA/21.1/nios2eds/bin/gnu/H-x86_64-pc-linux-gnu/bin/../lib/gcc/nios2-elf/10.3.1/../../../../../H-x86_64-pc-linux-gnu/nios2-elf/lib/mno-hw-mul/libsmallc.a(lib_a-memmove.o)
 .debug_loc     0x0000000000000434       0xac /opt/intelFPGA/21.1/nios2eds/bin/gnu/H-x86_64-pc-linux-gnu/bin/../lib/gcc/nios2-elf/10.3.1/../../../../../H-x86_64-pc-linux-gnu/nios2-elf/lib/mno-hw-mul/libsmallc.a(lib_a-memset.o)
 .debug_loc     0x00000000000004e0       0xab /opt/intelFPGA/21.1/nios2eds/bin/gnu/H-x86_64-pc-linux-gnu/bin/../lib/gcc/nios2-elf/10.3.1/../../../../../H-x86_64-pc-linux-gnu/nios2-elf/lib/mno-hw-mul/libsmallc.a(lib_a-puts.o)
 .debug_loc     0x000000000000058b       0x44 /opt/intelFPGA/21.1/nios2eds/bin/gnu/H-x86_64-pc-linux-gnu/bin/../lib/gcc/nios2-elf/10.3.1/../../../../../H-x86_64-pc-linux-gnu/nios2-elf/lib/mno-hw-mul/libsmallc.a(lib_a-strlen.o)
 .debug_loc     0x00000000000005cf      0x123 /opt/intelFPGA/21.1/nios2eds/bin/gnu/H-x86_64-pc-linux-gnu/bin/../lib/gcc/nios2-elf/10.3.1/../../../../../H-x86_64-pc-linux-gnu/nios2-elf/lib/mno-hw-mul/libsmallc.a(lib_a-fvwrite_small_dev.o)
 .debug_loc     0x00000000000006f2       0xd0 /opt/intelFPGA/21.1/nios2eds/bin/gnu/H-x86_64-pc-linux-gnu/bin/../lib/gcc/nios2-elf/10.3.1/../../../../../H-x86_64-pc-linux-gnu/nios2-elf/lib/mno-hw-mul/libsmallc.a(lib_a-writer.o)
 .debug_loc     0x00000000000007c2      0x1eb /opt/intelFPGA/21.1/nios2eds/bin/gnu/H-x86_64-pc-linux-gnu/bin/../lib/gcc/nios2-elf/10.3.1/mno-hw-mul/libgcc.a(_muldi3.o)
 .debug_loc     0x00000000000009ad       0x22 /opt/intelFPGA/21.1/nios2eds/bin/gnu/H-x86_64-pc-linux-gnu/bin/../lib/gcc/nios2-elf/10.3.1/../../../../../H-x86_64-pc-linux-gnu/nios2-elf/lib/mno-hw-mul/libsmallc.a(lib_a-exit.o)
 .debug_loc     0x00000000000009cf      0x196 /opt/intelFPGA/21.1/nios2eds/bin/gnu/H-x86_64-pc-linux-gnu/bin/../lib/gcc/nios2-elf/10.3.1/../../../../../H-x86_64-pc-linux-gnu/nios2-elf/lib/mno-hw-mul/libsmallc.a(lib_a-__call_atexit.o)

.debug_macinfo
 *(.debug_macinfo)

.debug_weaknames
 *(.debug_weaknames)

.debug_funcnames
 *(.debug_funcnames)

.debug_typenames
 *(.debug_typenames)

.debug_varnames
 *(.debug_varnames)

.debug_alt_sim_info
                0x0000000000000000       0x10
 *(.debug_alt_sim_info)
 .debug_alt_sim_info
                0x0000000000000000       0x10 ../software//obj/HAL/src/crt0.o
                0x0000000000190000                __alt_data_end = 0x190000
                0x0000000000190000                PROVIDE (__alt_stack_pointer = __alt_data_end)
                [!provide]                        PROVIDE (__alt_stack_limit = __alt_stack_base)
                [!provide]                        PROVIDE (__alt_heap_start = end)
                [!provide]                        PROVIDE (__alt_heap_limit = 0x190000)
OUTPUT(NiosDisplay_App.elf elf32-littlenios2)
LOAD linker stubs

.debug_ranges   0x0000000000000000      0x1a8
 .debug_ranges  0x0000000000000000       0x20 ../software//obj/HAL/src/crt0.o
 .debug_ranges  0x0000000000000020       0x10 /opt/intelFPGA/21.1/nios2eds/bin/gnu/H-x86_64-pc-linux-gnu/bin/../lib/gcc/nios2-elf/10.3.1/../../../../../H-x86_64-pc-linux-gnu/nios2-elf/lib/mno-hw-mul/libsmallc.a(lib_a-memcpy.o)
 .debug_ranges  0x0000000000000030       0x10 /opt/intelFPGA/21.1/nios2eds/bin/gnu/H-x86_64-pc-linux-gnu/bin/../lib/gcc/nios2-elf/10.3.1/../../../../../H-x86_64-pc-linux-gnu/nios2-elf/lib/mno-hw-mul/libsmallc.a(lib_a-memmove.o)
 .debug_ranges  0x0000000000000040       0x10 /opt/intelFPGA/21.1/nios2eds/bin/gnu/H-x86_64-pc-linux-gnu/bin/../lib/gcc/nios2-elf/10.3.1/../../../../../H-x86_64-pc-linux-gnu/nios2-elf/lib/mno-hw-mul/libsmallc.a(lib_a-memset.o)
 .debug_ranges  0x0000000000000050       0x18 /opt/intelFPGA/21.1/nios2eds/bin/gnu/H-x86_64-pc-linux-gnu/bin/../lib/gcc/nios2-elf/10.3.1/../../../../../H-x86_64-pc-linux-gnu/nios2-elf/lib/mno-hw-mul/libsmallc.a(lib_a-puts.o)
 .debug_ranges  0x0000000000000068       0x18 /opt/intelFPGA/21.1/nios2eds/bin/gnu/H-x86_64-pc-linux-gnu/bin/../lib/gcc/nios2-elf/10.3.1/../../../../../H-x86_64-pc-linux-gnu/nios2-elf/lib/mno-hw-mul/libsmallc.a(lib_a-rand.o)
 .debug_ranges  0x0000000000000080       0x10 /opt/intelFPGA/21.1/nios2eds/bin/gnu/H-x86_64-pc-linux-gnu/bin/../lib/gcc/nios2-elf/10.3.1/../../../../../H-x86_64-pc-linux-gnu/nios2-elf/lib/mno-hw-mul/libsmallc.a(lib_a-strlen.o)
 .debug_ranges  0x0000000000000090       0x10 /opt/intelFPGA/21.1/nios2eds/bin/gnu/H-x86_64-pc-linux-gnu/bin/../lib/gcc/nios2-elf/10.3.1/../../../../../H-x86_64-pc-linux-gnu/nios2-elf/lib/mno-hw-mul/libsmallc.a(lib_a-fvwrite_small_dev.o)
 .debug_ranges  0x00000000000000a0       0x10 /opt/intelFPGA/21.1/nios2eds/bin/gnu/H-x86_64-pc-linux-gnu/bin/../lib/gcc/nios2-elf/10.3.1/../../../../../H-x86_64-pc-linux-gnu/nios2-elf/lib/mno-hw-mul/libsmallc.a(lib_a-writer.o)
 .debug_ranges  0x00000000000000b0       0x40 /opt/intelFPGA/21.1/nios2eds/bin/gnu/H-x86_64-pc-linux-gnu/bin/../lib/gcc/nios2-elf/10.3.1/mno-hw-mul/libgcc.a(_muldi3.o)
 .debug_ranges  0x00000000000000f0       0x28 ../software//libhal_bsp.a(alt_irq_entry.o)
 .debug_ranges  0x0000000000000118       0x10 ../software//libhal_bsp.a(alt_irq_handler.o)
 .debug_ranges  0x0000000000000128       0x30 ../software//libhal_bsp.a(alt_exception_entry.o)
 .debug_ranges  0x0000000000000158       0x18 ../software//libhal_bsp.a(alt_instruction_exception_entry.o)
 .debug_ranges  0x0000000000000170       0x10 /opt/intelFPGA/21.1/nios2eds/bin/gnu/H-x86_64-pc-linux-gnu/bin/../lib/gcc/nios2-elf/10.3.1/../../../../../H-x86_64-pc-linux-gnu/nios2-elf/lib/mno-hw-mul/libsmallc.a(lib_a-exit.o)
 .debug_ranges  0x0000000000000180       0x28 /opt/intelFPGA/21.1/nios2eds/bin/gnu/H-x86_64-pc-linux-gnu/bin/../lib/gcc/nios2-elf/10.3.1/../../../../../H-x86_64-pc-linux-gnu/nios2-elf/lib/mno-hw-mul/libsmallc.a(lib_a-__call_atexit.o)
